Archive member included because of file (symbol)

C:/ProgramData/MATLAB/SupportPackages/R2016b/3P.instrset/arduinoide.instrset/arduinosam-1.6.7/packages/arduino/hardware/sam/1.6.7/variants/arduino_due_x/libsam_sam3x8e_gcc_rel.a(startup_sam3xa.o)
                              (Reset_Handler)
C:/ProgramData/MATLAB/SupportPackages/R2016b/3P.instrset/arduinoide.instrset/arduinosam-1.6.7/packages/arduino/hardware/sam/1.6.7/variants/arduino_due_x/libsam_sam3x8e_gcc_rel.a(uotghs.o)
                              C:/ProgramData/MATLAB/SupportPackages/R2016b/3P.instrset/arduinoide.instrset/arduinosam-1.6.7/packages/arduino/hardware/sam/1.6.7/variants/arduino_due_x/libsam_sam3x8e_gcc_rel.a(startup_sam3xa.o) (UOTGHS_Handler)
C:/ProgramData/MATLAB/SupportPackages/R2016b/3P.instrset/arduinoide.instrset/arduinosam-1.6.7/packages/arduino/hardware/sam/1.6.7/variants/arduino_due_x/libsam_sam3x8e_gcc_rel.a(pio.o)
                              wiring_digital.o (PIO_PullUp)
C:/ProgramData/MATLAB/SupportPackages/R2016b/3P.instrset/arduinoide.instrset/arduinosam-1.6.7/packages/arduino/hardware/sam/1.6.7/variants/arduino_due_x/libsam_sam3x8e_gcc_rel.a(pmc.o)
                              WInterrupts.o (pmc_enable_periph_clk)
C:/ProgramData/MATLAB/SupportPackages/R2016b/3P.instrset/arduinoide.instrset/arduinosam-1.6.7/packages/arduino/hardware/sam/1.6.7/variants/arduino_due_x/libsam_sam3x8e_gcc_rel.a(pwmc.o)
                              wiring_analog.o (PWMC_ConfigureChannel)
C:/ProgramData/MATLAB/SupportPackages/R2016b/3P.instrset/arduinoide.instrset/arduinosam-1.6.7/packages/arduino/hardware/sam/1.6.7/variants/arduino_due_x/libsam_sam3x8e_gcc_rel.a(tc.o)
                              wiring_analog.o (TC_Configure)
C:/ProgramData/MATLAB/SupportPackages/R2016b/3P.instrset/arduinoide.instrset/arduinosam-1.6.7/packages/arduino/hardware/sam/1.6.7/variants/arduino_due_x/libsam_sam3x8e_gcc_rel.a(timetick.o)
                              cortex_handlers.o (TimeTick_Increment)
C:/ProgramData/MATLAB/SupportPackages/R2016b/3P.instrset/arduinoide.instrset/arduinosam-1.6.7/packages/arduino/hardware/sam/1.6.7/variants/arduino_due_x/libsam_sam3x8e_gcc_rel.a(wdt.o)
                              watchdog.o (WDT_Enable)
C:/ProgramData/MATLAB/SupportPackages/R2016b/3P.instrset/arduinoide.instrset/arduinosam-1.6.7/packages/arduino/hardware/sam/1.6.7/variants/arduino_due_x/libsam_sam3x8e_gcc_rel.a(system_sam3xa.o)
                              variant.o (SystemInit)
C:/ProgramData/MATLAB/SupportPackages/R2016b/3P.instrset/arduinoide.instrset/arduinosam-1.6.7/packages/arduino/hardware/sam/1.6.7/variants/arduino_due_x/libsam_sam3x8e_gcc_rel.a(adc.o)
                              variant.o (adc_init)
C:/ProgramData/MATLAB/SupportPackages/R2016b/3P.instrset/arduinoide.instrset/arduinosam-1.6.7/packages/arduino/hardware/sam/1.6.7/variants/arduino_due_x/libsam_sam3x8e_gcc_rel.a(interrupt_sam_nvic.o)
                              USBCore.o (g_interrupt_enabled)
C:/ProgramData/MATLAB/SupportPackages/R2016b/3P.instrset/arduinoide.instrset/arduinosam-1.6.7/packages/arduino/hardware/sam/1.6.7/variants/arduino_due_x/libsam_sam3x8e_gcc_rel.a(uotghs_device.o)
                              USBCore.o (UDD_SetStack)
C:/ProgramData/MATLAB/SupportPackages/R2016b/3P.instrset/arduinoide.instrset/arduinosam-1.6.7/packages/arduino/hardware/sam/1.6.7/variants/arduino_due_x/libsam_sam3x8e_gcc_rel.a(dacc.o)
                              wiring_analog.o (dacc_reset)
c:/programdata/matlab/supportpackages/r2016b/3p.instrset/arduinoide.instrset/arduinosam-1.6.7/packages/arduino/tools/arm-none-eabi-gcc/4.8.3-2014q1/bin/../lib/gcc/arm-none-eabi/4.8.3/../../../../arm-none-eabi/lib/armv7-m\libm.a(lib_a-s_ceil.o)
                              pHSystem.o (ceil)
c:/programdata/matlab/supportpackages/r2016b/3p.instrset/arduinoide.instrset/arduinosam-1.6.7/packages/arduino/tools/arm-none-eabi-gcc/4.8.3-2014q1/bin/../lib/gcc/arm-none-eabi/4.8.3/../../../../arm-none-eabi/lib/armv7-m\libm.a(lib_a-s_floor.o)
                              pHSystem.o (floor)
c:/programdata/matlab/supportpackages/r2016b/3p.instrset/arduinoide.instrset/arduinosam-1.6.7/packages/arduino/tools/arm-none-eabi-gcc/4.8.3-2014q1/bin/../lib/gcc/arm-none-eabi/4.8.3/../../../../arm-none-eabi/lib/armv7-m\libm.a(lib_a-s_fpclassify.o)
                              Print.o (__fpclassifyd)
c:/programdata/matlab/supportpackages/r2016b/3p.instrset/arduinoide.instrset/arduinosam-1.6.7/packages/arduino/tools/arm-none-eabi-gcc/4.8.3-2014q1/bin/../lib/gcc/arm-none-eabi/4.8.3/../../../../arm-none-eabi/lib/armv7-m\libm.a(lib_a-w_fmod.o)
                              pHSystem.o (fmod)
c:/programdata/matlab/supportpackages/r2016b/3p.instrset/arduinoide.instrset/arduinosam-1.6.7/packages/arduino/tools/arm-none-eabi-gcc/4.8.3-2014q1/bin/../lib/gcc/arm-none-eabi/4.8.3/../../../../arm-none-eabi/lib/armv7-m\libm.a(lib_a-w_log.o)
                              pHSystem.o (log)
[...]
Memory Configuration

Name             Origin             Length             Attributes
rom              0x00080000         0x00080000         xr
sram0            0x20000000         0x00010000         xrw
sram1            0x20080000         0x00008000         xrw
ram              0x20070000         0x00018000         xrw
*default*        0x00000000         0xffffffff

Linker script and memory map

LOAD c:/programdata/matlab/supportpackages/r2016b/3p.instrset/arduinoide.instrset/arduinosam-1.6.7/packages/arduino/tools/arm-none-eabi-gcc/4.8.3-2014q1/bin/../lib/gcc/arm-none-eabi/4.8.3/armv7-m/crti.o
LOAD c:/programdata/matlab/supportpackages/r2016b/3p.instrset/arduinoide.instrset/arduinosam-1.6.7/packages/arduino/tools/arm-none-eabi-gcc/4.8.3-2014q1/bin/../lib/gcc/arm-none-eabi/4.8.3/armv7-m/crtbegin.o
LOAD c:/programdata/matlab/supportpackages/r2016b/3p.instrset/arduinoide.instrset/arduinosam-1.6.7/packages/arduino/tools/arm-none-eabi-gcc/4.8.3-2014q1/bin/../lib/gcc/arm-none-eabi/4.8.3/../../../../arm-none-eabi/lib/armv7-m/crt0.o
START GROUP
LOAD C:/ProgramData/MATLAB/SupportPackages/R2016b/3P.instrset/arduinoide.instrset/arduinosam-1.6.7/packages/arduino/hardware/sam/1.6.7/variants/arduino_due_x/libsam_sam3x8e_gcc_rel.a
LOAD pHSystem.o
LOAD pHSystem_data.o
LOAD rtGetInf.o
LOAD rtGetNaN.o
LOAD rt_nonfinite.o
LOAD pHSensor_wrapper.o
LOAD dtostrf.o
LOAD cortex_handlers.o
LOAD hooks.o
LOAD iar_calls_sam3.o
LOAD itoa.o
LOAD syscalls_sam3.o
LOAD WInterrupts.o
LOAD wiring.o
LOAD wiring_analog.o
LOAD wiring_digital.o
LOAD wiring_shift.o
LOAD abi.o
LOAD IPAddress.o
LOAD new.o
LOAD Print.o
LOAD Reset.o
LOAD RingBuffer.o
LOAD Stream.o
LOAD UARTClass.o
LOAD USARTClass.o
LOAD CDC.o
LOAD PluggableUSB.o
LOAD USBCore.o
LOAD wiring_pulse.o
LOAD WMath.o
LOAD WString.o
LOAD watchdog.o
LOAD variant.o
LOAD MW_ArduinoHWInit.o
LOAD io_wrappers.o
LOAD arduinoARMScheduler.o
LOAD arm_cortex_m_multitasking.o
LOAD ert_main.o
END GROUP
LOAD c:/programdata/matlab/supportpackages/r2016b/3p.instrset/arduinoide.instrset/arduinosam-1.6.7/packages/arduino/tools/arm-none-eabi-gcc/4.8.3-2014q1/bin/../lib/gcc/arm-none-eabi/4.8.3/../../../../arm-none-eabi/lib/armv7-m\libm.a
START GROUP
LOAD c:/programdata/matlab/supportpackages/r2016b/3p.instrset/arduinoide.instrset/arduinosam-1.6.7/packages/arduino/tools/arm-none-eabi-gcc/4.8.3-2014q1/bin/../lib/gcc/arm-none-eabi/4.8.3/armv7-m\libgcc.a
LOAD c:/programdata/matlab/supportpackages/r2016b/3p.instrset/arduinoide.instrset/arduinosam-1.6.7/packages/arduino/tools/arm-none-eabi-gcc/4.8.3-2014q1/bin/../lib/gcc/arm-none-eabi/4.8.3/../../../../arm-none-eabi/lib/armv7-m\libg.a
LOAD c:/programdata/matlab/supportpackages/r2016b/3p.instrset/arduinoide.instrset/arduinosam-1.6.7/packages/arduino/tools/arm-none-eabi-gcc/4.8.3-2014q1/bin/../lib/gcc/arm-none-eabi/4.8.3/../../../../arm-none-eabi/lib/armv7-m\libc.a
END GROUP
LOAD c:/programdata/matlab/supportpackages/r2016b/3p.instrset/arduinoide.instrset/arduinosam-1.6.7/packages/arduino/tools/arm-none-eabi-gcc/4.8.3-2014q1/bin/../lib/gcc/arm-none-eabi/4.8.3/armv7-m/crtend.o
LOAD c:/programdata/matlab/supportpackages/r2016b/3p.instrset/arduinoide.instrset/arduinosam-1.6.7/packages/arduino/tools/arm-none-eabi-gcc/4.8.3-2014q1/bin/../lib/gcc/arm-none-eabi/4.8.3/armv7-m/crtn.o

.text           0x00080000     0xaba0
                0x00080000                . = ALIGN (0x4)
                0x00080000                _sfixed = .
 *(.vectors .vectors.*)
 .vectors       0x00080000       0xf4 C:/ProgramData/MATLAB/SupportPackages/R2016b/3P.instrset/arduinoide.instrset/arduinosam-1.6.7/packages/arduino/hardware/sam/1.6.7/variants/arduino_due_x/libsam_sam3x8e_gcc_rel.a(startup_sam3xa.o)
                0x00080000                exception_table
 *(.text .text.* .gnu.linkonce.t.*)
 .text          0x000800f4       0x54 c:/programdata/matlab/supportpackages/r2016b/3p.instrset/arduinoide.instrset/arduinosam-1.6.7/packages/arduino/tools/arm-none-eabi-gcc/4.8.3-2014q1/bin/../lib/gcc/arm-none-eabi/4.8.3/armv7-m/crtbegin.o
 .text.Reset_Handler
                0x00080148       0x78 C:/ProgramData/MATLAB/SupportPackages/R2016b/3P.instrset/arduinoide.instrset/arduinosam-1.6.7/packages/arduino/hardware/sam/1.6.7/variants/arduino_due_x/libsam_sam3x8e_gcc_rel.a(startup_sam3xa.o)
                0x00080148                Reset_Handler
 .text.UOTGHS_Handler
                0x000801c0       0x10 C:/ProgramData/MATLAB/SupportPackages/R2016b/3P.instrset/arduinoide.instrset/arduinosam-1.6.7/packages/arduino/hardware/sam/1.6.7/variants/arduino_due_x/libsam_sam3x8e_gcc_rel.a(uotghs.o)
                0x000801c0                UOTGHS_Handler
 .text.look1_binlxpw
                0x000801d0      0x124 pHSystem.o
                0x000801d0                look1_binlxpw
 .text.rt_roundd_snf
                0x000802f4       0x80 pHSystem.o
                0x000802f4                rt_roundd_snf
 .text.rt_remd_snf
                0x00080374       0xe8 pHSystem.o
                0x00080374                rt_remd_snf
 .text.rt_urand_Upu32_Yd_f_pw_snf
                0x0008045c       0x48 pHSystem.o
                0x0008045c                rt_urand_Upu32_Yd_f_pw_snf
 .text.rt_nrand_Upu32_Yd_f_pw_snf
                0x000804a4       0x94 pHSystem.o
                0x000804a4                rt_nrand_Upu32_Yd_f_pw_snf
 .text.pHSystem_step
                0x00080538      0x13c pHSystem.o
                0x00080538                pHSystem_step
 .text.pHSystem_initialize
                0x00080674      0x130 pHSystem.o
                0x00080674                pHSystem_initialize
 .text.pHSystem_terminate
                0x000807a4        0x2 pHSystem.o
                0x000807a4                pHSystem_terminate
 *fill*         0x000807a6        0x2 
 .text.rtGetInf
                0x000807a8        0xc rtGetInf.o
                0x000807a8                rtGetInf
 .text.rtGetInfF
                0x000807b4        0x6 rtGetInf.o
                0x000807b4                rtGetInfF
 *fill*         0x000807ba        0x2 
 .text.rtGetMinusInf
                0x000807bc        0xc rtGetInf.o
                0x000807bc                rtGetMinusInf
 .text.rtGetMinusInfF
                0x000807c8        0x8 rtGetInf.o
                0x000807c8                rtGetMinusInfF
 .text.rtGetNaN
                0x000807d0        0xc rtGetNaN.o
                0x000807d0                rtGetNaN
 .text.rtGetNaNF
                0x000807dc        0x8 rtGetNaN.o
                0x000807dc                rtGetNaNF
 .text.rt_InitInfAndNaN
                0x000807e4       0x54 rt_nonfinite.o
                0x000807e4                rt_InitInfAndNaN
 .text.rtIsInf  0x00080838       0x38 rt_nonfinite.o
                0x00080838                rtIsInf
 .text.rtIsNaN  0x00080870       0x1a rt_nonfinite.o
                0x00080870                rtIsNaN
 .text.pHSensor_Outputs_wrapper
                0x0008088a        0x2 pHSensor_wrapper.o
                0x0008088a                pHSensor_Outputs_wrapper
 .text.pHSensor_Update_wrapper
                0x0008088c      0x178 pHSensor_wrapper.o
                0x0008088c                pHSensor_Update_wrapper
 .text.dtostrf  0x00080a04       0x28 dtostrf.o
                0x00080a04                dtostrf
 .text.__halt   0x00080a2c        0x2 cortex_handlers.o
                0x00080a2c                DACC_Handler
                0x00080a2c                DebugMon_Handler
                0x00080a2c                DMAC_Handler
                0x00080a2c                TRNG_Handler
                0x00080a2c                HardFault_Handler
                0x00080a2c                TC2_Handler
                0x00080a2c                TWI1_Handler
                0x00080a2c                NMI_Handler
                0x00080a2c                TC7_Handler
                0x00080a2c                ADC_Handler
                0x00080a2c                SMC_Handler
                0x00080a2c                RTT_Handler
                0x00080a2c                EFC1_Handler
                0x00080a2c                RTC_Handler
                0x00080a2c                UsageFault_Handler
                0x00080a2c                TC6_Handler
                0x00080a2c                WDT_Handler
                0x00080a2c                CAN0_Handler
                0x00080a2c                TC4_Handler
                0x00080a2c                TC1_Handler
                0x00080a2c                HSMCI_Handler
                0x00080a2c                TC3_Handler
                0x00080a2c                TWI0_Handler
                0x00080a2c                SSC_Handler
                0x00080a2c                EFC0_Handler
                0x00080a2c                PMC_Handler
                0x00080a2c                PWM_Handler
                0x00080a2c                CAN1_Handler
                0x00080a2c                MemManage_Handler
                0x00080a2c                SUPC_Handler
                0x00080a2c                USART2_Handler
                0x00080a2c                EMAC_Handler
                0x00080a2c                BusFault_Handler
                0x00080a2c                RSTC_Handler
                0x00080a2c                TC0_Handler
                0x00080a2c                TC5_Handler
                0x00080a2c                SPI0_Handler
 .text.SVC_Handler
                0x00080a2e        0x4 cortex_handlers.o
                0x00080a2e                SVC_Handler
 .text.PendSV_Handler
                0x00080a32        0x4 cortex_handlers.o
                0x00080a32                PendSV_Handler
 .text.SysTick_Handler
                0x00080a36       0x16 cortex_handlers.o
                0x00080a36                SysTick_Handler
 .text.__false  0x00080a4c        0x4 hooks.o
                0x00080a4c                sysTickHook
 .text.__halt   0x00080a50        0x2 hooks.o
                0x00080a50                pendSVHook
 *fill*         0x00080a52        0x2 
 .text._sbrk    0x00080a54       0x1c syscalls_sam3.o
                0x00080a54                _sbrk
 .text._close   0x00080a70        0x6 syscalls_sam3.o
                0x00080a70                _close
 .text._fstat   0x00080a76        0xa syscalls_sam3.o
                0x00080a76                _fstat
 .text._isatty  0x00080a80        0x4 syscalls_sam3.o
                0x00080a80                _isatty
 .text._lseek   0x00080a84        0x4 syscalls_sam3.o
                0x00080a84                _lseek
 .text._read    0x00080a88        0x4 syscalls_sam3.o
                0x00080a88                _read
 .text._write   0x00080a8c       0x24 syscalls_sam3.o
                0x00080a8c                _write
 .text._exit    0x00080ab0       0x10 syscalls_sam3.o
                0x00080ab0                _exit
 .text._kill    0x00080ac0        0x2 syscalls_sam3.o
                0x00080ac0                _kill
 .text._getpid  0x00080ac2        0x6 syscalls_sam3.o
                0x00080ac2                _getpid
 .text.PIOA_Handler
                0x00080ac8       0x38 WInterrupts.o
                0x00080ac8                PIOA_Handler
 .text.PIOB_Handler
                0x00080b00       0x38 WInterrupts.o
                0x00080b00                PIOB_Handler
 .text.PIOC_Handler
                0x00080b38       0x38 WInterrupts.o
                0x00080b38                PIOC_Handler
 .text.PIOD_Handler
                0x00080b70       0x38 WInterrupts.o
                0x00080b70                PIOD_Handler
 .text.analogOutputInit
                0x00080ba8        0x2 wiring_analog.o
                0x00080ba8                analogOutputInit
 *fill*         0x00080baa        0x2 
 .text.pinMode  0x00080bac      0x108 wiring_digital.o
                0x00080bac                pinMode
 .text.digitalWrite
                0x00080cb4       0x70 wiring_digital.o
                0x00080cb4                digitalWrite
 .text._ZNK9IPAddress7printToER5Print
                0x00080d24       0x3c IPAddress.o
                0x00080d24                IPAddress::printTo(Print&) const
 .text.startup._GLOBAL__sub_I__ZN9IPAddressC2Ev
                0x00080d60       0x1c IPAddress.o
 .text._ZN5Print5writeEPKhj
                0x00080d7c       0x22 Print.o
                0x00080d7c                Print::write(unsigned char const*, unsigned int)
 .text._ZN5Print5writeEPKc
                0x00080d9e       0x1e Print.o
                0x00080d9e                Print::write(char const*)
 .text._ZN5Print5printERK6String
                0x00080dbc       0x10 Print.o
                0x00080dbc                Print::print(String const&)
 .text._ZN5Print5printEc
                0x00080dcc        0xa Print.o
                0x00080dcc                Print::print(char)
 *fill*         0x00080dd6        0x2 
 .text._ZN5Print7printlnEv
                0x00080dd8       0x10 Print.o
                0x00080dd8                Print::println()
 .text._ZN5Print7printlnEPKc
                0x00080de8       0x14 Print.o
                0x00080de8                Print::println(char const*)
 .text._ZN5Print11printNumberEmh
                0x00080dfc       0x3e Print.o
                0x00080dfc                Print::printNumber(unsigned long, unsigned char)
 .text._ZN5Print5printEmi
                0x00080e3a       0x18 Print.o
                0x00080e3a                Print::print(unsigned long, int)
 .text._ZN5Print5printEhi
                0x00080e52        0x4 Print.o
                0x00080e52                Print::print(unsigned char, int)
 *fill*         0x00080e56        0x2 
 .text.initiateReset
                0x00080e58        0xc Reset.o
                0x00080e58                initiateReset
 .text.cancelReset
                0x00080e64       0x10 Reset.o
                0x00080e64                cancelReset
 .text.tickReset
                0x00080e74       0x20 Reset.o
                0x00080e74                tickReset
 .text._ZN10RingBufferC2Ev
                0x00080e94       0x1a RingBuffer.o
                0x00080e94                RingBuffer::RingBuffer()
                0x00080e94                RingBuffer::RingBuffer()
 .text._ZN10RingBuffer10store_charEh
                0x00080eae       0x1e RingBuffer.o
                0x00080eae                RingBuffer::store_char(unsigned char)
 .text._ZN9UARTClasscvbEv
                0x00080ecc        0x4 UARTClass.o
                0x00080ecc                UARTClass::operator bool()
 .text._ZN9UARTClass9availableEv
                0x00080ed0       0x12 UARTClass.o
                0x00080ed0                UARTClass::available()
 .text._ZN9UARTClass4peekEv
                0x00080ee2       0x1c UARTClass.o
                0x00080ee2                UARTClass::peek()
 .text._ZN9UARTClass4readEv
                0x00080efe       0x2a UARTClass.o
                0x00080efe                UARTClass::read()
 .text._ZN9UARTClass5flushEv
                0x00080f28       0x18 UARTClass.o
                0x00080f28                UARTClass::flush()
 .text._ZN9UARTClass5writeEh
                0x00080f40       0x54 UARTClass.o
                0x00080f40                UARTClass::write(unsigned char)
 .text._ZN9UARTClass3endEv
                0x00080f94       0x3c UARTClass.o
                0x00080f94                UARTClass::end()
 .text._ZN9UARTClassC2EP4Uart4IRQnmP10RingBufferS4_
                0x00080fd0       0x24 UARTClass.o
                0x00080fd0                UARTClass::UARTClass(Uart*, IRQn, unsigned long, RingBuffer*, RingBuffer*)
                0x00080fd0                UARTClass::UARTClass(Uart*, IRQn, unsigned long, RingBuffer*, RingBuffer*)
 .text._ZN9UARTClass4initEmm
                0x00080ff4       0x70 UARTClass.o
                0x00080ff4                UARTClass::init(unsigned long, unsigned long)
 .text._ZN9UARTClass5beginEm
                0x00081064        0x8 UARTClass.o
                0x00081064                UARTClass::begin(unsigned long)
 .text._ZN9UARTClass10IrqHandlerEv
                0x0008106c       0x5a UARTClass.o
                0x0008106c                UARTClass::IrqHandler()
 .text._ZN10USARTClass5beginEm
                0x000810c6        0x8 USARTClass.o
                0x000810c6                USARTClass::begin(unsigned long)
 *fill*         0x000810ce        0x2 
 .text._ZN10USARTClassC2EP5Usart4IRQnmP10RingBufferS4_
                0x000810d0       0x24 USARTClass.o
                0x000810d0                USARTClass::USARTClass(Usart*, IRQn, unsigned long, RingBuffer*, RingBuffer*)
                0x000810d0                USARTClass::USARTClass(Usart*, IRQn, unsigned long, RingBuffer*, RingBuffer*)
 .text._ZN7Serial_9availableEv
                0x000810f4       0x18 CDC.o
                0x000810f4                Serial_::available()
 .text._ZN7Serial_4peekEv
                0x0008110c       0x20 CDC.o
                0x0008110c                Serial_::peek()
 .text._ZN7Serial_5writeEh
                0x0008112c       0x16 CDC.o
                0x0008112c                Serial_::write(unsigned char)
 *fill*         0x00081142        0x2 
 .text._ZN7Serial_4readEv
                0x00081144       0x44 CDC.o
                0x00081144                Serial_::read()
 .text._ZN7Serial_5flushEv
                0x00081188        0x6 CDC.o
                0x00081188                Serial_::flush()
 *fill*         0x0008118e        0x2 
 .text._ZN7Serial_6acceptEv
                0x00081190       0x70 CDC.o
                0x00081190                Serial_::accept()
 .text._ZN7Serial_5writeEPKhj
                0x00081200       0x2c CDC.o
                0x00081200                Serial_::write(unsigned char const*, unsigned int)
 .text._Z16CDC_GetInterfacePh
                0x0008122c       0x14 CDC.o
                0x0008122c                CDC_GetInterface(unsigned char*)
 .text._Z21CDC_GetOtherInterfacePh
                0x00081240       0x14 CDC.o
                0x00081240                CDC_GetOtherInterface(unsigned char*)
 .text._Z9CDC_SetupR8USBSetup
                0x00081254       0x78 CDC.o
                0x00081254                CDC_Setup(USBSetup&)
 .text.startup._GLOBAL__sub_I_cdc_rx_buffer
                0x000812cc       0x1c CDC.o
 .text._ZN13PluggableUSB_12getInterfaceEPh
                0x000812e8       0x28 PluggableUSB.o
                0x000812e8                PluggableUSB_::getInterface(unsigned char*)
 .text._ZN13PluggableUSB_13getDescriptorER8USBSetup
                0x00081310       0x1c PluggableUSB.o
                0x00081310                PluggableUSB_::getDescriptor(USBSetup&)
 .text._ZN13PluggableUSB_12getShortNameEPc
                0x0008132c       0x1c PluggableUSB.o
                0x0008132c                PluggableUSB_::getShortName(char*)
 .text._ZN13PluggableUSB_5setupER8USBSetup
                0x00081348       0x20 PluggableUSB.o
                0x00081348                PluggableUSB_::setup(USBSetup&)
 .text._Z12PluggableUSBv
                0x00081368       0x28 PluggableUSB.o
                0x00081368                PluggableUSB()
 .text.unlikely._ZL11USB_SendZlpv
                0x00081390       0x20 USBCore.o
 .text._Z14USBD_Availablem
                0x000813b0       0x2c USBCore.o
                0x000813b0                USBD_Available(unsigned long)
 .text._Z9USBD_RecvmPvm
                0x000813dc       0x7c USBCore.o
                0x000813dc                USBD_Recv(unsigned long, void*, unsigned long)
 .text._Z9USBD_Recvm
                0x00081458       0x22 USBCore.o
                0x00081458                USBD_Recv(unsigned long)
 *fill*         0x0008147a        0x2 
 .text._Z9USBD_SendmPKvm
                0x0008147c       0x4c USBCore.o
                0x0008147c                USBD_Send(unsigned long, void const*, unsigned long)
 .text._Z16USBD_SendControlhPKvm
                0x000814c8       0x40 USBCore.o
                0x000814c8                USBD_SendControl(unsigned char, void const*, unsigned long)
 .text.unlikely._ZL24USB_SendStringDescriptorPKhi
                0x00081508       0x64 USBCore.o
 .text._Z16USBD_RecvControlPvm
                0x0008156c       0x1c USBCore.o
                0x0008156c                USBD_RecvControl(void*, unsigned long)
 .text._Z26USBD_ClassInterfaceRequestR8USBSetup
                0x00081588       0x1e USBCore.o
                0x00081588                USBD_ClassInterfaceRequest(USBSetup&)
 .text._Z19USBD_SendInterfacesv
                0x000815a6       0x22 USBCore.o
                0x000815a6                USBD_SendInterfaces()
 .text._Z24USBD_SendOtherInterfacesv
                0x000815c8       0x22 USBCore.o
                0x000815c8                USBD_SendOtherInterfaces()
 .text._Z10USBD_Flushm
                0x000815ea       0x16 USBCore.o
                0x000815ea                USBD_Flush(unsigned long)
 .text._ZN10USBDevice_C2Ev
                0x00081600       0x24 USBCore.o
                0x00081600                USBDevice_::USBDevice_()
                0x00081600                USBDevice_::USBDevice_()
 .text.startup._GLOBAL__sub_I_EndPoints
                0x00081624        0xc USBCore.o
 .text._ZL7USB_ISRv
                0x00081630      0x454 USBCore.o
 .text._ZN6StringD2Ev
                0x00081a84        0xe WString.o
                0x00081a84                String::~String()
                0x00081a84                String::~String()
 .text._ZN6String10invalidateEv
                0x00081a92       0x16 WString.o
                0x00081a92                String::invalidate()
 .text._ZN6String12changeBufferEj
                0x00081aa8       0x18 WString.o
                0x00081aa8                String::changeBuffer(unsigned int)
 .text._ZN6String7reserveEj
                0x00081ac0       0x22 WString.o
                0x00081ac0                String::reserve(unsigned int)
 .text._ZN6String4copyEPKcj
                0x00081ae2       0x26 WString.o
                0x00081ae2                String::copy(char const*, unsigned int)
 .text._ZN6StringC2EPKc
                0x00081b08       0x24 WString.o
                0x00081b08                String::String(char const*)
                0x00081b08                String::String(char const*)
 .text._ZN6StringaSERKS_
                0x00081b2c       0x1e WString.o
                0x00081b2c                String::operator=(String const&)
 .text._ZN6StringC2ERKS_
                0x00081b4a       0x14 WString.o
                0x00081b4a                String::String(String const&)
                0x00081b4a                String::String(String const&)
 .text._ZN6StringaSEPKc
                0x00081b5e       0x22 WString.o
                0x00081b5e                String::operator=(char const*)
 .text._ZN6StringC2Edh
                0x00081b80       0x32 WString.o
                0x00081b80                String::String(double, unsigned char)
                0x00081b80                String::String(double, unsigned char)
 .text._ZN6String6concatEPKcj
                0x00081bb2       0x2e WString.o
                0x00081bb2                String::concat(char const*, unsigned int)
 .text._ZN6String6concatEc
                0x00081be0       0x1a WString.o
                0x00081be0                String::concat(char)
 .text._ZplRK15StringSumHelperPKc
                0x00081bfa       0x24 WString.o
                0x00081bfa                operator+(StringSumHelper const&, char const*)
 .text._ZplRK15StringSumHelperc
                0x00081c1e       0x14 WString.o
                0x00081c1e                operator+(StringSumHelper const&, char)
 .text._ZNK6String6equalsEPKc
                0x00081c32       0x26 WString.o
                0x00081c32                String::equals(char const*) const
 .text._Z15watchdogDisablev
                0x00081c58        0xc watchdog.o
                0x00081c58                watchdogDisable()
 .text.UART_Handler
                0x00081c64        0xc variant.o
                0x00081c64                UART_Handler
 .text.USART0_Handler
                0x00081c70        0xc variant.o
                0x00081c70                USART0_Handler
 .text.USART1_Handler
                0x00081c7c        0xc variant.o
                0x00081c7c                USART1_Handler
 .text.USART3_Handler
                0x00081c88        0xc variant.o
                0x00081c88                USART3_Handler
 .text.init     0x00081c94      0x128 variant.o
                0x00081c94                init
 .text.startup._GLOBAL__sub_I_g_APinDescription
                0x00081dbc       0xd4 variant.o
 .text.MW_Arduino_Init
                0x00081e90       0x14 MW_ArduinoHWInit.o
                0x00081e90                MW_Arduino_Init
 .text.Serial_begin
                0x00081ea4       0x34 io_wrappers.o
                0x00081ea4                Serial_begin
 .text._ZL13Scheduler_Isrv
                0x00081ed8       0x14 arduinoARMScheduler.o
 .text.TC8_Handler
                0x00081eec       0x1c arduinoARMScheduler.o
                0x00081eec                TC8_Handler
 .text.Setup_SchedulerTimer
                0x00081f08       0x84 arduinoARMScheduler.o
                0x00081f08                Setup_SchedulerTimer
 .text.configureArduinoARMTimer
                0x00081f8c       0x24 arduinoARMScheduler.o
                0x00081f8c                configureArduinoARMTimer
 .text.MW_Arduino_Loop
                0x00081fb0        0x4 arduinoARMScheduler.o
                0x00081fb0                MW_Arduino_Loop
 .text.arm_cortex_m_call_thread_with_context_switch
                0x00081fb4       0x34 arm_cortex_m_multitasking.o
                0x00081fb4                arm_cortex_m_call_thread_with_context_switch
 .text.svcHook  0x00081fe8       0x2c arm_cortex_m_multitasking.o
                0x00081fe8                svcHook
 .text.rt_OneStep
                0x00082014       0x30 ert_main.o
                0x00082014                rt_OneStep
 .text.startup.main
                0x00082044       0x74 ert_main.o
                0x00082044                main
 .text.PIO_PullUp
                0x000820b8        0xa C:/ProgramData/MATLAB/SupportPackages/R2016b/3P.instrset/arduinoide.instrset/arduinosam-1.6.7/packages/arduino/hardware/sam/1.6.7/variants/arduino_due_x/libsam_sam3x8e_gcc_rel.a(pio.o)
                0x000820b8                PIO_PullUp
 .text.PIO_SetPeripheral
                0x000820c2       0x26 C:/ProgramData/MATLAB/SupportPackages/R2016b/3P.instrset/arduinoide.instrset/arduinosam-1.6.7/packages/arduino/hardware/sam/1.6.7/variants/arduino_due_x/libsam_sam3x8e_gcc_rel.a(pio.o)
                0x000820c2                PIO_SetPeripheral
 .text.PIO_SetInput
                0x000820e8       0x26 C:/ProgramData/MATLAB/SupportPackages/R2016b/3P.instrset/arduinoide.instrset/arduinosam-1.6.7/packages/arduino/hardware/sam/1.6.7/variants/arduino_due_x/libsam_sam3x8e_gcc_rel.a(pio.o)
                0x000820e8                PIO_SetInput
 .text.PIO_SetOutput
                0x0008210e       0x24 C:/ProgramData/MATLAB/SupportPackages/R2016b/3P.instrset/arduinoide.instrset/arduinosam-1.6.7/packages/arduino/hardware/sam/1.6.7/variants/arduino_due_x/libsam_sam3x8e_gcc_rel.a(pio.o)
                0x0008210e                PIO_SetOutput
 *fill*         0x00082132        0x2 
 .text.PIO_Configure
                0x00082134       0x64 C:/ProgramData/MATLAB/SupportPackages/R2016b/3P.instrset/arduinoide.instrset/arduinosam-1.6.7/packages/arduino/hardware/sam/1.6.7/variants/arduino_due_x/libsam_sam3x8e_gcc_rel.a(pio.o)
                0x00082134                PIO_Configure
 .text.PIO_GetOutputDataStatus
                0x00082198       0x14 C:/ProgramData/MATLAB/SupportPackages/R2016b/3P.instrset/arduinoide.instrset/arduinosam-1.6.7/packages/arduino/hardware/sam/1.6.7/variants/arduino_due_x/libsam_sam3x8e_gcc_rel.a(pio.o)
                0x00082198                PIO_GetOutputDataStatus
 .text.pmc_enable_upll_clock
                0x000821ac       0x14 C:/ProgramData/MATLAB/SupportPackages/R2016b/3P.instrset/arduinoide.instrset/arduinosam-1.6.7/packages/arduino/hardware/sam/1.6.7/variants/arduino_due_x/libsam_sam3x8e_gcc_rel.a(pmc.o)
                0x000821ac                pmc_enable_upll_clock
 .text.pmc_enable_periph_clk
                0x000821c0       0x44 C:/ProgramData/MATLAB/SupportPackages/R2016b/3P.instrset/arduinoide.instrset/arduinosam-1.6.7/packages/arduino/hardware/sam/1.6.7/variants/arduino_due_x/libsam_sam3x8e_gcc_rel.a(pmc.o)
                0x000821c0                pmc_enable_periph_clk
 .text.pmc_disable_periph_clk
                0x00082204       0x40 C:/ProgramData/MATLAB/SupportPackages/R2016b/3P.instrset/arduinoide.instrset/arduinosam-1.6.7/packages/arduino/hardware/sam/1.6.7/variants/arduino_due_x/libsam_sam3x8e_gcc_rel.a(pmc.o)
                0x00082204                pmc_disable_periph_clk
 .text.pmc_switch_udpck_to_upllck
                0x00082244       0x14 C:/ProgramData/MATLAB/SupportPackages/R2016b/3P.instrset/arduinoide.instrset/arduinosam-1.6.7/packages/arduino/hardware/sam/1.6.7/variants/arduino_due_x/libsam_sam3x8e_gcc_rel.a(pmc.o)
                0x00082244                pmc_switch_udpck_to_upllck
 .text.pmc_enable_udpck
                0x00082258        0xc C:/ProgramData/MATLAB/SupportPackages/R2016b/3P.instrset/arduinoide.instrset/arduinosam-1.6.7/packages/arduino/hardware/sam/1.6.7/variants/arduino_due_x/libsam_sam3x8e_gcc_rel.a(pmc.o)
                0x00082258                pmc_enable_udpck
 .text.pmc_set_writeprotect
                0x00082264       0x1c C:/ProgramData/MATLAB/SupportPackages/R2016b/3P.instrset/arduinoide.instrset/arduinosam-1.6.7/packages/arduino/hardware/sam/1.6.7/variants/arduino_due_x/libsam_sam3x8e_gcc_rel.a(pmc.o)
                0x00082264                pmc_set_writeprotect
 .text.TC_Configure
                0x00082280       0x38 C:/ProgramData/MATLAB/SupportPackages/R2016b/3P.instrset/arduinoide.instrset/arduinosam-1.6.7/packages/arduino/hardware/sam/1.6.7/variants/arduino_due_x/libsam_sam3x8e_gcc_rel.a(tc.o)
                0x00082280                TC_Configure
 .text.TC_Start
                0x000822b8       0x2c C:/ProgramData/MATLAB/SupportPackages/R2016b/3P.instrset/arduinoide.instrset/arduinosam-1.6.7/packages/arduino/hardware/sam/1.6.7/variants/arduino_due_x/libsam_sam3x8e_gcc_rel.a(tc.o)
                0x000822b8                TC_Start
 .text.TC_GetStatus
                0x000822e4        0x8 C:/ProgramData/MATLAB/SupportPackages/R2016b/3P.instrset/arduinoide.instrset/arduinosam-1.6.7/packages/arduino/hardware/sam/1.6.7/variants/arduino_due_x/libsam_sam3x8e_gcc_rel.a(tc.o)
                0x000822e4                TC_GetStatus
 .text.TC_SetRC
                0x000822ec        0x8 C:/ProgramData/MATLAB/SupportPackages/R2016b/3P.instrset/arduinoide.instrset/arduinosam-1.6.7/packages/arduino/hardware/sam/1.6.7/variants/arduino_due_x/libsam_sam3x8e_gcc_rel.a(tc.o)
                0x000822ec                TC_SetRC
 .text.TimeTick_Increment
                0x000822f4       0x10 C:/ProgramData/MATLAB/SupportPackages/R2016b/3P.instrset/arduinoide.instrset/arduinosam-1.6.7/packages/arduino/hardware/sam/1.6.7/variants/arduino_due_x/libsam_sam3x8e_gcc_rel.a(timetick.o)
                0x000822f4                TimeTick_Increment
 .text.WDT_Disable
                0x00082304        0x8 C:/ProgramData/MATLAB/SupportPackages/R2016b/3P.instrset/arduinoide.instrset/arduinosam-1.6.7/packages/arduino/hardware/sam/1.6.7/variants/arduino_due_x/libsam_sam3x8e_gcc_rel.a(wdt.o)
                0x00082304                WDT_Disable
 .text.SystemInit
                0x0008230c       0x88 C:/ProgramData/MATLAB/SupportPackages/R2016b/3P.instrset/arduinoide.instrset/arduinosam-1.6.7/packages/arduino/hardware/sam/1.6.7/variants/arduino_due_x/libsam_sam3x8e_gcc_rel.a(system_sam3xa.o)
                0x0008230c                SystemInit
 .text.adc_init
                0x00082394       0x98 C:/ProgramData/MATLAB/SupportPackages/R2016b/3P.instrset/arduinoide.instrset/arduinosam-1.6.7/packages/arduino/hardware/sam/1.6.7/variants/arduino_due_x/libsam_sam3x8e_gcc_rel.a(adc.o)
                0x00082394                adc_init
 .text.adc_configure_trigger
                0x0008242c        0xe C:/ProgramData/MATLAB/SupportPackages/R2016b/3P.instrset/arduinoide.instrset/arduinosam-1.6.7/packages/arduino/hardware/sam/1.6.7/variants/arduino_due_x/libsam_sam3x8e_gcc_rel.a(adc.o)
                0x0008242c                adc_configure_trigger
 .text.adc_configure_timing
                0x0008243a       0x1a C:/ProgramData/MATLAB/SupportPackages/R2016b/3P.instrset/arduinoide.instrset/arduinosam-1.6.7/packages/arduino/hardware/sam/1.6.7/variants/arduino_due_x/libsam_sam3x8e_gcc_rel.a(adc.o)
                0x0008243a                adc_configure_timing
 .text.adc_disable_channel
                0x00082454        0xa C:/ProgramData/MATLAB/SupportPackages/R2016b/3P.instrset/arduinoide.instrset/arduinosam-1.6.7/packages/arduino/hardware/sam/1.6.7/variants/arduino_due_x/libsam_sam3x8e_gcc_rel.a(adc.o)
                0x00082454                adc_disable_channel
 .text.adc_disable_all_channel
                0x0008245e        0x8 C:/ProgramData/MATLAB/SupportPackages/R2016b/3P.instrset/arduinoide.instrset/arduinosam-1.6.7/packages/arduino/hardware/sam/1.6.7/variants/arduino_due_x/libsam_sam3x8e_gcc_rel.a(adc.o)
                0x0008245e                adc_disable_all_channel
 .text.adc_disable_interrupt
                0x00082466        0x4 C:/ProgramData/MATLAB/SupportPackages/R2016b/3P.instrset/arduinoide.instrset/arduinosam-1.6.7/packages/arduino/hardware/sam/1.6.7/variants/arduino_due_x/libsam_sam3x8e_gcc_rel.a(adc.o)
                0x00082466                adc_disable_interrupt
 *fill*         0x0008246a        0x2 
 .text.UDD_SetStack
                0x0008246c        0xc C:/ProgramData/MATLAB/SupportPackages/R2016b/3P.instrset/arduinoide.instrset/arduinosam-1.6.7/packages/arduino/hardware/sam/1.6.7/variants/arduino_due_x/libsam_sam3x8e_gcc_rel.a(uotghs_device.o)
                0x0008246c                UDD_SetStack
 .text.UDD_Init
                0x00082478       0xd0 C:/ProgramData/MATLAB/SupportPackages/R2016b/3P.instrset/arduinoide.instrset/arduinosam-1.6.7/packages/arduino/hardware/sam/1.6.7/variants/arduino_due_x/libsam_sam3x8e_gcc_rel.a(uotghs_device.o)
                0x00082478                UDD_Init
 .text.UDD_InitEP
                0x00082548       0x2c C:/ProgramData/MATLAB/SupportPackages/R2016b/3P.instrset/arduinoide.instrset/arduinosam-1.6.7/packages/arduino/hardware/sam/1.6.7/variants/arduino_due_x/libsam_sam3x8e_gcc_rel.a(uotghs_device.o)
                0x00082548                UDD_InitEP
 .text.UDD_InitEndpoints
                0x00082574       0x3c C:/ProgramData/MATLAB/SupportPackages/R2016b/3P.instrset/arduinoide.instrset/arduinosam-1.6.7/packages/arduino/hardware/sam/1.6.7/variants/arduino_due_x/libsam_sam3x8e_gcc_rel.a(uotghs_device.o)
                0x00082574                UDD_InitEndpoints
 .text.UDD_WaitIN
                0x000825b0       0x10 C:/ProgramData/MATLAB/SupportPackages/R2016b/3P.instrset/arduinoide.instrset/arduinosam-1.6.7/packages/arduino/hardware/sam/1.6.7/variants/arduino_due_x/libsam_sam3x8e_gcc_rel.a(uotghs_device.o)
                0x000825b0                UDD_WaitIN
 .text.UDD_WaitOUT
                0x000825c0       0x10 C:/ProgramData/MATLAB/SupportPackages/R2016b/3P.instrset/arduinoide.instrset/arduinosam-1.6.7/packages/arduino/hardware/sam/1.6.7/variants/arduino_due_x/libsam_sam3x8e_gcc_rel.a(uotghs_device.o)
                0x000825c0                UDD_WaitOUT
 .text.UDD_ClearIN
                0x000825d0       0x18 C:/ProgramData/MATLAB/SupportPackages/R2016b/3P.instrset/arduinoide.instrset/arduinosam-1.6.7/packages/arduino/hardware/sam/1.6.7/variants/arduino_due_x/libsam_sam3x8e_gcc_rel.a(uotghs_device.o)
                0x000825d0                UDD_ClearIN
 .text.UDD_ClearOUT
                0x000825e8       0x18 C:/ProgramData/MATLAB/SupportPackages/R2016b/3P.instrset/arduinoide.instrset/arduinosam-1.6.7/packages/arduino/hardware/sam/1.6.7/variants/arduino_due_x/libsam_sam3x8e_gcc_rel.a(uotghs_device.o)
                0x000825e8                UDD_ClearOUT
 .text.UDD_ReceivedSetupInt
                0x00082600       0x10 C:/ProgramData/MATLAB/SupportPackages/R2016b/3P.instrset/arduinoide.instrset/arduinosam-1.6.7/packages/arduino/hardware/sam/1.6.7/variants/arduino_due_x/libsam_sam3x8e_gcc_rel.a(uotghs_device.o)
                0x00082600                UDD_ReceivedSetupInt
 .text.UDD_ClearSetupInt
                0x00082610       0x10 C:/ProgramData/MATLAB/SupportPackages/R2016b/3P.instrset/arduinoide.instrset/arduinosam-1.6.7/packages/arduino/hardware/sam/1.6.7/variants/arduino_due_x/libsam_sam3x8e_gcc_rel.a(uotghs_device.o)
                0x00082610                UDD_ClearSetupInt
 .text.UDD_Send
                0x00082620       0x88 C:/ProgramData/MATLAB/SupportPackages/R2016b/3P.instrset/arduinoide.instrset/arduinosam-1.6.7/packages/arduino/hardware/sam/1.6.7/variants/arduino_due_x/libsam_sam3x8e_gcc_rel.a(uotghs_device.o)
                0x00082620                UDD_Send
 .text.UDD_Send8
                0x000826a8       0x24 C:/ProgramData/MATLAB/SupportPackages/R2016b/3P.instrset/arduinoide.instrset/arduinosam-1.6.7/packages/arduino/hardware/sam/1.6.7/variants/arduino_due_x/libsam_sam3x8e_gcc_rel.a(uotghs_device.o)
                0x000826a8                UDD_Send8
 .text.UDD_Recv8
                0x000826cc       0x28 C:/ProgramData/MATLAB/SupportPackages/R2016b/3P.instrset/arduinoide.instrset/arduinosam-1.6.7/packages/arduino/hardware/sam/1.6.7/variants/arduino_due_x/libsam_sam3x8e_gcc_rel.a(uotghs_device.o)
                0x000826cc                UDD_Recv8
 .text.UDD_Recv
                0x000826f4       0x34 C:/ProgramData/MATLAB/SupportPackages/R2016b/3P.instrset/arduinoide.instrset/arduinosam-1.6.7/packages/arduino/hardware/sam/1.6.7/variants/arduino_due_x/libsam_sam3x8e_gcc_rel.a(uotghs_device.o)
                0x000826f4                UDD_Recv
 .text.UDD_Stall
                0x00082728       0x14 C:/ProgramData/MATLAB/SupportPackages/R2016b/3P.instrset/arduinoide.instrset/arduinosam-1.6.7/packages/arduino/hardware/sam/1.6.7/variants/arduino_due_x/libsam_sam3x8e_gcc_rel.a(uotghs_device.o)
                0x00082728                UDD_Stall
 .text.UDD_FifoByteCount
                0x0008273c       0x14 C:/ProgramData/MATLAB/SupportPackages/R2016b/3P.instrset/arduinoide.instrset/arduinosam-1.6.7/packages/arduino/hardware/sam/1.6.7/variants/arduino_due_x/libsam_sam3x8e_gcc_rel.a(uotghs_device.o)
                0x0008273c                UDD_FifoByteCount
 .text.UDD_ReleaseRX
                0x00082750       0x28 C:/ProgramData/MATLAB/SupportPackages/R2016b/3P.instrset/arduinoide.instrset/arduinosam-1.6.7/packages/arduino/hardware/sam/1.6.7/variants/arduino_due_x/libsam_sam3x8e_gcc_rel.a(uotghs_device.o)
                0x00082750                UDD_ReleaseRX
 .text.UDD_ReleaseTX
                0x00082778       0x28 C:/ProgramData/MATLAB/SupportPackages/R2016b/3P.instrset/arduinoide.instrset/arduinosam-1.6.7/packages/arduino/hardware/sam/1.6.7/variants/arduino_due_x/libsam_sam3x8e_gcc_rel.a(uotghs_device.o)
                0x00082778                UDD_ReleaseTX
 .text.UDD_SetAddress
                0x000827a0       0x20 C:/ProgramData/MATLAB/SupportPackages/R2016b/3P.instrset/arduinoide.instrset/arduinosam-1.6.7/packages/arduino/hardware/sam/1.6.7/variants/arduino_due_x/libsam_sam3x8e_gcc_rel.a(uotghs_device.o)
                0x000827a0                UDD_SetAddress
 .text.ceil     0x000827c0      0x120 c:/programdata/matlab/supportpackages/r2016b/3p.instrset/arduinoide.instrset/arduinosam-1.6.7/packages/arduino/tools/arm-none-eabi-gcc/4.8.3-2014q1/bin/../lib/gcc/arm-none-eabi/4.8.3/../../../../arm-none-eabi/lib/armv7-m\libm.a(lib_a-s_ceil.o)
                0x000827c0                ceil
 .text.floor    0x000828e0      0x120 c:/programdata/matlab/supportpackages/r2016b/3p.instrset/arduinoide.instrset/arduinosam-1.6.7/packages/arduino/tools/arm-none-eabi-gcc/4.8.3-2014q1/bin/../lib/gcc/arm-none-eabi/4.8.3/../../../../arm-none-eabi/lib/armv7-m\libm.a(lib_a-s_floor.o)
                0x000828e0                floor
 .text.__fpclassifyd
                0x00082a00       0x50 c:/programdata/matlab/supportpackages/r2016b/3p.instrset/arduinoide.instrset/arduinosam-1.6.7/packages/arduino/tools/arm-none-eabi-gcc/4.8.3-2014q1/bin/../lib/gcc/arm-none-eabi/4.8.3/../../../../arm-none-eabi/lib/armv7-m\libm.a(lib_a-s_fpclassify.o)
                0x00082a00                __fpclassifyd
 .text.fmod     0x00082a50       0xb4 c:/programdata/matlab/supportpackages/r2016b/3p.instrset/arduinoide.instrset/arduinosam-1.6.7/packages/arduino/tools/arm-none-eabi-gcc/4.8.3-2014q1/bin/../lib/gcc/arm-none-eabi/4.8.3/../../../../arm-none-eabi/lib/armv7-m\libm.a(lib_a-w_fmod.o)
                0x00082a50                fmod
 .text.log      0x00082b04       0xe4 c:/programdata/matlab/supportpackages/r2016b/3p.instrset/arduinoide.instrset/arduinosam-1.6.7/packages/arduino/tools/arm-none-eabi-gcc/4.8.3-2014q1/bin/../lib/gcc/arm-none-eabi/4.8.3/../../../../arm-none-eabi/lib/armv7-m\libm.a(lib_a-w_log.o)
                0x00082b04                log
 .text.sqrt     0x00082be8       0xac c:/programdata/matlab/supportpackages/r2016b/3p.instrset/arduinoide.instrset/arduinosam-1.6.7/packages/arduino/tools/arm-none-eabi-gcc/4.8.3-2014q1/bin/../lib/gcc/arm-none-eabi/4.8.3/../../../../arm-none-eabi/lib/armv7-m\libm.a(lib_a-w_sqrt.o)
                0x00082be8                sqrt
 .text.__ieee754_fmod
                0x00082c94      0x278 c:/programdata/matlab/supportpackages/r2016b/3p.instrset/arduinoide.instrset/arduinosam-1.6.7/packages/arduino/tools/arm-none-eabi-gcc/4.8.3-2014q1/bin/../lib/gcc/arm-none-eabi/4.8.3/../../../../arm-none-eabi/lib/armv7-m\libm.a(lib_a-e_fmod.o)
                0x00082c94                __ieee754_fmod
 *fill*         0x00082f0c        0x4 
 .text.__ieee754_log
                0x00082f10      0x3f0 c:/programdata/matlab/supportpackages/r2016b/3p.instrset/arduinoide.instrset/arduinosam-1.6.7/packages/arduino/tools/arm-none-eabi-gcc/4.8.3-2014q1/bin/../lib/gcc/arm-none-eabi/4.8.3/../../../../arm-none-eabi/lib/armv7-m\libm.a(lib_a-e_log.o)
                0x00082f10                __ieee754_log
 .text.__ieee754_sqrt
                0x00083300      0x180 c:/programdata/matlab/supportpackages/r2016b/3p.instrset/arduinoide.instrset/arduinosam-1.6.7/packages/arduino/tools/arm-none-eabi-gcc/4.8.3-2014q1/bin/../lib/gcc/arm-none-eabi/4.8.3/../../../../arm-none-eabi/lib/armv7-m\libm.a(lib_a-e_sqrt.o)
                0x00083300                __ieee754_sqrt
 .text.matherr  0x00083480        0x4 c:/programdata/matlab/supportpackages/r2016b/3p.instrset/arduinoide.instrset/arduinosam-1.6.7/packages/arduino/tools/arm-none-eabi-gcc/4.8.3-2014q1/bin/../lib/gcc/arm-none-eabi/4.8.3/../../../../arm-none-eabi/lib/armv7-m\libm.a(lib_a-s_matherr.o)
                0x00083480                matherr
 .text.nan      0x00083484        0xc c:/programdata/matlab/supportpackages/r2016b/3p.instrset/arduinoide.instrset/arduinosam-1.6.7/packages/arduino/tools/arm-none-eabi-gcc/4.8.3-2014q1/bin/../lib/gcc/arm-none-eabi/4.8.3/../../../../arm-none-eabi/lib/armv7-m\libm.a(lib_a-s_nan.o)
                0x00083484                nan
 .text          0x00083490      0x370 c:/programdata/matlab/supportpackages/r2016b/3p.instrset/arduinoide.instrset/arduinosam-1.6.7/packages/arduino/tools/arm-none-eabi-gcc/4.8.3-2014q1/bin/../lib/gcc/arm-none-eabi/4.8.3/armv7-m\libgcc.a(_arm_addsubdf3.o)
                0x00083490                __aeabi_drsub
                0x00083498                __aeabi_dsub
                0x00083498                __subdf3
                0x0008349c                __aeabi_dadd
                0x0008349c                __adddf3
                0x00083714                __floatunsidf
                0x00083714                __aeabi_ui2d
                0x00083734                __floatsidf
                0x00083734                __aeabi_i2d
                0x00083758                __aeabi_f2d
                0x00083758                __extendsfdf2
                0x00083794                __floatundidf
                0x00083794                __aeabi_ul2d
                0x000837a4                __floatdidf
                0x000837a4                __aeabi_l2d
 .text          0x00083800      0x424 c:/programdata/matlab/supportpackages/r2016b/3p.instrset/arduinoide.instrset/arduinosam-1.6.7/packages/arduino/tools/arm-none-eabi-gcc/4.8.3-2014q1/bin/../lib/gcc/arm-none-eabi/4.8.3/armv7-m\libgcc.a(_arm_muldivdf3.o)
                0x00083800                __aeabi_dmul
                0x00083800                __muldf3
                0x00083a54                __divdf3
                0x00083a54                __aeabi_ddiv
 .text          0x00083c24      0x110 c:/programdata/matlab/supportpackages/r2016b/3p.instrset/arduinoide.instrset/arduinosam-1.6.7/packages/arduino/tools/arm-none-eabi-gcc/4.8.3-2014q1/bin/../lib/gcc/arm-none-eabi/4.8.3/armv7-m\libgcc.a(_arm_cmpdf2.o)
                0x00083c24                __gtdf2
                0x00083c24                __gedf2
                0x00083c2c                __ltdf2
                0x00083c2c                __ledf2
                0x00083c34                __nedf2
                0x00083c34                __eqdf2
                0x00083c34                __cmpdf2
                0x00083cb0                __aeabi_cdrcmple
                0x00083cc0                __aeabi_cdcmpeq
                0x00083cc0                __aeabi_cdcmple
                0x00083cd0                __aeabi_dcmpeq
                0x00083ce4                __aeabi_dcmplt
                0x00083cf8                __aeabi_dcmple
                0x00083d0c                __aeabi_dcmpge
                0x00083d20                __aeabi_dcmpgt
 .text          0x00083d34       0x50 c:/programdata/matlab/supportpackages/r2016b/3p.instrset/arduinoide.instrset/arduinosam-1.6.7/packages/arduino/tools/arm-none-eabi-gcc/4.8.3-2014q1/bin/../lib/gcc/arm-none-eabi/4.8.3/armv7-m\libgcc.a(_arm_fixdfsi.o)
                0x00083d34                __aeabi_d2iz
                0x00083d34                __fixdfsi
 .text          0x00083d84       0x40 c:/programdata/matlab/supportpackages/r2016b/3p.instrset/arduinoide.instrset/arduinosam-1.6.7/packages/arduino/tools/arm-none-eabi-gcc/4.8.3-2014q1/bin/../lib/gcc/arm-none-eabi/4.8.3/armv7-m\libgcc.a(_arm_fixunsdfsi.o)
                0x00083d84                __aeabi_d2uiz
                0x00083d84                __fixunsdfsi
 .text.__assert_func
                0x00083dc4       0x3c c:/programdata/matlab/supportpackages/r2016b/3p.instrset/arduinoide.instrset/arduinosam-1.6.7/packages/arduino/tools/arm-none-eabi-gcc/4.8.3-2014q1/bin/../lib/gcc/arm-none-eabi/4.8.3/../../../../arm-none-eabi/lib/armv7-m\libg.a(lib_a-assert.o)
                0x00083dc4                __assert_func
 .text.__errno  0x00083e00        0xc c:/programdata/matlab/supportpackages/r2016b/3p.instrset/arduinoide.instrset/arduinosam-1.6.7/packages/arduino/tools/arm-none-eabi-gcc/4.8.3-2014q1/bin/../lib/gcc/arm-none-eabi/4.8.3/../../../../arm-none-eabi/lib/armv7-m\libg.a(lib_a-errno.o)
                0x00083e00                __errno
 .text.fiprintf
                0x00083e0c       0x28 c:/programdata/matlab/supportpackages/r2016b/3p.instrset/arduinoide.instrset/arduinosam-1.6.7/packages/arduino/tools/arm-none-eabi-gcc/4.8.3-2014q1/bin/../lib/gcc/arm-none-eabi/4.8.3/../../../../arm-none-eabi/lib/armv7-m\libg.a(lib_a-fiprintf.o)
                0x00083e0c                fiprintf
 .text.__libc_init_array
                0x00083e34       0x50 c:/programdata/matlab/supportpackages/r2016b/3p.instrset/arduinoide.instrset/arduinosam-1.6.7/packages/arduino/tools/arm-none-eabi-gcc/4.8.3-2014q1/bin/../lib/gcc/arm-none-eabi/4.8.3/../../../../arm-none-eabi/lib/armv7-m\libg.a(lib_a-init.o)
                0x00083e34                __libc_init_array
 .text.iprintf  0x00083e84       0x28 c:/programdata/matlab/supportpackages/r2016b/3p.instrset/arduinoide.instrset/arduinosam-1.6.7/packages/arduino/tools/arm-none-eabi-gcc/4.8.3-2014q1/bin/../lib/gcc/arm-none-eabi/4.8.3/../../../../arm-none-eabi/lib/armv7-m\libg.a(lib_a-iprintf.o)
                0x00083e84                iprintf
 .text.malloc   0x00083eac       0x10 c:/programdata/matlab/supportpackages/r2016b/3p.instrset/arduinoide.instrset/arduinosam-1.6.7/packages/arduino/tools/arm-none-eabi-gcc/4.8.3-2014q1/bin/../lib/gcc/arm-none-eabi/4.8.3/../../../../arm-none-eabi/lib/armv7-m\libg.a(lib_a-malloc.o)
                0x00083eac                malloc
 .text.free     0x00083ebc       0x10 c:/programdata/matlab/supportpackages/r2016b/3p.instrset/arduinoide.instrset/arduinosam-1.6.7/packages/arduino/tools/arm-none-eabi-gcc/4.8.3-2014q1/bin/../lib/gcc/arm-none-eabi/4.8.3/../../../../arm-none-eabi/lib/armv7-m\libg.a(lib_a-malloc.o)
                0x00083ebc                free
 .text._malloc_r
                0x00083ecc      0x538 c:/programdata/matlab/supportpackages/r2016b/3p.instrset/arduinoide.instrset/arduinosam-1.6.7/packages/arduino/tools/arm-none-eabi-gcc/4.8.3-2014q1/bin/../lib/gcc/arm-none-eabi/4.8.3/../../../../arm-none-eabi/lib/armv7-m\libg.a(lib_a-mallocr.o)
                0x00083ecc                _malloc_r
 .text          0x00084404       0xec c:/programdata/matlab/supportpackages/r2016b/3p.instrset/arduinoide.instrset/arduinosam-1.6.7/packages/arduino/tools/arm-none-eabi-gcc/4.8.3-2014q1/bin/../lib/gcc/arm-none-eabi/4.8.3/../../../../arm-none-eabi/lib/armv7-m\libg.a(lib_a-memcpy.o)
                0x00084404                memcpy
 .text.memmove  0x000844f0       0xcc c:/programdata/matlab/supportpackages/r2016b/3p.instrset/arduinoide.instrset/arduinosam-1.6.7/packages/arduino/tools/arm-none-eabi-gcc/4.8.3-2014q1/bin/../lib/gcc/arm-none-eabi/4.8.3/../../../../arm-none-eabi/lib/armv7-m\libg.a(lib_a-memmove.o)
                0x000844f0                memmove
 .text.memset   0x000845bc       0x94 c:/programdata/matlab/supportpackages/r2016b/3p.instrset/arduinoide.instrset/arduinosam-1.6.7/packages/arduino/tools/arm-none-eabi-gcc/4.8.3-2014q1/bin/../lib/gcc/arm-none-eabi/4.8.3/../../../../arm-none-eabi/lib/armv7-m\libg.a(lib_a-memset.o)
                0x000845bc                memset
 .text.__malloc_lock
                0x00084650        0x4 c:/programdata/matlab/supportpackages/r2016b/3p.instrset/arduinoide.instrset/arduinosam-1.6.7/packages/arduino/tools/arm-none-eabi-gcc/4.8.3-2014q1/bin/../lib/gcc/arm-none-eabi/4.8.3/../../../../arm-none-eabi/lib/armv7-m\libg.a(lib_a-mlock.o)
                0x00084650                __malloc_lock
 .text.__malloc_unlock
                0x00084654        0x4 c:/programdata/matlab/supportpackages/r2016b/3p.instrset/arduinoide.instrset/arduinosam-1.6.7/packages/arduino/tools/arm-none-eabi-gcc/4.8.3-2014q1/bin/../lib/gcc/arm-none-eabi/4.8.3/../../../../arm-none-eabi/lib/armv7-m\libg.a(lib_a-mlock.o)
                0x00084654                __malloc_unlock
 .text.realloc  0x00084658       0x10 c:/programdata/matlab/supportpackages/r2016b/3p.instrset/arduinoide.instrset/arduinosam-1.6.7/packages/arduino/tools/arm-none-eabi-gcc/4.8.3-2014q1/bin/../lib/gcc/arm-none-eabi/4.8.3/../../../../arm-none-eabi/lib/armv7-m\libg.a(lib_a-realloc.o)
                0x00084658                realloc
 .text._realloc_r
                0x00084668      0x3c0 c:/programdata/matlab/supportpackages/r2016b/3p.instrset/arduinoide.instrset/arduinosam-1.6.7/packages/arduino/tools/arm-none-eabi-gcc/4.8.3-2014q1/bin/../lib/gcc/arm-none-eabi/4.8.3/../../../../arm-none-eabi/lib/armv7-m\libg.a(lib_a-reallocr.o)
                0x00084668                _realloc_r
 .text._sbrk_r  0x00084a28       0x24 c:/programdata/matlab/supportpackages/r2016b/3p.instrset/arduinoide.instrset/arduinosam-1.6.7/packages/arduino/tools/arm-none-eabi-gcc/4.8.3-2014q1/bin/../lib/gcc/arm-none-eabi/4.8.3/../../../../arm-none-eabi/lib/armv7-m\libg.a(lib_a-sbrkr.o)
                0x00084a28                _sbrk_r
 .text.sprintf  0x00084a4c       0x4c c:/programdata/matlab/supportpackages/r2016b/3p.instrset/arduinoide.instrset/arduinosam-1.6.7/packages/arduino/tools/arm-none-eabi-gcc/4.8.3-2014q1/bin/../lib/gcc/arm-none-eabi/4.8.3/../../../../arm-none-eabi/lib/armv7-m\libg.a(lib_a-sprintf.o)
                0x00084a4c                sprintf
 .text          0x00084a98      0x23c c:/programdata/matlab/supportpackages/r2016b/3p.instrset/arduinoide.instrset/arduinosam-1.6.7/packages/arduino/tools/arm-none-eabi-gcc/4.8.3-2014q1/bin/../lib/gcc/arm-none-eabi/4.8.3/../../../../arm-none-eabi/lib/armv7-m\libg.a(lib_a-strcmp.o)
                0x00084a98                strcmp
 .text.strcpy   0x00084cd4       0xbc c:/programdata/matlab/supportpackages/r2016b/3p.instrset/arduinoide.instrset/arduinosam-1.6.7/packages/arduino/tools/arm-none-eabi-gcc/4.8.3-2014q1/bin/../lib/gcc/arm-none-eabi/4.8.3/../../../../arm-none-eabi/lib/armv7-m\libg.a(lib_a-strcpy.o)
                0x00084cd4                strcpy
 .text.strlen   0x00084d90       0x60 c:/programdata/matlab/supportpackages/r2016b/3p.instrset/arduinoide.instrset/arduinosam-1.6.7/packages/arduino/tools/arm-none-eabi-gcc/4.8.3-2014q1/bin/../lib/gcc/arm-none-eabi/4.8.3/../../../../arm-none-eabi/lib/armv7-m\libg.a(lib_a-strlen.o)
                0x00084d90                strlen
 .text._svfprintf_r
                0x00084df0     0x14e0 c:/programdata/matlab/supportpackages/r2016b/3p.instrset/arduinoide.instrset/arduinosam-1.6.7/packages/arduino/tools/arm-none-eabi-gcc/4.8.3-2014q1/bin/../lib/gcc/arm-none-eabi/4.8.3/../../../../arm-none-eabi/lib/armv7-m\libg.a(lib_a-svfprintf.o)
                0x00084df0                _svfprintf_r
 .text.__sprint_r.part.0
                0x000862d0       0x78 c:/programdata/matlab/supportpackages/r2016b/3p.instrset/arduinoide.instrset/arduinosam-1.6.7/packages/arduino/tools/arm-none-eabi-gcc/4.8.3-2014q1/bin/../lib/gcc/arm-none-eabi/4.8.3/../../../../arm-none-eabi/lib/armv7-m\libg.a(lib_a-vfiprintf.o)
 .text._vfiprintf_r
                0x00086348      0xc54 c:/programdata/matlab/supportpackages/r2016b/3p.instrset/arduinoide.instrset/arduinosam-1.6.7/packages/arduino/tools/arm-none-eabi-gcc/4.8.3-2014q1/bin/../lib/gcc/arm-none-eabi/4.8.3/../../../../arm-none-eabi/lib/armv7-m\libg.a(lib_a-vfiprintf.o)
                0x00086348                _vfiprintf_r
 .text.__sbprintf
                0x00086f9c       0x7c c:/programdata/matlab/supportpackages/r2016b/3p.instrset/arduinoide.instrset/arduinosam-1.6.7/packages/arduino/tools/arm-none-eabi-gcc/4.8.3-2014q1/bin/../lib/gcc/arm-none-eabi/4.8.3/../../../../arm-none-eabi/lib/armv7-m\libg.a(lib_a-vfiprintf.o)
 .text.__swsetup_r
                0x00087018       0xc4 c:/programdata/matlab/supportpackages/r2016b/3p.instrset/arduinoide.instrset/arduinosam-1.6.7/packages/arduino/tools/arm-none-eabi-gcc/4.8.3-2014q1/bin/../lib/gcc/arm-none-eabi/4.8.3/../../../../arm-none-eabi/lib/armv7-m\libg.a(lib_a-wsetup.o)
                0x00087018                __swsetup_r
 .text.startup.register_fini
                0x000870dc       0x14 c:/programdata/matlab/supportpackages/r2016b/3p.instrset/arduinoide.instrset/arduinosam-1.6.7/packages/arduino/tools/arm-none-eabi-gcc/4.8.3-2014q1/bin/../lib/gcc/arm-none-eabi/4.8.3/../../../../arm-none-eabi/lib/armv7-m\libg.a(lib_a-__call_atexit.o)
 .text.abort    0x000870f0       0x10 c:/programdata/matlab/supportpackages/r2016b/3p.instrset/arduinoide.instrset/arduinosam-1.6.7/packages/arduino/tools/arm-none-eabi-gcc/4.8.3-2014q1/bin/../lib/gcc/arm-none-eabi/4.8.3/../../../../arm-none-eabi/lib/armv7-m\libg.a(lib_a-abort.o)
                0x000870f0                abort
 .text.atexit   0x00087100        0xc c:/programdata/matlab/supportpackages/r2016b/3p.instrset/arduinoide.instrset/arduinosam-1.6.7/packages/arduino/tools/arm-none-eabi-gcc/4.8.3-2014q1/bin/../lib/gcc/arm-none-eabi/4.8.3/../../../../arm-none-eabi/lib/armv7-m\libg.a(lib_a-atexit.o)
                0x00087100                atexit
 .text.quorem   0x0008710c      0x134 c:/programdata/matlab/supportpackages/r2016b/3p.instrset/arduinoide.instrset/arduinosam-1.6.7/packages/arduino/tools/arm-none-eabi-gcc/4.8.3-2014q1/bin/../lib/gcc/arm-none-eabi/4.8.3/../../../../arm-none-eabi/lib/armv7-m\libg.a(lib_a-dtoa.o)
 .text._dtoa_r  0x00087240      0xe38 c:/programdata/matlab/supportpackages/r2016b/3p.instrset/arduinoide.instrset/arduinosam-1.6.7/packages/arduino/tools/arm-none-eabi-gcc/4.8.3-2014q1/bin/../lib/gcc/arm-none-eabi/4.8.3/../../../../arm-none-eabi/lib/armv7-m\libg.a(lib_a-dtoa.o)
                0x00087240                _dtoa_r
 .text.__sflush_r
                0x00088078      0x148 c:/programdata/matlab/supportpackages/r2016b/3p.instrset/arduinoide.instrset/arduinosam-1.6.7/packages/arduino/tools/arm-none-eabi-gcc/4.8.3-2014q1/bin/../lib/gcc/arm-none-eabi/4.8.3/../../../../arm-none-eabi/lib/armv7-m\libg.a(lib_a-fflush.o)
                0x00088078                __sflush_r
 .text._fflush_r
                0x000881c0       0x2c c:/programdata/matlab/supportpackages/r2016b/3p.instrset/arduinoide.instrset/arduinosam-1.6.7/packages/arduino/tools/arm-none-eabi-gcc/4.8.3-2014q1/bin/../lib/gcc/arm-none-eabi/4.8.3/../../../../arm-none-eabi/lib/armv7-m\libg.a(lib_a-fflush.o)
                0x000881c0                _fflush_r
 .text._cleanup_r
                0x000881ec        0xc c:/programdata/matlab/supportpackages/r2016b/3p.instrset/arduinoide.instrset/arduinosam-1.6.7/packages/arduino/tools/arm-none-eabi-gcc/4.8.3-2014q1/bin/../lib/gcc/arm-none-eabi/4.8.3/../../../../arm-none-eabi/lib/armv7-m\libg.a(lib_a-findfp.o)
                0x000881ec                _cleanup_r
 .text.__sinit  0x000881f8       0xf4 c:/programdata/matlab/supportpackages/r2016b/3p.instrset/arduinoide.instrset/arduinosam-1.6.7/packages/arduino/tools/arm-none-eabi-gcc/4.8.3-2014q1/bin/../lib/gcc/arm-none-eabi/4.8.3/../../../../arm-none-eabi/lib/armv7-m\libg.a(lib_a-findfp.o)
                0x000881f8                __sinit
 .text.__sfp_lock_acquire
                0x000882ec        0x4 c:/programdata/matlab/supportpackages/r2016b/3p.instrset/arduinoide.instrset/arduinosam-1.6.7/packages/arduino/tools/arm-none-eabi-gcc/4.8.3-2014q1/bin/../lib/gcc/arm-none-eabi/4.8.3/../../../../arm-none-eabi/lib/armv7-m\libg.a(lib_a-findfp.o)
                0x000882ec                __sfp_lock_acquire
 .text.__sfp_lock_release
                0x000882f0        0x4 c:/programdata/matlab/supportpackages/r2016b/3p.instrset/arduinoide.instrset/arduinosam-1.6.7/packages/arduino/tools/arm-none-eabi-gcc/4.8.3-2014q1/bin/../lib/gcc/arm-none-eabi/4.8.3/../../../../arm-none-eabi/lib/armv7-m\libg.a(lib_a-findfp.o)
                0x000882f0                __sfp_lock_release
 .text.__libc_fini_array
                0x000882f4       0x30 c:/programdata/matlab/supportpackages/r2016b/3p.instrset/arduinoide.instrset/arduinosam-1.6.7/packages/arduino/tools/arm-none-eabi-gcc/4.8.3-2014q1/bin/../lib/gcc/arm-none-eabi/4.8.3/../../../../arm-none-eabi/lib/armv7-m\libg.a(lib_a-fini.o)
                0x000882f4                __libc_fini_array
 .text._fputwc_r
                0x00088324       0xc0 c:/programdata/matlab/supportpackages/r2016b/3p.instrset/arduinoide.instrset/arduinosam-1.6.7/packages/arduino/tools/arm-none-eabi-gcc/4.8.3-2014q1/bin/../lib/gcc/arm-none-eabi/4.8.3/../../../../arm-none-eabi/lib/armv7-m\libg.a(lib_a-fputwc.o)
                0x00088324                _fputwc_r
 .text._malloc_trim_r
                0x000883e4       0x9c c:/programdata/matlab/supportpackages/r2016b/3p.instrset/arduinoide.instrset/arduinosam-1.6.7/packages/arduino/tools/arm-none-eabi-gcc/4.8.3-2014q1/bin/../lib/gcc/arm-none-eabi/4.8.3/../../../../arm-none-eabi/lib/armv7-m\libg.a(lib_a-freer.o)
                0x000883e4                _malloc_trim_r
 .text._free_r  0x00088480      0x198 c:/programdata/matlab/supportpackages/r2016b/3p.instrset/arduinoide.instrset/arduinosam-1.6.7/packages/arduino/tools/arm-none-eabi-gcc/4.8.3-2014q1/bin/../lib/gcc/arm-none-eabi/4.8.3/../../../../arm-none-eabi/lib/armv7-m\libg.a(lib_a-freer.o)
                0x00088480                _free_r
 .text.__sfvwrite_r
                0x00088618      0x314 c:/programdata/matlab/supportpackages/r2016b/3p.instrset/arduinoide.instrset/arduinosam-1.6.7/packages/arduino/tools/arm-none-eabi-gcc/4.8.3-2014q1/bin/../lib/gcc/arm-none-eabi/4.8.3/../../../../arm-none-eabi/lib/armv7-m\libg.a(lib_a-fvwrite.o)
                0x00088618                __sfvwrite_r
 .text._fwalk   0x0008892c       0x48 c:/programdata/matlab/supportpackages/r2016b/3p.instrset/arduinoide.instrset/arduinosam-1.6.7/packages/arduino/tools/arm-none-eabi-gcc/4.8.3-2014q1/bin/../lib/gcc/arm-none-eabi/4.8.3/../../../../arm-none-eabi/lib/armv7-m\libg.a(lib_a-fwalk.o)
                0x0008892c                _fwalk
 .text.__locale_charset
                0x00088974        0x8 c:/programdata/matlab/supportpackages/r2016b/3p.instrset/arduinoide.instrset/arduinosam-1.6.7/packages/arduino/tools/arm-none-eabi-gcc/4.8.3-2014q1/bin/../lib/gcc/arm-none-eabi/4.8.3/../../../../arm-none-eabi/lib/armv7-m\libg.a(lib_a-locale.o)
                0x00088974                __locale_charset
 .text.__locale_mb_cur_max
                0x0008897c        0xc c:/programdata/matlab/supportpackages/r2016b/3p.instrset/arduinoide.instrset/arduinosam-1.6.7/packages/arduino/tools/arm-none-eabi-gcc/4.8.3-2014q1/bin/../lib/gcc/arm-none-eabi/4.8.3/../../../../arm-none-eabi/lib/armv7-m\libg.a(lib_a-locale.o)
                0x0008897c                __locale_mb_cur_max
 .text._localeconv_r
                0x00088988        0x8 c:/programdata/matlab/supportpackages/r2016b/3p.instrset/arduinoide.instrset/arduinosam-1.6.7/packages/arduino/tools/arm-none-eabi-gcc/4.8.3-2014q1/bin/../lib/gcc/arm-none-eabi/4.8.3/../../../../arm-none-eabi/lib/armv7-m\libg.a(lib_a-locale.o)
                0x00088988                _localeconv_r
 .text.__smakebuf_r
                0x00088990       0xe0 c:/programdata/matlab/supportpackages/r2016b/3p.instrset/arduinoide.instrset/arduinosam-1.6.7/packages/arduino/tools/arm-none-eabi-gcc/4.8.3-2014q1/bin/../lib/gcc/arm-none-eabi/4.8.3/../../../../arm-none-eabi/lib/armv7-m\libg.a(lib_a-makebuf.o)
                0x00088990                __smakebuf_r
 .text.memchr   0x00088a70       0x94 c:/programdata/matlab/supportpackages/r2016b/3p.instrset/arduinoide.instrset/arduinosam-1.6.7/packages/arduino/tools/arm-none-eabi-gcc/4.8.3-2014q1/bin/../lib/gcc/arm-none-eabi/4.8.3/../../../../arm-none-eabi/lib/armv7-m\libg.a(lib_a-memchr-stub.o)
                0x00088a70                memchr
 .text._Balloc  0x00088b04       0x4c c:/programdata/matlab/supportpackages/r2016b/3p.instrset/arduinoide.instrset/arduinosam-1.6.7/packages/arduino/tools/arm-none-eabi-gcc/4.8.3-2014q1/bin/../lib/gcc/arm-none-eabi/4.8.3/../../../../arm-none-eabi/lib/armv7-m\libg.a(lib_a-mprec.o)
                0x00088b04                _Balloc
 .text._Bfree   0x00088b50       0x14 c:/programdata/matlab/supportpackages/r2016b/3p.instrset/arduinoide.instrset/arduinosam-1.6.7/packages/arduino/tools/arm-none-eabi-gcc/4.8.3-2014q1/bin/../lib/gcc/arm-none-eabi/4.8.3/../../../../arm-none-eabi/lib/armv7-m\libg.a(lib_a-mprec.o)
                0x00088b50                _Bfree
 .text.__multadd
                0x00088b64       0x94 c:/programdata/matlab/supportpackages/r2016b/3p.instrset/arduinoide.instrset/arduinosam-1.6.7/packages/arduino/tools/arm-none-eabi-gcc/4.8.3-2014q1/bin/../lib/gcc/arm-none-eabi/4.8.3/../../../../arm-none-eabi/lib/armv7-m\libg.a(lib_a-mprec.o)
                0x00088b64                __multadd
 .text.__hi0bits
                0x00088bf8       0x40 c:/programdata/matlab/supportpackages/r2016b/3p.instrset/arduinoide.instrset/arduinosam-1.6.7/packages/arduino/tools/arm-none-eabi-gcc/4.8.3-2014q1/bin/../lib/gcc/arm-none-eabi/4.8.3/../../../../arm-none-eabi/lib/armv7-m\libg.a(lib_a-mprec.o)
                0x00088bf8                __hi0bits
 .text.__lo0bits
                0x00088c38       0x5c c:/programdata/matlab/supportpackages/r2016b/3p.instrset/arduinoide.instrset/arduinosam-1.6.7/packages/arduino/tools/arm-none-eabi-gcc/4.8.3-2014q1/bin/../lib/gcc/arm-none-eabi/4.8.3/../../../../arm-none-eabi/lib/armv7-m\libg.a(lib_a-mprec.o)
                0x00088c38                __lo0bits
 .text.__i2b    0x00088c94       0x14 c:/programdata/matlab/supportpackages/r2016b/3p.instrset/arduinoide.instrset/arduinosam-1.6.7/packages/arduino/tools/arm-none-eabi-gcc/4.8.3-2014q1/bin/../lib/gcc/arm-none-eabi/4.8.3/../../../../arm-none-eabi/lib/armv7-m\libg.a(lib_a-mprec.o)
                0x00088c94                __i2b
 .text.__multiply
                0x00088ca8      0x13c c:/programdata/matlab/supportpackages/r2016b/3p.instrset/arduinoide.instrset/arduinosam-1.6.7/packages/arduino/tools/arm-none-eabi-gcc/4.8.3-2014q1/bin/../lib/gcc/arm-none-eabi/4.8.3/../../../../arm-none-eabi/lib/armv7-m\libg.a(lib_a-mprec.o)
                0x00088ca8                __multiply
 .text.__pow5mult
                0x00088de4       0x9c c:/programdata/matlab/supportpackages/r2016b/3p.instrset/arduinoide.instrset/arduinosam-1.6.7/packages/arduino/tools/arm-none-eabi-gcc/4.8.3-2014q1/bin/../lib/gcc/arm-none-eabi/4.8.3/../../../../arm-none-eabi/lib/armv7-m\libg.a(lib_a-mprec.o)
                0x00088de4                __pow5mult
 .text.__lshift
                0x00088e80       0xbc c:/programdata/matlab/supportpackages/r2016b/3p.instrset/arduinoide.instrset/arduinosam-1.6.7/packages/arduino/tools/arm-none-eabi-gcc/4.8.3-2014q1/bin/../lib/gcc/arm-none-eabi/4.8.3/../../../../arm-none-eabi/lib/armv7-m\libg.a(lib_a-mprec.o)
                0x00088e80                __lshift
 .text.__mcmp   0x00088f3c       0x48 c:/programdata/matlab/supportpackages/r2016b/3p.instrset/arduinoide.instrset/arduinosam-1.6.7/packages/arduino/tools/arm-none-eabi-gcc/4.8.3-2014q1/bin/../lib/gcc/arm-none-eabi/4.8.3/../../../../arm-none-eabi/lib/armv7-m\libg.a(lib_a-mprec.o)
                0x00088f3c                __mcmp
 .text.__mdiff  0x00088f84       0xd8 c:/programdata/matlab/supportpackages/r2016b/3p.instrset/arduinoide.instrset/arduinosam-1.6.7/packages/arduino/tools/arm-none-eabi-gcc/4.8.3-2014q1/bin/../lib/gcc/arm-none-eabi/4.8.3/../../../../arm-none-eabi/lib/armv7-m\libg.a(lib_a-mprec.o)
                0x00088f84                __mdiff
 .text.__d2b    0x0008905c       0xbc c:/programdata/matlab/supportpackages/r2016b/3p.instrset/arduinoide.instrset/arduinosam-1.6.7/packages/arduino/tools/arm-none-eabi-gcc/4.8.3-2014q1/bin/../lib/gcc/arm-none-eabi/4.8.3/../../../../arm-none-eabi/lib/armv7-m\libg.a(lib_a-mprec.o)
                0x0008905c                __d2b
 .text._raise_r
                0x00089118       0x58 c:/programdata/matlab/supportpackages/r2016b/3p.instrset/arduinoide.instrset/arduinosam-1.6.7/packages/arduino/tools/arm-none-eabi-gcc/4.8.3-2014q1/bin/../lib/gcc/arm-none-eabi/4.8.3/../../../../arm-none-eabi/lib/armv7-m\libg.a(lib_a-signal.o)
                0x00089118                _raise_r
 .text.raise    0x00089170       0x10 c:/programdata/matlab/supportpackages/r2016b/3p.instrset/arduinoide.instrset/arduinosam-1.6.7/packages/arduino/tools/arm-none-eabi-gcc/4.8.3-2014q1/bin/../lib/gcc/arm-none-eabi/4.8.3/../../../../arm-none-eabi/lib/armv7-m\libg.a(lib_a-signal.o)
                0x00089170                raise
 .text._kill_r  0x00089180       0x28 c:/programdata/matlab/supportpackages/r2016b/3p.instrset/arduinoide.instrset/arduinosam-1.6.7/packages/arduino/tools/arm-none-eabi-gcc/4.8.3-2014q1/bin/../lib/gcc/arm-none-eabi/4.8.3/../../../../arm-none-eabi/lib/armv7-m\libg.a(lib_a-signalr.o)
                0x00089180                _kill_r
 .text._getpid_r
                0x000891a8        0x4 c:/programdata/matlab/supportpackages/r2016b/3p.instrset/arduinoide.instrset/arduinosam-1.6.7/packages/arduino/tools/arm-none-eabi-gcc/4.8.3-2014q1/bin/../lib/gcc/arm-none-eabi/4.8.3/../../../../arm-none-eabi/lib/armv7-m\libg.a(lib_a-signalr.o)
                0x000891a8                _getpid_r
 .text.__sread  0x000891ac       0x24 c:/programdata/matlab/supportpackages/r2016b/3p.instrset/arduinoide.instrset/arduinosam-1.6.7/packages/arduino/tools/arm-none-eabi-gcc/4.8.3-2014q1/bin/../lib/gcc/arm-none-eabi/4.8.3/../../../../arm-none-eabi/lib/armv7-m\libg.a(lib_a-stdio.o)
                0x000891ac                __sread
 .text.__swrite
                0x000891d0       0x38 c:/programdata/matlab/supportpackages/r2016b/3p.instrset/arduinoide.instrset/arduinosam-1.6.7/packages/arduino/tools/arm-none-eabi-gcc/4.8.3-2014q1/bin/../lib/gcc/arm-none-eabi/4.8.3/../../../../arm-none-eabi/lib/armv7-m\libg.a(lib_a-stdio.o)
                0x000891d0                __swrite
 .text.__sseek  0x00089208       0x20 c:/programdata/matlab/supportpackages/r2016b/3p.instrset/arduinoide.instrset/arduinosam-1.6.7/packages/arduino/tools/arm-none-eabi-gcc/4.8.3-2014q1/bin/../lib/gcc/arm-none-eabi/4.8.3/../../../../arm-none-eabi/lib/armv7-m\libg.a(lib_a-stdio.o)
                0x00089208                __sseek
 .text.__sclose
                0x00089228        0x8 c:/programdata/matlab/supportpackages/r2016b/3p.instrset/arduinoide.instrset/arduinosam-1.6.7/packages/arduino/tools/arm-none-eabi-gcc/4.8.3-2014q1/bin/../lib/gcc/arm-none-eabi/4.8.3/../../../../arm-none-eabi/lib/armv7-m\libg.a(lib_a-stdio.o)
                0x00089228                __sclose
 .text.__ssprint_r
                0x00089230      0x100 c:/programdata/matlab/supportpackages/r2016b/3p.instrset/arduinoide.instrset/arduinosam-1.6.7/packages/arduino/tools/arm-none-eabi-gcc/4.8.3-2014q1/bin/../lib/gcc/arm-none-eabi/4.8.3/../../../../arm-none-eabi/lib/armv7-m\libg.a(lib_a-svfiprintf.o)
                0x00089230                __ssprint_r
 .text.__swbuf_r
                0x00089330       0xa8 c:/programdata/matlab/supportpackages/r2016b/3p.instrset/arduinoide.instrset/arduinosam-1.6.7/packages/arduino/tools/arm-none-eabi-gcc/4.8.3-2014q1/bin/../lib/gcc/arm-none-eabi/4.8.3/../../../../arm-none-eabi/lib/armv7-m\libg.a(lib_a-wbuf.o)
                0x00089330                __swbuf_r
 .text._wcrtomb_r
                0x000893d8       0x50 c:/programdata/matlab/supportpackages/r2016b/3p.instrset/arduinoide.instrset/arduinosam-1.6.7/packages/arduino/tools/arm-none-eabi-gcc/4.8.3-2014q1/bin/../lib/gcc/arm-none-eabi/4.8.3/../../../../arm-none-eabi/lib/armv7-m\libg.a(lib_a-wcrtomb.o)
                0x000893d8                _wcrtomb_r
 .text.__ascii_wctomb
                0x00089428       0x1c c:/programdata/matlab/supportpackages/r2016b/3p.instrset/arduinoide.instrset/arduinosam-1.6.7/packages/arduino/tools/arm-none-eabi-gcc/4.8.3-2014q1/bin/../lib/gcc/arm-none-eabi/4.8.3/../../../../arm-none-eabi/lib/armv7-m\libg.a(lib_a-wctomb_r.o)
                0x00089428                __ascii_wctomb
 .text._write_r
                0x00089444       0x28 c:/programdata/matlab/supportpackages/r2016b/3p.instrset/arduinoide.instrset/arduinosam-1.6.7/packages/arduino/tools/arm-none-eabi-gcc/4.8.3-2014q1/bin/../lib/gcc/arm-none-eabi/4.8.3/../../../../arm-none-eabi/lib/armv7-m\libg.a(lib_a-writer.o)
                0x00089444                _write_r
 .text.__register_exitproc
                0x0008946c       0xa8 c:/programdata/matlab/supportpackages/r2016b/3p.instrset/arduinoide.instrset/arduinosam-1.6.7/packages/arduino/tools/arm-none-eabi-gcc/4.8.3-2014q1/bin/../lib/gcc/arm-none-eabi/4.8.3/../../../../arm-none-eabi/lib/armv7-m\libg.a(lib_a-__atexit.o)
                0x0008946c                __register_exitproc
 .text._calloc_r
                0x00089514       0x60 c:/programdata/matlab/supportpackages/r2016b/3p.instrset/arduinoide.instrset/arduinosam-1.6.7/packages/arduino/tools/arm-none-eabi-gcc/4.8.3-2014q1/bin/../lib/gcc/arm-none-eabi/4.8.3/../../../../arm-none-eabi/lib/armv7-m\libg.a(lib_a-callocr.o)
                0x00089514                _calloc_r
 .text._close_r
                0x00089574       0x24 c:/programdata/matlab/supportpackages/r2016b/3p.instrset/arduinoide.instrset/arduinosam-1.6.7/packages/arduino/tools/arm-none-eabi-gcc/4.8.3-2014q1/bin/../lib/gcc/arm-none-eabi/4.8.3/../../../../arm-none-eabi/lib/armv7-m\libg.a(lib_a-closer.o)
                0x00089574                _close_r
 .text._fclose_r
                0x00089598       0x80 c:/programdata/matlab/supportpackages/r2016b/3p.instrset/arduinoide.instrset/arduinosam-1.6.7/packages/arduino/tools/arm-none-eabi-gcc/4.8.3-2014q1/bin/../lib/gcc/arm-none-eabi/4.8.3/../../../../arm-none-eabi/lib/armv7-m\libg.a(lib_a-fclose.o)
                0x00089598                _fclose_r
 .text.fclose   0x00089618       0x10 c:/programdata/matlab/supportpackages/r2016b/3p.instrset/arduinoide.instrset/arduinosam-1.6.7/packages/arduino/tools/arm-none-eabi-gcc/4.8.3-2014q1/bin/../lib/gcc/arm-none-eabi/4.8.3/../../../../arm-none-eabi/lib/armv7-m\libg.a(lib_a-fclose.o)
                0x00089618                fclose
 .text._fstat_r
                0x00089628       0x28 c:/programdata/matlab/supportpackages/r2016b/3p.instrset/arduinoide.instrset/arduinosam-1.6.7/packages/arduino/tools/arm-none-eabi-gcc/4.8.3-2014q1/bin/../lib/gcc/arm-none-eabi/4.8.3/../../../../arm-none-eabi/lib/armv7-m\libg.a(lib_a-fstatr.o)
                0x00089628                _fstat_r
 .text._isatty_r
                0x00089650       0x24 c:/programdata/matlab/supportpackages/r2016b/3p.instrset/arduinoide.instrset/arduinosam-1.6.7/packages/arduino/tools/arm-none-eabi-gcc/4.8.3-2014q1/bin/../lib/gcc/arm-none-eabi/4.8.3/../../../../arm-none-eabi/lib/armv7-m\libg.a(lib_a-isattyr.o)
                0x00089650                _isatty_r
 .text._lseek_r
                0x00089674       0x28 c:/programdata/matlab/supportpackages/r2016b/3p.instrset/arduinoide.instrset/arduinosam-1.6.7/packages/arduino/tools/arm-none-eabi-gcc/4.8.3-2014q1/bin/../lib/gcc/arm-none-eabi/4.8.3/../../../../arm-none-eabi/lib/armv7-m\libg.a(lib_a-lseekr.o)
                0x00089674                _lseek_r
 .text._read_r  0x0008969c       0x28 c:/programdata/matlab/supportpackages/r2016b/3p.instrset/arduinoide.instrset/arduinosam-1.6.7/packages/arduino/tools/arm-none-eabi-gcc/4.8.3-2014q1/bin/../lib/gcc/arm-none-eabi/4.8.3/../../../../arm-none-eabi/lib/armv7-m\libg.a(lib_a-readr.o)
                0x0008969c                _read_r
 .text          0x000896c4       0x2c c:/programdata/matlab/supportpackages/r2016b/3p.instrset/arduinoide.instrset/arduinosam-1.6.7/packages/arduino/tools/arm-none-eabi-gcc/4.8.3-2014q1/bin/../lib/gcc/arm-none-eabi/4.8.3/armv7-m\libgcc.a(_aeabi_uldivmod.o)
                0x000896c4                __aeabi_uldivmod
 .text          0x000896f0       0x60 c:/programdata/matlab/supportpackages/r2016b/3p.instrset/arduinoide.instrset/arduinosam-1.6.7/packages/arduino/tools/arm-none-eabi-gcc/4.8.3-2014q1/bin/../lib/gcc/arm-none-eabi/4.8.3/armv7-m\libgcc.a(bpabi.o)
                0x000896f0                __gnu_ldivmod_helper
                0x00089720                __gnu_uldivmod_helper
 .text          0x00089750        0x4 c:/programdata/matlab/supportpackages/r2016b/3p.instrset/arduinoide.instrset/arduinosam-1.6.7/packages/arduino/tools/arm-none-eabi-gcc/4.8.3-2014q1/bin/../lib/gcc/arm-none-eabi/4.8.3/armv7-m\libgcc.a(_dvmd_tls.o)
                0x00089750                __aeabi_idiv0
                0x00089750                __aeabi_ldiv0
 .text          0x00089754      0x2a0 c:/programdata/matlab/supportpackages/r2016b/3p.instrset/arduinoide.instrset/arduinosam-1.6.7/packages/arduino/tools/arm-none-eabi-gcc/4.8.3-2014q1/bin/../lib/gcc/arm-none-eabi/4.8.3/armv7-m\libgcc.a(_divdi3.o)
                0x00089754                __divdi3
 .text          0x000899f4      0x290 c:/programdata/matlab/supportpackages/r2016b/3p.instrset/arduinoide.instrset/arduinosam-1.6.7/packages/arduino/tools/arm-none-eabi-gcc/4.8.3-2014q1/bin/../lib/gcc/arm-none-eabi/4.8.3/armv7-m\libgcc.a(_udivdi3.o)
                0x000899f4                __udivdi3
 *(.glue_7t)
 .glue_7t       0x00000000        0x0 linker stubs
 *(.glue_7)
 .glue_7        0x00000000        0x0 linker stubs
 *(.rodata .rodata* .gnu.linkonce.r.*)
 .rodata.pHSystem_M
                0x00089c84        0x4 pHSystem.o
                0x00089c84                pHSystem_M
 .rodata.str1.1
                0x00089c88       0x12 pHSystem.o
 .rodata.str1.1
                0x00089c9a       0x16 pHSensor_wrapper.o
                                 0x17 (size before relaxing)
 .rodata.str1.1
                0x00089cb0        0x9 dtostrf.o
 .rodata.str1.1
                0x00089cb9       0x19 syscalls_sam3.o
 *fill*         0x00089cd2        0x6 
 .rodata._ZTV9IPAddress
                0x00089cd8       0x10 IPAddress.o
                0x00089cd8                vtable for IPAddress
 .rodata.str1.1
                0x00089ce8       0x11 Print.o
 *fill*         0x00089cf9        0x7 
 .rodata._ZTV9UARTClass
                0x00089d00       0x30 UARTClass.o
                0x00089d00                vtable for UARTClass
 .rodata._ZTV10USARTClass
                0x00089d30       0x30 USARTClass.o
                0x00089d30                vtable for USARTClass
 .rodata._ZTV7Serial_
                0x00089d60       0x28 CDC.o
                0x00089d60                vtable for Serial_
 .rodata._ZL18_cdcOtherInterface
                0x00089d88       0x42 CDC.o
 .rodata._ZL13_cdcInterface
                0x00089dca       0x42 CDC.o
 .rodata.STRING_PRODUCT
                0x00089e0c        0xc USBCore.o
                0x00089e0c                STRING_PRODUCT
 .rodata.USB_DeviceDescriptor
                0x00089e18       0x12 USBCore.o
                0x00089e18                USB_DeviceDescriptor
 .rodata.STRING_LANGUAGE
                0x00089e2a        0x4 USBCore.o
                0x00089e2a                STRING_LANGUAGE
 .rodata._ZL18test_packet_buffer
                0x00089e2e       0x35 USBCore.o
 .rodata.STRING_MANUFACTURER
                0x00089e63        0xc USBCore.o
                0x00089e63                STRING_MANUFACTURER
 .rodata.USB_DeviceDescriptorA
                0x00089e6f       0x12 USBCore.o
                0x00089e6f                USB_DeviceDescriptorA
 .rodata._ZL19USB_DeviceQualifier
                0x00089e81        0x9 USBCore.o
 *fill*         0x00089e8a        0x2 
 .rodata.g_APinDescription
                0x00089e8c      0xa2c variant.o
                0x00089e8c                g_APinDescription
 .rodata.__func__.6792
                0x0008a8b8        0xd C:/ProgramData/MATLAB/SupportPackages/R2016b/3P.instrset/arduinoide.instrset/arduinosam-1.6.7/packages/arduino/hardware/sam/1.6.7/variants/arduino_due_x/libsam_sam3x8e_gcc_rel.a(tc.o)
 .rodata.str1.1
                0x0008a8c5       0x54 C:/ProgramData/MATLAB/SupportPackages/R2016b/3P.instrset/arduinoide.instrset/arduinosam-1.6.7/packages/arduino/hardware/sam/1.6.7/variants/arduino_due_x/libsam_sam3x8e_gcc_rel.a(tc.o)
 .rodata.__func__.6798
                0x0008a919        0x9 C:/ProgramData/MATLAB/SupportPackages/R2016b/3P.instrset/arduinoide.instrset/arduinosam-1.6.7/packages/arduino/hardware/sam/1.6.7/variants/arduino_due_x/libsam_sam3x8e_gcc_rel.a(tc.o)
 *fill*         0x0008a922        0x2 
 .rodata        0x0008a924       0x40 C:/ProgramData/MATLAB/SupportPackages/R2016b/3P.instrset/arduinoide.instrset/arduinosam-1.6.7/packages/arduino/hardware/sam/1.6.7/variants/arduino_due_x/libsam_sam3x8e_gcc_rel.a(adc.o)
 .rodata.str1.4
                0x0008a964        0x5 c:/programdata/matlab/supportpackages/r2016b/3p.instrset/arduinoide.instrset/arduinosam-1.6.7/packages/arduino/tools/arm-none-eabi-gcc/4.8.3-2014q1/bin/../lib/gcc/arm-none-eabi/4.8.3/../../../../arm-none-eabi/lib/armv7-m\libm.a(lib_a-w_fmod.o)
                                  0x8 (size before relaxing)
 *fill*         0x0008a969        0x3 
 .rodata.str1.4
                0x0008a96c        0x4 c:/programdata/matlab/supportpackages/r2016b/3p.instrset/arduinoide.instrset/arduinosam-1.6.7/packages/arduino/tools/arm-none-eabi-gcc/4.8.3-2014q1/bin/../lib/gcc/arm-none-eabi/4.8.3/../../../../arm-none-eabi/lib/armv7-m\libm.a(lib_a-w_log.o)
                                  0x8 (size before relaxing)
 .rodata.str1.4
                0x0008a970        0x5 c:/programdata/matlab/supportpackages/r2016b/3p.instrset/arduinoide.instrset/arduinosam-1.6.7/packages/arduino/tools/arm-none-eabi-gcc/4.8.3-2014q1/bin/../lib/gcc/arm-none-eabi/4.8.3/../../../../arm-none-eabi/lib/armv7-m\libm.a(lib_a-w_sqrt.o)
                                  0x8 (size before relaxing)
 *fill*         0x0008a975        0x3 
 .rodata.Zero   0x0008a978       0x10 c:/programdata/matlab/supportpackages/r2016b/3p.instrset/arduinoide.instrset/arduinosam-1.6.7/packages/arduino/tools/arm-none-eabi-gcc/4.8.3-2014q1/bin/../lib/gcc/arm-none-eabi/4.8.3/../../../../arm-none-eabi/lib/armv7-m\libm.a(lib_a-e_fmod.o)
 .rodata.str1.4
                0x0008a988       0x3f c:/programdata/matlab/supportpackages/r2016b/3p.instrset/arduinoide.instrset/arduinosam-1.6.7/packages/arduino/tools/arm-none-eabi-gcc/4.8.3-2014q1/bin/../lib/gcc/arm-none-eabi/4.8.3/../../../../arm-none-eabi/lib/armv7-m\libg.a(lib_a-assert.o)
                                 0x44 (size before relaxing)
 *fill*         0x0008a9c7        0x1 
 .rodata.str1.4
                0x0008a9c8        0x2 c:/programdata/matlab/supportpackages/r2016b/3p.instrset/arduinoide.instrset/arduinosam-1.6.7/packages/arduino/tools/arm-none-eabi-gcc/4.8.3-2014q1/bin/../lib/gcc/arm-none-eabi/4.8.3/../../../../arm-none-eabi/lib/armv7-m\libg.a(lib_a-impure.o)
                                  0x4 (size before relaxing)
 *fill*         0x0008a9ca        0x2 
 .rodata._global_impure_ptr
                0x0008a9cc        0x4 c:/programdata/matlab/supportpackages/r2016b/3p.instrset/arduinoide.instrset/arduinosam-1.6.7/packages/arduino/tools/arm-none-eabi-gcc/4.8.3-2014q1/bin/../lib/gcc/arm-none-eabi/4.8.3/../../../../arm-none-eabi/lib/armv7-m\libg.a(lib_a-impure.o)
                0x0008a9cc                _global_impure_ptr
 .rodata.zeroes.6760
                0x0008a9d0       0x10 c:/programdata/matlab/supportpackages/r2016b/3p.instrset/arduinoide.instrset/arduinosam-1.6.7/packages/arduino/tools/arm-none-eabi-gcc/4.8.3-2014q1/bin/../lib/gcc/arm-none-eabi/4.8.3/../../../../arm-none-eabi/lib/armv7-m\libg.a(lib_a-svfprintf.o)
 .rodata.str1.4
                0x0008a9e0       0x42 c:/programdata/matlab/supportpackages/r2016b/3p.instrset/arduinoide.instrset/arduinosam-1.6.7/packages/arduino/tools/arm-none-eabi-gcc/4.8.3-2014q1/bin/../lib/gcc/arm-none-eabi/4.8.3/../../../../arm-none-eabi/lib/armv7-m\libg.a(lib_a-svfprintf.o)
                                 0x44 (size before relaxing)
 *fill*         0x0008aa22        0x2 
 .rodata.blanks.6759
                0x0008aa24       0x10 c:/programdata/matlab/supportpackages/r2016b/3p.instrset/arduinoide.instrset/arduinosam-1.6.7/packages/arduino/tools/arm-none-eabi-gcc/4.8.3-2014q1/bin/../lib/gcc/arm-none-eabi/4.8.3/../../../../arm-none-eabi/lib/armv7-m\libg.a(lib_a-svfprintf.o)
 .rodata.blanks.6717
                0x0008aa34       0x10 c:/programdata/matlab/supportpackages/r2016b/3p.instrset/arduinoide.instrset/arduinosam-1.6.7/packages/arduino/tools/arm-none-eabi-gcc/4.8.3-2014q1/bin/../lib/gcc/arm-none-eabi/4.8.3/../../../../arm-none-eabi/lib/armv7-m\libg.a(lib_a-vfiprintf.o)
 .rodata.str1.4
                0x00000000       0x30 c:/programdata/matlab/supportpackages/r2016b/3p.instrset/arduinoide.instrset/arduinosam-1.6.7/packages/arduino/tools/arm-none-eabi-gcc/4.8.3-2014q1/bin/../lib/gcc/arm-none-eabi/4.8.3/../../../../arm-none-eabi/lib/armv7-m\libg.a(lib_a-vfiprintf.o)
 .rodata.zeroes.6718
                0x0008aa44       0x10 c:/programdata/matlab/supportpackages/r2016b/3p.instrset/arduinoide.instrset/arduinosam-1.6.7/packages/arduino/tools/arm-none-eabi-gcc/4.8.3-2014q1/bin/../lib/gcc/arm-none-eabi/4.8.3/../../../../arm-none-eabi/lib/armv7-m\libg.a(lib_a-vfiprintf.o)
 .rodata.str1.4
                0x0008aa54       0x10 c:/programdata/matlab/supportpackages/r2016b/3p.instrset/arduinoide.instrset/arduinosam-1.6.7/packages/arduino/tools/arm-none-eabi-gcc/4.8.3-2014q1/bin/../lib/gcc/arm-none-eabi/4.8.3/../../../../arm-none-eabi/lib/armv7-m\libg.a(lib_a-dtoa.o)
                                 0x14 (size before relaxing)
 .rodata.str1.4
                0x0008aa64        0xc c:/programdata/matlab/supportpackages/r2016b/3p.instrset/arduinoide.instrset/arduinosam-1.6.7/packages/arduino/tools/arm-none-eabi-gcc/4.8.3-2014q1/bin/../lib/gcc/arm-none-eabi/4.8.3/../../../../arm-none-eabi/lib/armv7-m\libg.a(lib_a-locale.o)
                                 0x14 (size before relaxing)
 .rodata.__mprec_tens
                0x0008aa70       0xc8 c:/programdata/matlab/supportpackages/r2016b/3p.instrset/arduinoide.instrset/arduinosam-1.6.7/packages/arduino/tools/arm-none-eabi-gcc/4.8.3-2014q1/bin/../lib/gcc/arm-none-eabi/4.8.3/../../../../arm-none-eabi/lib/armv7-m\libg.a(lib_a-mprec.o)
                0x0008aa70                __mprec_tens
 .rodata.__mprec_bigtens
                0x0008ab38       0x28 c:/programdata/matlab/supportpackages/r2016b/3p.instrset/arduinoide.instrset/arduinosam-1.6.7/packages/arduino/tools/arm-none-eabi-gcc/4.8.3-2014q1/bin/../lib/gcc/arm-none-eabi/4.8.3/../../../../arm-none-eabi/lib/armv7-m\libg.a(lib_a-mprec.o)
                0x0008ab38                __mprec_bigtens
 .rodata.p05.5266
                0x0008ab60        0xc c:/programdata/matlab/supportpackages/r2016b/3p.instrset/arduinoide.instrset/arduinosam-1.6.7/packages/arduino/tools/arm-none-eabi-gcc/4.8.3-2014q1/bin/../lib/gcc/arm-none-eabi/4.8.3/../../../../arm-none-eabi/lib/armv7-m\libg.a(lib_a-mprec.o)
 *(.ARM.extab* .gnu.linkonce.armextab.*)
                0x0008ab6c                . = ALIGN (0x4)
 *(.init)
 .init          0x0008ab6c        0x4 c:/programdata/matlab/supportpackages/r2016b/3p.instrset/arduinoide.instrset/arduinosam-1.6.7/packages/arduino/tools/arm-none-eabi-gcc/4.8.3-2014q1/bin/../lib/gcc/arm-none-eabi/4.8.3/armv7-m/crti.o
                0x0008ab6c                _init
 .init          0x0008ab70        0x8 c:/programdata/matlab/supportpackages/r2016b/3p.instrset/arduinoide.instrset/arduinosam-1.6.7/packages/arduino/tools/arm-none-eabi-gcc/4.8.3-2014q1/bin/../lib/gcc/arm-none-eabi/4.8.3/armv7-m/crtn.o
                0x0008ab78                . = ALIGN (0x4)
                0x0008ab78                __preinit_array_start = .
 *(.preinit_array)
                0x0008ab78                __preinit_array_end = .
                0x0008ab78                . = ALIGN (0x4)
                0x0008ab78                __init_array_start = .
 *(SORT(.init_array.*))
 .init_array.00000
                0x0008ab78        0x4 c:/programdata/matlab/supportpackages/r2016b/3p.instrset/arduinoide.instrset/arduinosam-1.6.7/packages/arduino/tools/arm-none-eabi-gcc/4.8.3-2014q1/bin/../lib/gcc/arm-none-eabi/4.8.3/../../../../arm-none-eabi/lib/armv7-m\libg.a(lib_a-__call_atexit.o)
 *(.init_array)
 .init_array    0x0008ab7c        0x4 c:/programdata/matlab/supportpackages/r2016b/3p.instrset/arduinoide.instrset/arduinosam-1.6.7/packages/arduino/tools/arm-none-eabi-gcc/4.8.3-2014q1/bin/../lib/gcc/arm-none-eabi/4.8.3/armv7-m/crtbegin.o
 .init_array    0x0008ab80        0x4 IPAddress.o
 .init_array    0x0008ab84        0x4 CDC.o
 .init_array    0x0008ab88        0x4 USBCore.o
 .init_array    0x0008ab8c        0x4 variant.o
                0x0008ab90                __init_array_end = .
                0x0008ab90                . = ALIGN (0x4)
 *crtbegin.o(.ctors)
 *(EXCLUDE_FILE(*crtend.o) .ctors)
 *(SORT(.ctors.*))
 *crtend.o(.ctors)
                0x0008ab90                . = ALIGN (0x4)
 *(.fini)
 .fini          0x0008ab90        0x4 c:/programdata/matlab/supportpackages/r2016b/3p.instrset/arduinoide.instrset/arduinosam-1.6.7/packages/arduino/tools/arm-none-eabi-gcc/4.8.3-2014q1/bin/../lib/gcc/arm-none-eabi/4.8.3/armv7-m/crti.o
                0x0008ab90                _fini
 .fini          0x0008ab94        0x8 c:/programdata/matlab/supportpackages/r2016b/3p.instrset/arduinoide.instrset/arduinosam-1.6.7/packages/arduino/tools/arm-none-eabi-gcc/4.8.3-2014q1/bin/../lib/gcc/arm-none-eabi/4.8.3/armv7-m/crtn.o
                0x0008ab9c                . = ALIGN (0x4)
                0x0008ab9c                __fini_array_start = .
 *(.fini_array)
 .fini_array    0x0008ab9c        0x4 c:/programdata/matlab/supportpackages/r2016b/3p.instrset/arduinoide.instrset/arduinosam-1.6.7/packages/arduino/tools/arm-none-eabi-gcc/4.8.3-2014q1/bin/../lib/gcc/arm-none-eabi/4.8.3/armv7-m/crtbegin.o
 *(SORT(.fini_array.*))
                0x0008aba0                __fini_array_end = .
 *crtbegin.o(.dtors)
 *(EXCLUDE_FILE(*crtend.o) .dtors)
 *(SORT(.dtors.*))
 *crtend.o(.dtors)
                0x0008aba0                . = ALIGN (0x4)
                0x0008aba0                _efixed = .
                0x0008aba0                PROVIDE (__exidx_start, .)

.vfp11_veneer   0x0008aba0        0x0
 .vfp11_veneer  0x00000000        0x0 linker stubs

.v4_bx          0x0008aba0        0x0
 .v4_bx         0x00000000        0x0 linker stubs

.iplt           0x0008aba0        0x0
 .iplt          0x00000000        0x0 c:/programdata/matlab/supportpackages/r2016b/3p.instrset/arduinoide.instrset/arduinosam-1.6.7/packages/arduino/tools/arm-none-eabi-gcc/4.8.3-2014q1/bin/../lib/gcc/arm-none-eabi/4.8.3/armv7-m/crtbegin.o

.ARM.exidx      0x0008aba0        0x8
 *(.ARM.exidx* .gnu.linkonce.armexidx.*)
 .ARM.exidx     0x0008aba0        0x8 c:/programdata/matlab/supportpackages/r2016b/3p.instrset/arduinoide.instrset/arduinosam-1.6.7/packages/arduino/tools/arm-none-eabi-gcc/4.8.3-2014q1/bin/../lib/gcc/arm-none-eabi/4.8.3/armv7-m\libgcc.a(_divdi3.o)
 .ARM.exidx     0x0008aba8        0x0 c:/programdata/matlab/supportpackages/r2016b/3p.instrset/arduinoide.instrset/arduinosam-1.6.7/packages/arduino/tools/arm-none-eabi-gcc/4.8.3-2014q1/bin/../lib/gcc/arm-none-eabi/4.8.3/armv7-m\libgcc.a(_udivdi3.o)
                                  0x8 (size before relaxing)
                0x0008aba8                PROVIDE (__exidx_end, .)

.eh_frame       0x0008aba8        0x0
 .eh_frame      0x0008aba8        0x0 c:/programdata/matlab/supportpackages/r2016b/3p.instrset/arduinoide.instrset/arduinosam-1.6.7/packages/arduino/tools/arm-none-eabi-gcc/4.8.3-2014q1/bin/../lib/gcc/arm-none-eabi/4.8.3/armv7-m/crtbegin.o

.rel.dyn        0x0008aba8        0x0
 .rel.iplt      0x00000000        0x0 c:/programdata/matlab/supportpackages/r2016b/3p.instrset/arduinoide.instrset/arduinosam-1.6.7/packages/arduino/tools/arm-none-eabi-gcc/4.8.3-2014q1/bin/../lib/gcc/arm-none-eabi/4.8.3/armv7-m/crtbegin.o

.jcr            0x0008aba8        0x0
 .jcr           0x0008aba8        0x0 c:/programdata/matlab/supportpackages/r2016b/3p.instrset/arduinoide.instrset/arduinosam-1.6.7/packages/arduino/tools/arm-none-eabi-gcc/4.8.3-2014q1/bin/../lib/gcc/arm-none-eabi/4.8.3/armv7-m/crtbegin.o

.igot.plt       0x0008aba8        0x0
 .igot.plt      0x00000000        0x0 c:/programdata/matlab/supportpackages/r2016b/3p.instrset/arduinoide.instrset/arduinosam-1.6.7/packages/arduino/tools/arm-none-eabi-gcc/4.8.3-2014q1/bin/../lib/gcc/arm-none-eabi/4.8.3/armv7-m/crtbegin.o
                0x0008aba8                . = ALIGN (0x4)
                0x0008aba8                _etext = .

.relocate       0x20070000      0x96c load address 0x0008aba8
                0x20070000                . = ALIGN (0x4)
                0x20070000                _srelocate = .
 *(.ramfunc .ramfunc.*)
 .ramfunc       0x20070000       0x2c Reset.o
                0x20070000                banzai
 *(.data .data.*)
 *fill*         0x2007002c        0x4 
 .data.pHSystem_P
                0x20070030       0x58 pHSystem_data.o
                0x20070030                pHSystem_P
 .data._ZL5ticks
                0x20070088        0x4 Reset.o
 .data._ZL10breakValue
                0x2007008c        0x4 CDC.o
 .data._ZL12_usbLineInfo
                0x20070090        0x8 CDC.o
 .data.EndPoints
                0x20070098       0x28 USBCore.o
                0x20070098                EndPoints
 .data.SystemCoreClock
                0x200700c0        0x4 C:/ProgramData/MATLAB/SupportPackages/R2016b/3P.instrset/arduinoide.instrset/arduinosam-1.6.7/packages/arduino/hardware/sam/1.6.7/variants/arduino_due_x/libsam_sam3x8e_gcc_rel.a(system_sam3xa.o)
                0x200700c0                SystemCoreClock
 .data.g_interrupt_enabled
                0x200700c4        0x4 C:/ProgramData/MATLAB/SupportPackages/R2016b/3P.instrset/arduinoide.instrset/arduinosam-1.6.7/packages/arduino/hardware/sam/1.6.7/variants/arduino_due_x/libsam_sam3x8e_gcc_rel.a(interrupt_sam_nvic.o)
                0x200700c4                g_interrupt_enabled
 .data.__fdlib_version
                0x200700c8        0x1 c:/programdata/matlab/supportpackages/r2016b/3p.instrset/arduinoide.instrset/arduinosam-1.6.7/packages/arduino/tools/arm-none-eabi-gcc/4.8.3-2014q1/bin/../lib/gcc/arm-none-eabi/4.8.3/../../../../arm-none-eabi/lib/armv7-m\libm.a(lib_a-s_lib_ver.o)
                0x200700c8                __fdlib_version
 *fill*         0x200700c9        0x7 
 .data.impure_data
                0x200700d0      0x428 c:/programdata/matlab/supportpackages/r2016b/3p.instrset/arduinoide.instrset/arduinosam-1.6.7/packages/arduino/tools/arm-none-eabi-gcc/4.8.3-2014q1/bin/../lib/gcc/arm-none-eabi/4.8.3/../../../../arm-none-eabi/lib/armv7-m\libg.a(lib_a-impure.o)
 .data._impure_ptr
                0x200704f8        0x4 c:/programdata/matlab/supportpackages/r2016b/3p.instrset/arduinoide.instrset/arduinosam-1.6.7/packages/arduino/tools/arm-none-eabi-gcc/4.8.3-2014q1/bin/../lib/gcc/arm-none-eabi/4.8.3/../../../../arm-none-eabi/lib/armv7-m\libg.a(lib_a-impure.o)
                0x200704f8                _impure_ptr
 .data.__malloc_av_
                0x200704fc      0x408 c:/programdata/matlab/supportpackages/r2016b/3p.instrset/arduinoide.instrset/arduinosam-1.6.7/packages/arduino/tools/arm-none-eabi-gcc/4.8.3-2014q1/bin/../lib/gcc/arm-none-eabi/4.8.3/../../../../arm-none-eabi/lib/armv7-m\libg.a(lib_a-mallocr.o)
                0x200704fc                __malloc_av_
 .data.__malloc_trim_threshold
                0x20070904        0x4 c:/programdata/matlab/supportpackages/r2016b/3p.instrset/arduinoide.instrset/arduinosam-1.6.7/packages/arduino/tools/arm-none-eabi-gcc/4.8.3-2014q1/bin/../lib/gcc/arm-none-eabi/4.8.3/../../../../arm-none-eabi/lib/armv7-m\libg.a(lib_a-mallocr.o)
                0x20070904                __malloc_trim_threshold
 .data.__malloc_sbrk_base