Archive member included because of file (symbol)

C:/ProgramData/MATLAB/SupportPackages/R2016b/3P.instrset/arduinoide.instrset/arduinosam-1.6.7/packages/arduino/hardware/sam/1.6.7/variants/arduino_due_x/libsam_sam3x8e_gcc_rel.a(startup_sam3xa.o)
                              (Reset_Handler)
C:/ProgramData/MATLAB/SupportPackages/R2016b/3P.instrset/arduinoide.instrset/arduinosam-1.6.7/packages/arduino/hardware/sam/1.6.7/variants/arduino_due_x/libsam_sam3x8e_gcc_rel.a(uotghs.o)
                              C:/ProgramData/MATLAB/SupportPackages/R2016b/3P.instrset/arduinoide.instrset/arduinosam-1.6.7/packages/arduino/hardware/sam/1.6.7/variants/arduino_due_x/libsam_sam3x8e_gcc_rel.a(startup_sam3xa.o) (UOTGHS_Handler)
C:/ProgramData/MATLAB/SupportPackages/R2016b/3P.instrset/arduinoide.instrset/arduinosam-1.6.7/packages/arduino/hardware/sam/1.6.7/variants/arduino_due_x/libsam_sam3x8e_gcc_rel.a(pio.o)
                              wiring_digital.o (PIO_PullUp)
C:/ProgramData/MATLAB/SupportPackages/R2016b/3P.instrset/arduinoide.instrset/arduinosam-1.6.7/packages/arduino/hardware/sam/1.6.7/variants/arduino_due_x/libsam_sam3x8e_gcc_rel.a(pmc.o)
                              WInterrupts.o (pmc_enable_periph_clk)
C:/ProgramData/MATLAB/SupportPackages/R2016b/3P.instrset/arduinoide.instrset/arduinosam-1.6.7/packages/arduino/hardware/sam/1.6.7/variants/arduino_due_x/libsam_sam3x8e_gcc_rel.a(pwmc.o)
                              wiring_analog.o (PWMC_ConfigureChannel)
C:/ProgramData/MATLAB/SupportPackages/R2016b/3P.instrset/arduinoide.instrset/arduinosam-1.6.7/packages/arduino/hardware/sam/1.6.7/variants/arduino_due_x/libsam_sam3x8e_gcc_rel.a(tc.o)
                              wiring_analog.o (TC_Configure)
C:/ProgramData/MATLAB/SupportPackages/R2016b/3P.instrset/arduinoide.instrset/arduinosam-1.6.7/packages/arduino/hardware/sam/1.6.7/variants/arduino_due_x/libsam_sam3x8e_gcc_rel.a(timetick.o)
                              cortex_handlers.o (TimeTick_Increment)
C:/ProgramData/MATLAB/SupportPackages/R2016b/3P.instrset/arduinoide.instrset/arduinosam-1.6.7/packages/arduino/hardware/sam/1.6.7/variants/arduino_due_x/libsam_sam3x8e_gcc_rel.a(wdt.o)
                              watchdog.o (WDT_Enable)
C:/ProgramData/MATLAB/SupportPackages/R2016b/3P.instrset/arduinoide.instrset/arduinosam-1.6.7/packages/arduino/hardware/sam/1.6.7/variants/arduino_due_x/libsam_sam3x8e_gcc_rel.a(system_sam3xa.o)
                              variant.o (SystemInit)
C:/ProgramData/MATLAB/SupportPackages/R2016b/3P.instrset/arduinoide.instrset/arduinosam-1.6.7/packages/arduino/hardware/sam/1.6.7/variants/arduino_due_x/libsam_sam3x8e_gcc_rel.a(adc.o)
                              variant.o (adc_init)
C:/ProgramData/MATLAB/SupportPackages/R2016b/3P.instrset/arduinoide.instrset/arduinosam-1.6.7/packages/arduino/hardware/sam/1.6.7/variants/arduino_due_x/libsam_sam3x8e_gcc_rel.a(interrupt_sam_nvic.o)
                              USBCore.o (g_interrupt_enabled)
C:/ProgramData/MATLAB/SupportPackages/R2016b/3P.instrset/arduinoide.instrset/arduinosam-1.6.7/packages/arduino/hardware/sam/1.6.7/variants/arduino_due_x/libsam_sam3x8e_gcc_rel.a(uotghs_device.o)
                              USBCore.o (UDD_SetStack)
C:/ProgramData/MATLAB/SupportPackages/R2016b/3P.instrset/arduinoide.instrset/arduinosam-1.6.7/packages/arduino/hardware/sam/1.6.7/variants/arduino_due_x/libsam_sam3x8e_gcc_rel.a(dacc.o)
                              wiring_analog.o (dacc_reset)
c:/programdata/matlab/supportpackages/r2016b/3p.instrset/arduinoide.instrset/arduinosam-1.6.7/packages/arduino/tools/arm-none-eabi-gcc/4.8.3-2014q1/bin/../lib/gcc/arm-none-eabi/4.8.3/../../../../arm-none-eabi/lib/armv7-m\libm.a(lib_a-s_fpclassify.o)
                              Print.o (__fpclassifyd)
c:/programdata/matlab/supportpackages/r2016b/3p.instrset/arduinoide.instrset/arduinosam-1.6.7/packages/arduino/tools/arm-none-eabi-gcc/4.8.3-2014q1/bin/../lib/gcc/arm-none-eabi/4.8.3/armv7-m\libgcc.a(_arm_addsubdf3.o)
                              Temp_controlPlantTest.o (__aeabi_dsub)
c:/programdata/matlab/supportpackages/r2016b/3p.instrset/arduinoide.instrset/arduinosam-1.6.7/packages/arduino/tools/arm-none-eabi-gcc/4.8.3-2014q1/bin/../lib/gcc/arm-none-eabi/4.8.3/armv7-m\libgcc.a(_arm_muldivdf3.o)
                              Temp_controlPlantTest.o (__aeabi_dmul)
c:/programdata/matlab/supportpackages/r2016b/3p.instrset/arduinoide.instrset/arduinosam-1.6.7/packages/arduino/tools/arm-none-eabi-gcc/4.8.3-2014q1/bin/../lib/gcc/arm-none-eabi/4.8.3/armv7-m\libgcc.a(_arm_cmpdf2.o)
                              PWMRead_wrapper.o (__aeabi_dcmpeq)
c:/programdata/matlab/supportpackages/r2016b/3p.instrset/arduinoide.instrset/arduinosam-1.6.7/packages/arduino/tools/arm-none-eabi-gcc/4.8.3-2014q1/bin/../lib/gcc/arm-none-eabi/4.8.3/armv7-m\libgcc.a(_arm_fixdfsi.o)
                              Print.o (__aeabi_d2iz)
[...]
Memory Configuration

Name             Origin             Length             Attributes
rom              0x00080000         0x00080000         xr
sram0            0x20000000         0x00010000         xrw
sram1            0x20080000         0x00008000         xrw
ram              0x20070000         0x00018000         xrw
*default*        0x00000000         0xffffffff

Linker script and memory map

LOAD c:/programdata/matlab/supportpackages/r2016b/3p.instrset/arduinoide.instrset/arduinosam-1.6.7/packages/arduino/tools/arm-none-eabi-gcc/4.8.3-2014q1/bin/../lib/gcc/arm-none-eabi/4.8.3/armv7-m/crti.o
LOAD c:/programdata/matlab/supportpackages/r2016b/3p.instrset/arduinoide.instrset/arduinosam-1.6.7/packages/arduino/tools/arm-none-eabi-gcc/4.8.3-2014q1/bin/../lib/gcc/arm-none-eabi/4.8.3/armv7-m/crtbegin.o
LOAD c:/programdata/matlab/supportpackages/r2016b/3p.instrset/arduinoide.instrset/arduinosam-1.6.7/packages/arduino/tools/arm-none-eabi-gcc/4.8.3-2014q1/bin/../lib/gcc/arm-none-eabi/4.8.3/../../../../arm-none-eabi/lib/armv7-m/crt0.o
START GROUP
LOAD C:/ProgramData/MATLAB/SupportPackages/R2016b/3P.instrset/arduinoide.instrset/arduinosam-1.6.7/packages/arduino/hardware/sam/1.6.7/variants/arduino_due_x/libsam_sam3x8e_gcc_rel.a
LOAD Temp_controlPlantTest.o
LOAD Temp_controlPlantTest_data.o
LOAD PWMRead_wrapper.o
LOAD SerialMonitorOut9_wrapper.o
LOAD SerialOut_wrapper.o
LOAD dtostrf.o
LOAD cortex_handlers.o
LOAD hooks.o
LOAD iar_calls_sam3.o
LOAD itoa.o
LOAD syscalls_sam3.o
LOAD WInterrupts.o
LOAD wiring.o
LOAD wiring_analog.o
LOAD wiring_digital.o
LOAD wiring_shift.o
LOAD abi.o
LOAD IPAddress.o
LOAD new.o
LOAD Print.o
LOAD Reset.o
LOAD RingBuffer.o
LOAD Stream.o
LOAD UARTClass.o
LOAD USARTClass.o
LOAD CDC.o
LOAD PluggableUSB.o
LOAD USBCore.o
LOAD wiring_pulse.o
LOAD WMath.o
LOAD WString.o
LOAD watchdog.o
LOAD variant.o
LOAD MW_ArduinoHWInit.o
LOAD io_wrappers.o
LOAD arduinoARMScheduler.o
LOAD arm_cortex_m_multitasking.o
LOAD ert_main.o
END GROUP
LOAD c:/programdata/matlab/supportpackages/r2016b/3p.instrset/arduinoide.instrset/arduinosam-1.6.7/packages/arduino/tools/arm-none-eabi-gcc/4.8.3-2014q1/bin/../lib/gcc/arm-none-eabi/4.8.3/../../../../arm-none-eabi/lib/armv7-m\libm.a
START GROUP
LOAD c:/programdata/matlab/supportpackages/r2016b/3p.instrset/arduinoide.instrset/arduinosam-1.6.7/packages/arduino/tools/arm-none-eabi-gcc/4.8.3-2014q1/bin/../lib/gcc/arm-none-eabi/4.8.3/armv7-m\libgcc.a
LOAD c:/programdata/matlab/supportpackages/r2016b/3p.instrset/arduinoide.instrset/arduinosam-1.6.7/packages/arduino/tools/arm-none-eabi-gcc/4.8.3-2014q1/bin/../lib/gcc/arm-none-eabi/4.8.3/../../../../arm-none-eabi/lib/armv7-m\libg.a
LOAD c:/programdata/matlab/supportpackages/r2016b/3p.instrset/arduinoide.instrset/arduinosam-1.6.7/packages/arduino/tools/arm-none-eabi-gcc/4.8.3-2014q1/bin/../lib/gcc/arm-none-eabi/4.8.3/../../../../arm-none-eabi/lib/armv7-m\libc.a
END GROUP
LOAD c:/programdata/matlab/supportpackages/r2016b/3p.instrset/arduinoide.instrset/arduinosam-1.6.7/packages/arduino/tools/arm-none-eabi-gcc/4.8.3-2014q1/bin/../lib/gcc/arm-none-eabi/4.8.3/armv7-m/crtend.o
LOAD c:/programdata/matlab/supportpackages/r2016b/3p.instrset/arduinoide.instrset/arduinosam-1.6.7/packages/arduino/tools/arm-none-eabi-gcc/4.8.3-2014q1/bin/../lib/gcc/arm-none-eabi/4.8.3/armv7-m/crtn.o

.text           0x00080000     0xa998
                0x00080000                . = ALIGN (0x4)
                0x00080000                _sfixed = .
 *(.vectors .vectors.*)
 .vectors       0x00080000       0xf4 C:/ProgramData/MATLAB/SupportPackages/R2016b/3P.instrset/arduinoide.instrset/arduinosam-1.6.7/packages/arduino/hardware/sam/1.6.7/variants/arduino_due_x/libsam_sam3x8e_gcc_rel.a(startup_sam3xa.o)
                0x00080000                exception_table
 *(.text .text.* .gnu.linkonce.t.*)
 .text          0x000800f4       0x54 c:/programdata/matlab/supportpackages/r2016b/3p.instrset/arduinoide.instrset/arduinosam-1.6.7/packages/arduino/tools/arm-none-eabi-gcc/4.8.3-2014q1/bin/../lib/gcc/arm-none-eabi/4.8.3/armv7-m/crtbegin.o
 .text.Reset_Handler
                0x00080148       0x78 C:/ProgramData/MATLAB/SupportPackages/R2016b/3P.instrset/arduinoide.instrset/arduinosam-1.6.7/packages/arduino/hardware/sam/1.6.7/variants/arduino_due_x/libsam_sam3x8e_gcc_rel.a(startup_sam3xa.o)
                0x00080148                Reset_Handler
 .text.UOTGHS_Handler
                0x000801c0       0x10 C:/ProgramData/MATLAB/SupportPackages/R2016b/3P.instrset/arduinoide.instrset/arduinosam-1.6.7/packages/arduino/hardware/sam/1.6.7/variants/arduino_due_x/libsam_sam3x8e_gcc_rel.a(uotghs.o)
                0x000801c0                UOTGHS_Handler
 .text.Temp_controlPlantTest_SetEventsForThisBaseStep
                0x000801d0       0x14 Temp_controlPlantTest.o
                0x000801d0                Temp_controlPlantTest_SetEventsForThisBaseStep
 *fill*         0x000801e4        0x4 
 .text.Temp_controlPlantTest_step0
                0x000801e8      0x418 Temp_controlPlantTest.o
                0x000801e8                Temp_controlPlantTest_step0
 .text.Temp_controlPlantTest_step1
                0x00080600      0x128 Temp_controlPlantTest.o
                0x00080600                Temp_controlPlantTest_step1
 .text.Temp_controlPlantTest_initialize
                0x00080728       0x7c Temp_controlPlantTest.o
                0x00080728                Temp_controlPlantTest_initialize
 .text.Temp_controlPlantTest_terminate
                0x000807a4        0x2 Temp_controlPlantTest.o
                0x000807a4                Temp_controlPlantTest_terminate
 *fill*         0x000807a6        0x2 
 .text._Z12calcChannel1v
                0x000807a8       0x38 PWMRead_wrapper.o
                0x000807a8                calcChannel1()
 .text._Z12calcChannel2v
                0x000807e0       0x38 PWMRead_wrapper.o
                0x000807e0                calcChannel2()
 .text._Z12calcChannel3v
                0x00080818       0x38 PWMRead_wrapper.o
                0x00080818                calcChannel3()
 .text._Z12calcChannel4v
                0x00080850       0x38 PWMRead_wrapper.o
                0x00080850                calcChannel4()
 .text._Z12calcChannel5v
                0x00080888       0x38 PWMRead_wrapper.o
                0x00080888                calcChannel5()
 .text._Z12calcChannel6v
                0x000808c0       0x38 PWMRead_wrapper.o
                0x000808c0                calcChannel6()
 .text._Z19init_rc_rx_channelsv
                0x000808f8       0x5c PWMRead_wrapper.o
                0x000808f8                init_rc_rx_channels()
 .text._Z16read_rc_channelsv
                0x00080954       0xc8 PWMRead_wrapper.o
                0x00080954                read_rc_channels()
 .text.PWMRead_Outputs_wrapper
                0x00080a1c       0x14 PWMRead_wrapper.o
                0x00080a1c                PWMRead_Outputs_wrapper
 .text.PWMRead_Update_wrapper
                0x00080a30       0x24 PWMRead_wrapper.o
                0x00080a30                PWMRead_Update_wrapper
 .text.SerialMonitorOut9_Outputs_wrapper
                0x00080a54       0x26 SerialMonitorOut9_wrapper.o
                0x00080a54                SerialMonitorOut9_Outputs_wrapper
 *fill*         0x00080a7a        0x2 
 .text.SerialMonitorOut9_Update_wrapper
                0x00080a7c      0x17c SerialMonitorOut9_wrapper.o
                0x00080a7c                SerialMonitorOut9_Update_wrapper
 .text.SerialOut_Outputs_wrapper
                0x00080bf8        0x2 SerialOut_wrapper.o
                0x00080bf8                SerialOut_Outputs_wrapper
 *fill*         0x00080bfa        0x2 
 .text.SerialOut_Update_wrapper
                0x00080bfc       0xc0 SerialOut_wrapper.o
                0x00080bfc                SerialOut_Update_wrapper
 .text.dtostrf  0x00080cbc       0x28 dtostrf.o
                0x00080cbc                dtostrf
 .text.__halt   0x00080ce4        0x2 cortex_handlers.o
                0x00080ce4                DACC_Handler
                0x00080ce4                DebugMon_Handler
                0x00080ce4                DMAC_Handler
                0x00080ce4                TRNG_Handler
                0x00080ce4                HardFault_Handler
                0x00080ce4                TC2_Handler
                0x00080ce4                TWI1_Handler
                0x00080ce4                NMI_Handler
                0x00080ce4                TC7_Handler
                0x00080ce4                ADC_Handler
                0x00080ce4                SMC_Handler
                0x00080ce4                RTT_Handler
                0x00080ce4                EFC1_Handler
                0x00080ce4                RTC_Handler
                0x00080ce4                UsageFault_Handler
                0x00080ce4                TC6_Handler
                0x00080ce4                WDT_Handler
                0x00080ce4                CAN0_Handler
                0x00080ce4                TC4_Handler
                0x00080ce4                TC1_Handler
                0x00080ce4                HSMCI_Handler
                0x00080ce4                TC3_Handler
                0x00080ce4                TWI0_Handler
                0x00080ce4                SSC_Handler
                0x00080ce4                EFC0_Handler
                0x00080ce4                PMC_Handler
                0x00080ce4                PWM_Handler
                0x00080ce4                CAN1_Handler
                0x00080ce4                MemManage_Handler
                0x00080ce4                SUPC_Handler
                0x00080ce4                USART2_Handler
                0x00080ce4                EMAC_Handler
                0x00080ce4                BusFault_Handler
                0x00080ce4                RSTC_Handler
                0x00080ce4                TC0_Handler
                0x00080ce4                TC5_Handler
                0x00080ce4                SPI0_Handler
 .text.SVC_Handler
                0x00080ce6        0x4 cortex_handlers.o
                0x00080ce6                SVC_Handler
 .text.PendSV_Handler
                0x00080cea        0x4 cortex_handlers.o
                0x00080cea                PendSV_Handler
 .text.SysTick_Handler
                0x00080cee       0x16 cortex_handlers.o
                0x00080cee                SysTick_Handler
 .text.__false  0x00080d04        0x4 hooks.o
                0x00080d04                sysTickHook
 .text.__halt   0x00080d08        0x2 hooks.o
                0x00080d08                pendSVHook
 *fill*         0x00080d0a        0x2 
 .text._sbrk    0x00080d0c       0x1c syscalls_sam3.o
                0x00080d0c                _sbrk
 .text._close   0x00080d28        0x6 syscalls_sam3.o
                0x00080d28                _close
 .text._fstat   0x00080d2e        0xa syscalls_sam3.o
                0x00080d2e                _fstat
 .text._isatty  0x00080d38        0x4 syscalls_sam3.o
                0x00080d38                _isatty
 .text._lseek   0x00080d3c        0x4 syscalls_sam3.o
                0x00080d3c                _lseek
 .text._read    0x00080d40        0x4 syscalls_sam3.o
                0x00080d40                _read
 .text._write   0x00080d44       0x24 syscalls_sam3.o
                0x00080d44                _write
 .text._exit    0x00080d68       0x10 syscalls_sam3.o
                0x00080d68                _exit
 .text._kill    0x00080d78        0x2 syscalls_sam3.o
                0x00080d78                _kill
 .text._getpid  0x00080d7a        0x6 syscalls_sam3.o
                0x00080d7a                _getpid
 .text.attachInterrupt
                0x00080d80      0x148 WInterrupts.o
                0x00080d80                attachInterrupt
 .text.PIOA_Handler
                0x00080ec8       0x38 WInterrupts.o
                0x00080ec8                PIOA_Handler
 .text.PIOB_Handler
                0x00080f00       0x38 WInterrupts.o
                0x00080f00                PIOB_Handler
 .text.PIOC_Handler
                0x00080f38       0x38 WInterrupts.o
                0x00080f38                PIOC_Handler
 .text.PIOD_Handler
                0x00080f70       0x38 WInterrupts.o
                0x00080f70                PIOD_Handler
 .text.millis   0x00080fa8        0x4 wiring.o
                0x00080fa8                millis
 .text.micros   0x00080fac       0x74 wiring.o
                0x00080fac                micros
 .text.analogOutputInit
                0x00081020        0x2 wiring_analog.o
                0x00081020                analogOutputInit
 *fill*         0x00081022        0x2 
 .text.pinMode  0x00081024      0x108 wiring_digital.o
                0x00081024                pinMode
 .text.digitalWrite
                0x0008112c       0x70 wiring_digital.o
                0x0008112c                digitalWrite
 .text.digitalRead
                0x0008119c       0x44 wiring_digital.o
                0x0008119c                digitalRead
 .text._ZNK9IPAddress7printToER5Print
                0x000811e0       0x3c IPAddress.o
                0x000811e0                IPAddress::printTo(Print&) const
 .text.startup._GLOBAL__sub_I__ZN9IPAddressC2Ev
                0x0008121c       0x1c IPAddress.o
 .text._ZN5Print5writeEPKhj
                0x00081238       0x22 Print.o
                0x00081238                Print::write(unsigned char const*, unsigned int)
 .text._ZN5Print5writeEPKc
                0x0008125a       0x1e Print.o
                0x0008125a                Print::write(char const*)
 .text._ZN5Print5printERK6String
                0x00081278       0x10 Print.o
                0x00081278                Print::print(String const&)
 .text._ZN5Print5printEc
                0x00081288        0xa Print.o
                0x00081288                Print::print(char)
 *fill*         0x00081292        0x2 
 .text._ZN5Print7printlnEv
                0x00081294       0x10 Print.o
                0x00081294                Print::println()
 .text._ZN5Print11printNumberEmh
                0x000812a4       0x3e Print.o
                0x000812a4                Print::printNumber(unsigned long, unsigned char)
 .text._ZN5Print5printEli
                0x000812e2       0x3c Print.o
                0x000812e2                Print::print(long, int)
 .text._ZN5Print5printEmi
                0x0008131e       0x18 Print.o
                0x0008131e                Print::print(unsigned long, int)
 .text._ZN5Print5printEhi
                0x00081336        0x4 Print.o
                0x00081336                Print::print(unsigned char, int)
 *fill*         0x0008133a        0x2 
 .text._ZN5Print10printFloatEdh
                0x0008133c      0x14c Print.o
                0x0008133c                Print::printFloat(double, unsigned char)
 .text._ZN5Print7printlnEdi
                0x00081488       0x1c Print.o
                0x00081488                Print::println(double, int)
 .text.initiateReset
                0x000814a4        0xc Reset.o
                0x000814a4                initiateReset
 .text.cancelReset
                0x000814b0       0x10 Reset.o
                0x000814b0                cancelReset
 .text.tickReset
                0x000814c0       0x20 Reset.o
                0x000814c0                tickReset
 .text._ZN10RingBufferC2Ev
                0x000814e0       0x1a RingBuffer.o
                0x000814e0                RingBuffer::RingBuffer()
                0x000814e0                RingBuffer::RingBuffer()
 .text._ZN10RingBuffer10store_charEh
                0x000814fa       0x1e RingBuffer.o
                0x000814fa                RingBuffer::store_char(unsigned char)
 .text._ZN6Stream9timedPeekEv
                0x00081518       0x2a Stream.o
                0x00081518                Stream::timedPeek()
 *fill*         0x00081542        0x2 
 .text._ZN6Stream13peekNextDigitE13LookaheadModeb
                0x00081544       0x54 Stream.o
                0x00081544                Stream::peekNextDigit(LookaheadMode, bool)
 .text._ZN6Stream10parseFloatE13LookaheadModec
                0x00081598       0xb0 Stream.o
                0x00081598                Stream::parseFloat(LookaheadMode, char)
 .text._ZN9UARTClasscvbEv
                0x00081648        0x4 UARTClass.o
                0x00081648                UARTClass::operator bool()
 .text._ZN9UARTClass9availableEv
                0x0008164c       0x12 UARTClass.o
                0x0008164c                UARTClass::available()
 .text._ZN9UARTClass4peekEv
                0x0008165e       0x1c UARTClass.o
                0x0008165e                UARTClass::peek()
 .text._ZN9UARTClass4readEv
                0x0008167a       0x2a UARTClass.o
                0x0008167a                UARTClass::read()
 .text._ZN9UARTClass5flushEv
                0x000816a4       0x18 UARTClass.o
                0x000816a4                UARTClass::flush()
 .text._ZN9UARTClass5writeEh
                0x000816bc       0x54 UARTClass.o
                0x000816bc                UARTClass::write(unsigned char)
 .text._ZN9UARTClass3endEv
                0x00081710       0x3c UARTClass.o
                0x00081710                UARTClass::end()
 .text._ZN9UARTClassC2EP4Uart4IRQnmP10RingBufferS4_
                0x0008174c       0x24 UARTClass.o
                0x0008174c                UARTClass::UARTClass(Uart*, IRQn, unsigned long, RingBuffer*, RingBuffer*)
                0x0008174c                UARTClass::UARTClass(Uart*, IRQn, unsigned long, RingBuffer*, RingBuffer*)
 .text._ZN9UARTClass4initEmm
                0x00081770       0x70 UARTClass.o
                0x00081770                UARTClass::init(unsigned long, unsigned long)
 .text._ZN9UARTClass5beginEm
                0x000817e0        0x8 UARTClass.o
                0x000817e0                UARTClass::begin(unsigned long)
 .text._ZN9UARTClass10IrqHandlerEv
                0x000817e8       0x5a UARTClass.o
                0x000817e8                UARTClass::IrqHandler()
 .text._ZN10USARTClass5beginEm
                0x00081842        0x8 USARTClass.o
                0x00081842                USARTClass::begin(unsigned long)
 *fill*         0x0008184a        0x2 
 .text._ZN10USARTClassC2EP5Usart4IRQnmP10RingBufferS4_
                0x0008184c       0x24 USARTClass.o
                0x0008184c                USARTClass::USARTClass(Usart*, IRQn, unsigned long, RingBuffer*, RingBuffer*)
                0x0008184c                USARTClass::USARTClass(Usart*, IRQn, unsigned long, RingBuffer*, RingBuffer*)
 .text._ZN7Serial_9availableEv
                0x00081870       0x18 CDC.o
                0x00081870                Serial_::available()
 .text._ZN7Serial_4peekEv
                0x00081888       0x20 CDC.o
                0x00081888                Serial_::peek()
 .text._ZN7Serial_5writeEh
                0x000818a8       0x16 CDC.o
                0x000818a8                Serial_::write(unsigned char)
 *fill*         0x000818be        0x2 
 .text._ZN7Serial_4readEv
                0x000818c0       0x44 CDC.o
                0x000818c0                Serial_::read()
 .text._ZN7Serial_5flushEv
                0x00081904        0x6 CDC.o
                0x00081904                Serial_::flush()
 *fill*         0x0008190a        0x2 
 .text._ZN7Serial_6acceptEv
                0x0008190c       0x70 CDC.o
                0x0008190c                Serial_::accept()
 .text._ZN7Serial_5writeEPKhj
                0x0008197c       0x2c CDC.o
                0x0008197c                Serial_::write(unsigned char const*, unsigned int)
 .text._Z16CDC_GetInterfacePh
                0x000819a8       0x14 CDC.o
                0x000819a8                CDC_GetInterface(unsigned char*)
 .text._Z21CDC_GetOtherInterfacePh
                0x000819bc       0x14 CDC.o
                0x000819bc                CDC_GetOtherInterface(unsigned char*)
 .text._Z9CDC_SetupR8USBSetup
                0x000819d0       0x78 CDC.o
                0x000819d0                CDC_Setup(USBSetup&)
 .text.startup._GLOBAL__sub_I_cdc_rx_buffer
                0x00081a48       0x1c CDC.o
 .text._ZN13PluggableUSB_12getInterfaceEPh
                0x00081a64       0x28 PluggableUSB.o
                0x00081a64                PluggableUSB_::getInterface(unsigned char*)
 .text._ZN13PluggableUSB_13getDescriptorER8USBSetup
                0x00081a8c       0x1c PluggableUSB.o
                0x00081a8c                PluggableUSB_::getDescriptor(USBSetup&)
 .text._ZN13PluggableUSB_12getShortNameEPc
                0x00081aa8       0x1c PluggableUSB.o
                0x00081aa8                PluggableUSB_::getShortName(char*)
 .text._ZN13PluggableUSB_5setupER8USBSetup
                0x00081ac4       0x20 PluggableUSB.o
                0x00081ac4                PluggableUSB_::setup(USBSetup&)
 .text._Z12PluggableUSBv
                0x00081ae4       0x28 PluggableUSB.o
                0x00081ae4                PluggableUSB()
 .text.unlikely._ZL11USB_SendZlpv
                0x00081b0c       0x20 USBCore.o
 .text._Z14USBD_Availablem
                0x00081b2c       0x2c USBCore.o
                0x00081b2c                USBD_Available(unsigned long)
 .text._Z9USBD_RecvmPvm
                0x00081b58       0x7c USBCore.o
                0x00081b58                USBD_Recv(unsigned long, void*, unsigned long)
 .text._Z9USBD_Recvm
                0x00081bd4       0x22 USBCore.o
                0x00081bd4                USBD_Recv(unsigned long)
 *fill*         0x00081bf6        0x2 
 .text._Z9USBD_SendmPKvm
                0x00081bf8       0x4c USBCore.o
                0x00081bf8                USBD_Send(unsigned long, void const*, unsigned long)
 .text._Z16USBD_SendControlhPKvm
                0x00081c44       0x40 USBCore.o
                0x00081c44                USBD_SendControl(unsigned char, void const*, unsigned long)
 .text.unlikely._ZL24USB_SendStringDescriptorPKhi
                0x00081c84       0x64 USBCore.o
 .text._Z16USBD_RecvControlPvm
                0x00081ce8       0x1c USBCore.o
                0x00081ce8                USBD_RecvControl(void*, unsigned long)
 .text._Z26USBD_ClassInterfaceRequestR8USBSetup
                0x00081d04       0x1e USBCore.o
                0x00081d04                USBD_ClassInterfaceRequest(USBSetup&)
 .text._Z19USBD_SendInterfacesv
                0x00081d22       0x22 USBCore.o
                0x00081d22                USBD_SendInterfaces()
 .text._Z24USBD_SendOtherInterfacesv
                0x00081d44       0x22 USBCore.o
                0x00081d44                USBD_SendOtherInterfaces()
 .text._Z10USBD_Flushm
                0x00081d66       0x16 USBCore.o
                0x00081d66                USBD_Flush(unsigned long)
 .text._ZN10USBDevice_C2Ev
                0x00081d7c       0x24 USBCore.o
                0x00081d7c                USBDevice_::USBDevice_()
                0x00081d7c                USBDevice_::USBDevice_()
 .text.startup._GLOBAL__sub_I_EndPoints
                0x00081da0        0xc USBCore.o
 .text._ZL7USB_ISRv
                0x00081dac      0x454 USBCore.o
 .text._ZN6StringD2Ev
                0x00082200        0xe WString.o
                0x00082200                String::~String()
                0x00082200                String::~String()
 .text._ZN6String10invalidateEv
                0x0008220e       0x16 WString.o
                0x0008220e                String::invalidate()
 .text._ZN6String12changeBufferEj
                0x00082224       0x18 WString.o
                0x00082224                String::changeBuffer(unsigned int)
 .text._ZN6String7reserveEj
                0x0008223c       0x22 WString.o
                0x0008223c                String::reserve(unsigned int)
 .text._ZN6String4copyEPKcj
                0x0008225e       0x26 WString.o
                0x0008225e                String::copy(char const*, unsigned int)
 .text._ZN6StringC2EPKc
                0x00082284       0x24 WString.o
                0x00082284                String::String(char const*)
                0x00082284                String::String(char const*)
 .text._ZN6StringaSERKS_
                0x000822a8       0x1e WString.o
                0x000822a8                String::operator=(String const&)
 .text._ZN6StringC2ERKS_
                0x000822c6       0x14 WString.o
                0x000822c6                String::String(String const&)
                0x000822c6                String::String(String const&)
 .text._ZN6StringaSEPKc
                0x000822da       0x22 WString.o
                0x000822da                String::operator=(char const*)
 .text._ZN6StringC2Efh
                0x000822fc       0x32 WString.o
                0x000822fc                String::String(float, unsigned char)
                0x000822fc                String::String(float, unsigned char)
 .text._ZN6String6concatEPKcj
                0x0008232e       0x2e WString.o
                0x0008232e                String::concat(char const*, unsigned int)
 .text._ZplRK15StringSumHelperRK6String
                0x0008235c       0x1a WString.o
                0x0008235c                operator+(StringSumHelper const&, String const&)
 .text._ZplRK15StringSumHelperPKc
                0x00082376       0x24 WString.o
                0x00082376                operator+(StringSumHelper const&, char const*)
 *fill*         0x0008239a        0x2 
 .text._Z15watchdogDisablev
                0x0008239c        0xc watchdog.o
                0x0008239c                watchdogDisable()
 .text.UART_Handler
                0x000823a8        0xc variant.o
                0x000823a8                UART_Handler
 .text.USART0_Handler
                0x000823b4        0xc variant.o
                0x000823b4                USART0_Handler
 .text.USART1_Handler
                0x000823c0        0xc variant.o
                0x000823c0                USART1_Handler
 .text.USART3_Handler
                0x000823cc        0xc variant.o
                0x000823cc                USART3_Handler
 .text.init     0x000823d8      0x128 variant.o
                0x000823d8                init
 .text.startup._GLOBAL__sub_I_g_APinDescription
                0x00082500       0xd4 variant.o
 .text.MW_Arduino_Init
                0x000825d4       0x14 MW_ArduinoHWInit.o
                0x000825d4                MW_Arduino_Init
 .text.Serial_begin
                0x000825e8       0x34 io_wrappers.o
                0x000825e8                Serial_begin
 .text._ZL13Scheduler_Isrv
                0x0008261c       0x14 arduinoARMScheduler.o
 .text.TC8_Handler
                0x00082630       0x1c arduinoARMScheduler.o
                0x00082630                TC8_Handler
 .text.Setup_SchedulerTimer
                0x0008264c       0x84 arduinoARMScheduler.o
                0x0008264c                Setup_SchedulerTimer
 .text.configureArduinoARMTimer
                0x000826d0       0x24 arduinoARMScheduler.o
                0x000826d0                configureArduinoARMTimer
 .text.MW_Arduino_Loop
                0x000826f4        0x4 arduinoARMScheduler.o
                0x000826f4                MW_Arduino_Loop
 .text.arm_cortex_m_call_thread_with_context_switch
                0x000826f8       0x34 arm_cortex_m_multitasking.o
                0x000826f8                arm_cortex_m_call_thread_with_context_switch
 .text.svcHook  0x0008272c       0x2c arm_cortex_m_multitasking.o
                0x0008272c                svcHook
 .text.rt_OneStep
                0x00082758       0x78 ert_main.o
                0x00082758                rt_OneStep
 .text.startup.main
                0x000827d0       0x74 ert_main.o
                0x000827d0                main
 .text.PIO_PullUp
                0x00082844        0xa C:/ProgramData/MATLAB/SupportPackages/R2016b/3P.instrset/arduinoide.instrset/arduinosam-1.6.7/packages/arduino/hardware/sam/1.6.7/variants/arduino_due_x/libsam_sam3x8e_gcc_rel.a(pio.o)
                0x00082844                PIO_PullUp
 .text.PIO_Get  0x0008284e       0x14 C:/ProgramData/MATLAB/SupportPackages/R2016b/3P.instrset/arduinoide.instrset/arduinosam-1.6.7/packages/arduino/hardware/sam/1.6.7/variants/arduino_due_x/libsam_sam3x8e_gcc_rel.a(pio.o)
                0x0008284e                PIO_Get
 .text.PIO_SetPeripheral
                0x00082862       0x26 C:/ProgramData/MATLAB/SupportPackages/R2016b/3P.instrset/arduinoide.instrset/arduinosam-1.6.7/packages/arduino/hardware/sam/1.6.7/variants/arduino_due_x/libsam_sam3x8e_gcc_rel.a(pio.o)
                0x00082862                PIO_SetPeripheral
 .text.PIO_SetInput
                0x00082888       0x26 C:/ProgramData/MATLAB/SupportPackages/R2016b/3P.instrset/arduinoide.instrset/arduinosam-1.6.7/packages/arduino/hardware/sam/1.6.7/variants/arduino_due_x/libsam_sam3x8e_gcc_rel.a(pio.o)
                0x00082888                PIO_SetInput
 .text.PIO_SetOutput
                0x000828ae       0x24 C:/ProgramData/MATLAB/SupportPackages/R2016b/3P.instrset/arduinoide.instrset/arduinosam-1.6.7/packages/arduino/hardware/sam/1.6.7/variants/arduino_due_x/libsam_sam3x8e_gcc_rel.a(pio.o)
                0x000828ae                PIO_SetOutput
 *fill*         0x000828d2        0x2 
 .text.PIO_Configure
                0x000828d4       0x64 C:/ProgramData/MATLAB/SupportPackages/R2016b/3P.instrset/arduinoide.instrset/arduinosam-1.6.7/packages/arduino/hardware/sam/1.6.7/variants/arduino_due_x/libsam_sam3x8e_gcc_rel.a(pio.o)
                0x000828d4                PIO_Configure
 .text.PIO_GetOutputDataStatus
                0x00082938       0x14 C:/ProgramData/MATLAB/SupportPackages/R2016b/3P.instrset/arduinoide.instrset/arduinosam-1.6.7/packages/arduino/hardware/sam/1.6.7/variants/arduino_due_x/libsam_sam3x8e_gcc_rel.a(pio.o)
                0x00082938                PIO_GetOutputDataStatus
 .text.pmc_enable_upll_clock
                0x0008294c       0x14 C:/ProgramData/MATLAB/SupportPackages/R2016b/3P.instrset/arduinoide.instrset/arduinosam-1.6.7/packages/arduino/hardware/sam/1.6.7/variants/arduino_due_x/libsam_sam3x8e_gcc_rel.a(pmc.o)
                0x0008294c                pmc_enable_upll_clock
 .text.pmc_enable_periph_clk
                0x00082960       0x44 C:/ProgramData/MATLAB/SupportPackages/R2016b/3P.instrset/arduinoide.instrset/arduinosam-1.6.7/packages/arduino/hardware/sam/1.6.7/variants/arduino_due_x/libsam_sam3x8e_gcc_rel.a(pmc.o)
                0x00082960                pmc_enable_periph_clk
 .text.pmc_disable_periph_clk
                0x000829a4       0x40 C:/ProgramData/MATLAB/SupportPackages/R2016b/3P.instrset/arduinoide.instrset/arduinosam-1.6.7/packages/arduino/hardware/sam/1.6.7/variants/arduino_due_x/libsam_sam3x8e_gcc_rel.a(pmc.o)
                0x000829a4                pmc_disable_periph_clk
 .text.pmc_switch_udpck_to_upllck
                0x000829e4       0x14 C:/ProgramData/MATLAB/SupportPackages/R2016b/3P.instrset/arduinoide.instrset/arduinosam-1.6.7/packages/arduino/hardware/sam/1.6.7/variants/arduino_due_x/libsam_sam3x8e_gcc_rel.a(pmc.o)
                0x000829e4                pmc_switch_udpck_to_upllck
 .text.pmc_enable_udpck
                0x000829f8        0xc C:/ProgramData/MATLAB/SupportPackages/R2016b/3P.instrset/arduinoide.instrset/arduinosam-1.6.7/packages/arduino/hardware/sam/1.6.7/variants/arduino_due_x/libsam_sam3x8e_gcc_rel.a(pmc.o)
                0x000829f8                pmc_enable_udpck
 .text.pmc_set_writeprotect
                0x00082a04       0x1c C:/ProgramData/MATLAB/SupportPackages/R2016b/3P.instrset/arduinoide.instrset/arduinosam-1.6.7/packages/arduino/hardware/sam/1.6.7/variants/arduino_due_x/libsam_sam3x8e_gcc_rel.a(pmc.o)
                0x00082a04                pmc_set_writeprotect
 .text.TC_Configure
                0x00082a20       0x38 C:/ProgramData/MATLAB/SupportPackages/R2016b/3P.instrset/arduinoide.instrset/arduinosam-1.6.7/packages/arduino/hardware/sam/1.6.7/variants/arduino_due_x/libsam_sam3x8e_gcc_rel.a(tc.o)
                0x00082a20                TC_Configure
 .text.TC_Start
                0x00082a58       0x2c C:/ProgramData/MATLAB/SupportPackages/R2016b/3P.instrset/arduinoide.instrset/arduinosam-1.6.7/packages/arduino/hardware/sam/1.6.7/variants/arduino_due_x/libsam_sam3x8e_gcc_rel.a(tc.o)
                0x00082a58                TC_Start
 .text.TC_GetStatus
                0x00082a84        0x8 C:/ProgramData/MATLAB/SupportPackages/R2016b/3P.instrset/arduinoide.instrset/arduinosam-1.6.7/packages/arduino/hardware/sam/1.6.7/variants/arduino_due_x/libsam_sam3x8e_gcc_rel.a(tc.o)
                0x00082a84                TC_GetStatus
 .text.TC_SetRC
                0x00082a8c        0x8 C:/ProgramData/MATLAB/SupportPackages/R2016b/3P.instrset/arduinoide.instrset/arduinosam-1.6.7/packages/arduino/hardware/sam/1.6.7/variants/arduino_due_x/libsam_sam3x8e_gcc_rel.a(tc.o)
                0x00082a8c                TC_SetRC
 .text.TimeTick_Increment
                0x00082a94       0x10 C:/ProgramData/MATLAB/SupportPackages/R2016b/3P.instrset/arduinoide.instrset/arduinosam-1.6.7/packages/arduino/hardware/sam/1.6.7/variants/arduino_due_x/libsam_sam3x8e_gcc_rel.a(timetick.o)
                0x00082a94                TimeTick_Increment
 .text.GetTickCount
                0x00082aa4        0xc C:/ProgramData/MATLAB/SupportPackages/R2016b/3P.instrset/arduinoide.instrset/arduinosam-1.6.7/packages/arduino/hardware/sam/1.6.7/variants/arduino_due_x/libsam_sam3x8e_gcc_rel.a(timetick.o)
                0x00082aa4                GetTickCount
 .text.WDT_Disable
                0x00082ab0        0x8 C:/ProgramData/MATLAB/SupportPackages/R2016b/3P.instrset/arduinoide.instrset/arduinosam-1.6.7/packages/arduino/hardware/sam/1.6.7/variants/arduino_due_x/libsam_sam3x8e_gcc_rel.a(wdt.o)
                0x00082ab0                WDT_Disable
 .text.SystemInit
                0x00082ab8       0x88 C:/ProgramData/MATLAB/SupportPackages/R2016b/3P.instrset/arduinoide.instrset/arduinosam-1.6.7/packages/arduino/hardware/sam/1.6.7/variants/arduino_due_x/libsam_sam3x8e_gcc_rel.a(system_sam3xa.o)
                0x00082ab8                SystemInit
 .text.adc_init
                0x00082b40       0x98 C:/ProgramData/MATLAB/SupportPackages/R2016b/3P.instrset/arduinoide.instrset/arduinosam-1.6.7/packages/arduino/hardware/sam/1.6.7/variants/arduino_due_x/libsam_sam3x8e_gcc_rel.a(adc.o)
                0x00082b40                adc_init
 .text.adc_configure_trigger
                0x00082bd8        0xe C:/ProgramData/MATLAB/SupportPackages/R2016b/3P.instrset/arduinoide.instrset/arduinosam-1.6.7/packages/arduino/hardware/sam/1.6.7/variants/arduino_due_x/libsam_sam3x8e_gcc_rel.a(adc.o)
                0x00082bd8                adc_configure_trigger
 .text.adc_configure_timing
                0x00082be6       0x1a C:/ProgramData/MATLAB/SupportPackages/R2016b/3P.instrset/arduinoide.instrset/arduinosam-1.6.7/packages/arduino/hardware/sam/1.6.7/variants/arduino_due_x/libsam_sam3x8e_gcc_rel.a(adc.o)
                0x00082be6                adc_configure_timing
 .text.adc_disable_channel
                0x00082c00        0xa C:/ProgramData/MATLAB/SupportPackages/R2016b/3P.instrset/arduinoide.instrset/arduinosam-1.6.7/packages/arduino/hardware/sam/1.6.7/variants/arduino_due_x/libsam_sam3x8e_gcc_rel.a(adc.o)
                0x00082c00                adc_disable_channel
 .text.adc_disable_all_channel
                0x00082c0a        0x8 C:/ProgramData/MATLAB/SupportPackages/R2016b/3P.instrset/arduinoide.instrset/arduinosam-1.6.7/packages/arduino/hardware/sam/1.6.7/variants/arduino_due_x/libsam_sam3x8e_gcc_rel.a(adc.o)
                0x00082c0a                adc_disable_all_channel
 .text.adc_disable_interrupt
                0x00082c12        0x4 C:/ProgramData/MATLAB/SupportPackages/R2016b/3P.instrset/arduinoide.instrset/arduinosam-1.6.7/packages/arduino/hardware/sam/1.6.7/variants/arduino_due_x/libsam_sam3x8e_gcc_rel.a(adc.o)
                0x00082c12                adc_disable_interrupt
 *fill*         0x00082c16        0x2 
 .text.UDD_SetStack
                0x00082c18        0xc C:/ProgramData/MATLAB/SupportPackages/R2016b/3P.instrset/arduinoide.instrset/arduinosam-1.6.7/packages/arduino/hardware/sam/1.6.7/variants/arduino_due_x/libsam_sam3x8e_gcc_rel.a(uotghs_device.o)
                0x00082c18                UDD_SetStack
 .text.UDD_Init
                0x00082c24       0xd0 C:/ProgramData/MATLAB/SupportPackages/R2016b/3P.instrset/arduinoide.instrset/arduinosam-1.6.7/packages/arduino/hardware/sam/1.6.7/variants/arduino_due_x/libsam_sam3x8e_gcc_rel.a(uotghs_device.o)
                0x00082c24                UDD_Init
 .text.UDD_InitEP
                0x00082cf4       0x2c C:/ProgramData/MATLAB/SupportPackages/R2016b/3P.instrset/arduinoide.instrset/arduinosam-1.6.7/packages/arduino/hardware/sam/1.6.7/variants/arduino_due_x/libsam_sam3x8e_gcc_rel.a(uotghs_device.o)
                0x00082cf4                UDD_InitEP
 .text.UDD_InitEndpoints
                0x00082d20       0x3c C:/ProgramData/MATLAB/SupportPackages/R2016b/3P.instrset/arduinoide.instrset/arduinosam-1.6.7/packages/arduino/hardware/sam/1.6.7/variants/arduino_due_x/libsam_sam3x8e_gcc_rel.a(uotghs_device.o)
                0x00082d20                UDD_InitEndpoints
 .text.UDD_WaitIN
                0x00082d5c       0x10 C:/ProgramData/MATLAB/SupportPackages/R2016b/3P.instrset/arduinoide.instrset/arduinosam-1.6.7/packages/arduino/hardware/sam/1.6.7/variants/arduino_due_x/libsam_sam3x8e_gcc_rel.a(uotghs_device.o)
                0x00082d5c                UDD_WaitIN
 .text.UDD_WaitOUT
                0x00082d6c       0x10 C:/ProgramData/MATLAB/SupportPackages/R2016b/3P.instrset/arduinoide.instrset/arduinosam-1.6.7/packages/arduino/hardware/sam/1.6.7/variants/arduino_due_x/libsam_sam3x8e_gcc_rel.a(uotghs_device.o)
                0x00082d6c                UDD_WaitOUT
 .text.UDD_ClearIN
                0x00082d7c       0x18 C:/ProgramData/MATLAB/SupportPackages/R2016b/3P.instrset/arduinoide.instrset/arduinosam-1.6.7/packages/arduino/hardware/sam/1.6.7/variants/arduino_due_x/libsam_sam3x8e_gcc_rel.a(uotghs_device.o)
                0x00082d7c                UDD_ClearIN
 .text.UDD_ClearOUT
                0x00082d94       0x18 C:/ProgramData/MATLAB/SupportPackages/R2016b/3P.instrset/arduinoide.instrset/arduinosam-1.6.7/packages/arduino/hardware/sam/1.6.7/variants/arduino_due_x/libsam_sam3x8e_gcc_rel.a(uotghs_device.o)
                0x00082d94                UDD_ClearOUT
 .text.UDD_ReceivedSetupInt
                0x00082dac       0x10 C:/ProgramData/MATLAB/SupportPackages/R2016b/3P.instrset/arduinoide.instrset/arduinosam-1.6.7/packages/arduino/hardware/sam/1.6.7/variants/arduino_due_x/libsam_sam3x8e_gcc_rel.a(uotghs_device.o)
                0x00082dac                UDD_ReceivedSetupInt
 .text.UDD_ClearSetupInt
                0x00082dbc       0x10 C:/ProgramData/MATLAB/SupportPackages/R2016b/3P.instrset/arduinoide.instrset/arduinosam-1.6.7/packages/arduino/hardware/sam/1.6.7/variants/arduino_due_x/libsam_sam3x8e_gcc_rel.a(uotghs_device.o)
                0x00082dbc                UDD_ClearSetupInt
 .text.UDD_Send
                0x00082dcc       0x88 C:/ProgramData/MATLAB/SupportPackages/R2016b/3P.instrset/arduinoide.instrset/arduinosam-1.6.7/packages/arduino/hardware/sam/1.6.7/variants/arduino_due_x/libsam_sam3x8e_gcc_rel.a(uotghs_device.o)
                0x00082dcc                UDD_Send
 .text.UDD_Send8
                0x00082e54       0x24 C:/ProgramData/MATLAB/SupportPackages/R2016b/3P.instrset/arduinoide.instrset/arduinosam-1.6.7/packages/arduino/hardware/sam/1.6.7/variants/arduino_due_x/libsam_sam3x8e_gcc_rel.a(uotghs_device.o)
                0x00082e54                UDD_Send8
 .text.UDD_Recv8
                0x00082e78       0x28 C:/ProgramData/MATLAB/SupportPackages/R2016b/3P.instrset/arduinoide.instrset/arduinosam-1.6.7/packages/arduino/hardware/sam/1.6.7/variants/arduino_due_x/libsam_sam3x8e_gcc_rel.a(uotghs_device.o)
                0x00082e78                UDD_Recv8
 .text.UDD_Recv
                0x00082ea0       0x34 C:/ProgramData/MATLAB/SupportPackages/R2016b/3P.instrset/arduinoide.instrset/arduinosam-1.6.7/packages/arduino/hardware/sam/1.6.7/variants/arduino_due_x/libsam_sam3x8e_gcc_rel.a(uotghs_device.o)
                0x00082ea0                UDD_Recv
 .text.UDD_Stall
                0x00082ed4       0x14 C:/ProgramData/MATLAB/SupportPackages/R2016b/3P.instrset/arduinoide.instrset/arduinosam-1.6.7/packages/arduino/hardware/sam/1.6.7/variants/arduino_due_x/libsam_sam3x8e_gcc_rel.a(uotghs_device.o)
                0x00082ed4                UDD_Stall
 .text.UDD_FifoByteCount
                0x00082ee8       0x14 C:/ProgramData/MATLAB/SupportPackages/R2016b/3P.instrset/arduinoide.instrset/arduinosam-1.6.7/packages/arduino/hardware/sam/1.6.7/variants/arduino_due_x/libsam_sam3x8e_gcc_rel.a(uotghs_device.o)
                0x00082ee8                UDD_FifoByteCount
 .text.UDD_ReleaseRX
                0x00082efc       0x28 C:/ProgramData/MATLAB/SupportPackages/R2016b/3P.instrset/arduinoide.instrset/arduinosam-1.6.7/packages/arduino/hardware/sam/1.6.7/variants/arduino_due_x/libsam_sam3x8e_gcc_rel.a(uotghs_device.o)
                0x00082efc                UDD_ReleaseRX
 .text.UDD_ReleaseTX
                0x00082f24       0x28 C:/ProgramData/MATLAB/SupportPackages/R2016b/3P.instrset/arduinoide.instrset/arduinosam-1.6.7/packages/arduino/hardware/sam/1.6.7/variants/arduino_due_x/libsam_sam3x8e_gcc_rel.a(uotghs_device.o)
                0x00082f24                UDD_ReleaseTX
 .text.UDD_SetAddress
                0x00082f4c       0x20 C:/ProgramData/MATLAB/SupportPackages/R2016b/3P.instrset/arduinoide.instrset/arduinosam-1.6.7/packages/arduino/hardware/sam/1.6.7/variants/arduino_due_x/libsam_sam3x8e_gcc_rel.a(uotghs_device.o)
                0x00082f4c                UDD_SetAddress
 .text.__fpclassifyd
                0x00082f6c       0x50 c:/programdata/matlab/supportpackages/r2016b/3p.instrset/arduinoide.instrset/arduinosam-1.6.7/packages/arduino/tools/arm-none-eabi-gcc/4.8.3-2014q1/bin/../lib/gcc/arm-none-eabi/4.8.3/../../../../arm-none-eabi/lib/armv7-m\libm.a(lib_a-s_fpclassify.o)
                0x00082f6c                __fpclassifyd
 .text          0x00082fbc      0x370 c:/programdata/matlab/supportpackages/r2016b/3p.instrset/arduinoide.instrset/arduinosam-1.6.7/packages/arduino/tools/arm-none-eabi-gcc/4.8.3-2014q1/bin/../lib/gcc/arm-none-eabi/4.8.3/armv7-m\libgcc.a(_arm_addsubdf3.o)
                0x00082fbc                __aeabi_drsub
                0x00082fc4                __aeabi_dsub
                0x00082fc4                __subdf3
                0x00082fc8                __aeabi_dadd
                0x00082fc8                __adddf3
                0x00083240                __floatunsidf
                0x00083240                __aeabi_ui2d
                0x00083260                __floatsidf
                0x00083260                __aeabi_i2d
                0x00083284                __aeabi_f2d
                0x00083284                __extendsfdf2
                0x000832c0                __floatundidf
                0x000832c0                __aeabi_ul2d
                0x000832d0                __floatdidf
                0x000832d0                __aeabi_l2d
 .text          0x0008332c      0x424 c:/programdata/matlab/supportpackages/r2016b/3p.instrset/arduinoide.instrset/arduinosam-1.6.7/packages/arduino/tools/arm-none-eabi-gcc/4.8.3-2014q1/bin/../lib/gcc/arm-none-eabi/4.8.3/armv7-m\libgcc.a(_arm_muldivdf3.o)
                0x0008332c                __aeabi_dmul
                0x0008332c                __muldf3
                0x00083580                __divdf3
                0x00083580                __aeabi_ddiv
 .text          0x00083750      0x110 c:/programdata/matlab/supportpackages/r2016b/3p.instrset/arduinoide.instrset/arduinosam-1.6.7/packages/arduino/tools/arm-none-eabi-gcc/4.8.3-2014q1/bin/../lib/gcc/arm-none-eabi/4.8.3/armv7-m\libgcc.a(_arm_cmpdf2.o)
                0x00083750                __gtdf2
                0x00083750                __gedf2
                0x00083758                __ltdf2
                0x00083758                __ledf2
                0x00083760                __nedf2
                0x00083760                __eqdf2
                0x00083760                __cmpdf2
                0x000837dc                __aeabi_cdrcmple
                0x000837ec                __aeabi_cdcmpeq
                0x000837ec                __aeabi_cdcmple
                0x000837fc                __aeabi_dcmpeq
                0x00083810                __aeabi_dcmplt
                0x00083824                __aeabi_dcmple
                0x00083838                __aeabi_dcmpge
                0x0008384c                __aeabi_dcmpgt
 .text          0x00083860       0x50 c:/programdata/matlab/supportpackages/r2016b/3p.instrset/arduinoide.instrset/arduinosam-1.6.7/packages/arduino/tools/arm-none-eabi-gcc/4.8.3-2014q1/bin/../lib/gcc/arm-none-eabi/4.8.3/armv7-m\libgcc.a(_arm_fixdfsi.o)
                0x00083860                __aeabi_d2iz
                0x00083860                __fixdfsi
 .text          0x000838b0       0x40 c:/programdata/matlab/supportpackages/r2016b/3p.instrset/arduinoide.instrset/arduinosam-1.6.7/packages/arduino/tools/arm-none-eabi-gcc/4.8.3-2014q1/bin/../lib/gcc/arm-none-eabi/4.8.3/armv7-m\libgcc.a(_arm_fixunsdfsi.o)
                0x000838b0                __aeabi_d2uiz
                0x000838b0                __fixunsdfsi
 .text          0x000838f0       0xa0 c:/programdata/matlab/supportpackages/r2016b/3p.instrset/arduinoide.instrset/arduinosam-1.6.7/packages/arduino/tools/arm-none-eabi-gcc/4.8.3-2014q1/bin/../lib/gcc/arm-none-eabi/4.8.3/armv7-m\libgcc.a(_arm_truncdfsf2.o)
                0x000838f0                __truncdfsf2
                0x000838f0                __aeabi_d2f
 .text          0x00083990      0x21c c:/programdata/matlab/supportpackages/r2016b/3p.instrset/arduinoide.instrset/arduinosam-1.6.7/packages/arduino/tools/arm-none-eabi-gcc/4.8.3-2014q1/bin/../lib/gcc/arm-none-eabi/4.8.3/armv7-m\libgcc.a(_arm_addsubsf3.o)
                0x00083990                __aeabi_frsub
                0x00083998                __subsf3
                0x00083998                __aeabi_fsub
                0x0008399c                __aeabi_fadd
                0x0008399c                __addsf3
                0x00083afc                __aeabi_ui2f
                0x00083afc                __floatunsisf
                0x00083b04                __aeabi_i2f
                0x00083b04                __floatsisf
                0x00083b20                __aeabi_ul2f
                0x00083b20                __floatundisf
                0x00083b30                __aeabi_l2f
                0x00083b30                __floatdisf
 .text          0x00083bac      0x2a0 c:/programdata/matlab/supportpackages/r2016b/3p.instrset/arduinoide.instrset/arduinosam-1.6.7/packages/arduino/tools/arm-none-eabi-gcc/4.8.3-2014q1/bin/../lib/gcc/arm-none-eabi/4.8.3/armv7-m\libgcc.a(_arm_muldivsf3.o)
                0x00083bac                __mulsf3
                0x00083bac                __aeabi_fmul
                0x00083d14                __aeabi_fdiv
                0x00083d14                __divsf3
 .text.__assert_func
                0x00083e4c       0x3c c:/programdata/matlab/supportpackages/r2016b/3p.instrset/arduinoide.instrset/arduinosam-1.6.7/packages/arduino/tools/arm-none-eabi-gcc/4.8.3-2014q1/bin/../lib/gcc/arm-none-eabi/4.8.3/../../../../arm-none-eabi/lib/armv7-m\libg.a(lib_a-assert.o)
                0x00083e4c                __assert_func
 .text.fiprintf
                0x00083e88       0x28 c:/programdata/matlab/supportpackages/r2016b/3p.instrset/arduinoide.instrset/arduinosam-1.6.7/packages/arduino/tools/arm-none-eabi-gcc/4.8.3-2014q1/bin/../lib/gcc/arm-none-eabi/4.8.3/../../../../arm-none-eabi/lib/armv7-m\libg.a(lib_a-fiprintf.o)
                0x00083e88                fiprintf
 .text.__libc_init_array
                0x00083eb0       0x50 c:/programdata/matlab/supportpackages/r2016b/3p.instrset/arduinoide.instrset/arduinosam-1.6.7/packages/arduino/tools/arm-none-eabi-gcc/4.8.3-2014q1/bin/../lib/gcc/arm-none-eabi/4.8.3/../../../../arm-none-eabi/lib/armv7-m\libg.a(lib_a-init.o)
                0x00083eb0                __libc_init_array
 .text.iprintf  0x00083f00       0x28 c:/programdata/matlab/supportpackages/r2016b/3p.instrset/arduinoide.instrset/arduinosam-1.6.7/packages/arduino/tools/arm-none-eabi-gcc/4.8.3-2014q1/bin/../lib/gcc/arm-none-eabi/4.8.3/../../../../arm-none-eabi/lib/armv7-m\libg.a(lib_a-iprintf.o)
                0x00083f00                iprintf
 .text.malloc   0x00083f28       0x10 c:/programdata/matlab/supportpackages/r2016b/3p.instrset/arduinoide.instrset/arduinosam-1.6.7/packages/arduino/tools/arm-none-eabi-gcc/4.8.3-2014q1/bin/../lib/gcc/arm-none-eabi/4.8.3/../../../../arm-none-eabi/lib/armv7-m\libg.a(lib_a-malloc.o)
                0x00083f28                malloc
 .text.free     0x00083f38       0x10 c:/programdata/matlab/supportpackages/r2016b/3p.instrset/arduinoide.instrset/arduinosam-1.6.7/packages/arduino/tools/arm-none-eabi-gcc/4.8.3-2014q1/bin/../lib/gcc/arm-none-eabi/4.8.3/../../../../arm-none-eabi/lib/armv7-m\libg.a(lib_a-malloc.o)
                0x00083f38                free
 .text._malloc_r
                0x00083f48      0x538 c:/programdata/matlab/supportpackages/r2016b/3p.instrset/arduinoide.instrset/arduinosam-1.6.7/packages/arduino/tools/arm-none-eabi-gcc/4.8.3-2014q1/bin/../lib/gcc/arm-none-eabi/4.8.3/../../../../arm-none-eabi/lib/armv7-m\libg.a(lib_a-mallocr.o)
                0x00083f48                _malloc_r
 .text          0x00084480       0xec c:/programdata/matlab/supportpackages/r2016b/3p.instrset/arduinoide.instrset/arduinosam-1.6.7/packages/arduino/tools/arm-none-eabi-gcc/4.8.3-2014q1/bin/../lib/gcc/arm-none-eabi/4.8.3/../../../../arm-none-eabi/lib/armv7-m\libg.a(lib_a-memcpy.o)
                0x00084480                memcpy
 .text.memmove  0x0008456c       0xcc c:/programdata/matlab/supportpackages/r2016b/3p.instrset/arduinoide.instrset/arduinosam-1.6.7/packages/arduino/tools/arm-none-eabi-gcc/4.8.3-2014q1/bin/../lib/gcc/arm-none-eabi/4.8.3/../../../../arm-none-eabi/lib/armv7-m\libg.a(lib_a-memmove.o)
                0x0008456c                memmove
 .text.memset   0x00084638       0x94 c:/programdata/matlab/supportpackages/r2016b/3p.instrset/arduinoide.instrset/arduinosam-1.6.7/packages/arduino/tools/arm-none-eabi-gcc/4.8.3-2014q1/bin/../lib/gcc/arm-none-eabi/4.8.3/../../../../arm-none-eabi/lib/armv7-m\libg.a(lib_a-memset.o)
                0x00084638                memset
 .text.__malloc_lock
                0x000846cc        0x4 c:/programdata/matlab/supportpackages/r2016b/3p.instrset/arduinoide.instrset/arduinosam-1.6.7/packages/arduino/tools/arm-none-eabi-gcc/4.8.3-2014q1/bin/../lib/gcc/arm-none-eabi/4.8.3/../../../../arm-none-eabi/lib/armv7-m\libg.a(lib_a-mlock.o)
                0x000846cc                __malloc_lock
 .text.__malloc_unlock
                0x000846d0        0x4 c:/programdata/matlab/supportpackages/r2016b/3p.instrset/arduinoide.instrset/arduinosam-1.6.7/packages/arduino/tools/arm-none-eabi-gcc/4.8.3-2014q1/bin/../lib/gcc/arm-none-eabi/4.8.3/../../../../arm-none-eabi/lib/armv7-m\libg.a(lib_a-mlock.o)
                0x000846d0                __malloc_unlock
 .text.realloc  0x000846d4       0x10 c:/programdata/matlab/supportpackages/r2016b/3p.instrset/arduinoide.instrset/arduinosam-1.6.7/packages/arduino/tools/arm-none-eabi-gcc/4.8.3-2014q1/bin/../lib/gcc/arm-none-eabi/4.8.3/../../../../arm-none-eabi/lib/armv7-m\libg.a(lib_a-realloc.o)
                0x000846d4                realloc
 .text._realloc_r
                0x000846e4      0x3c0 c:/programdata/matlab/supportpackages/r2016b/3p.instrset/arduinoide.instrset/arduinosam-1.6.7/packages/arduino/tools/arm-none-eabi-gcc/4.8.3-2014q1/bin/../lib/gcc/arm-none-eabi/4.8.3/../../../../arm-none-eabi/lib/armv7-m\libg.a(lib_a-reallocr.o)
                0x000846e4                _realloc_r
 .text._sbrk_r  0x00084aa4       0x24 c:/programdata/matlab/supportpackages/r2016b/3p.instrset/arduinoide.instrset/arduinosam-1.6.7/packages/arduino/tools/arm-none-eabi-gcc/4.8.3-2014q1/bin/../lib/gcc/arm-none-eabi/4.8.3/../../../../arm-none-eabi/lib/armv7-m\libg.a(lib_a-sbrkr.o)
                0x00084aa4                _sbrk_r
 .text.sprintf  0x00084ac8       0x4c c:/programdata/matlab/supportpackages/r2016b/3p.instrset/arduinoide.instrset/arduinosam-1.6.7/packages/arduino/tools/arm-none-eabi-gcc/4.8.3-2014q1/bin/../lib/gcc/arm-none-eabi/4.8.3/../../../../arm-none-eabi/lib/armv7-m\libg.a(lib_a-sprintf.o)
                0x00084ac8                sprintf
 .text.strcpy   0x00084b14       0xbc c:/programdata/matlab/supportpackages/r2016b/3p.instrset/arduinoide.instrset/arduinosam-1.6.7/packages/arduino/tools/arm-none-eabi-gcc/4.8.3-2014q1/bin/../lib/gcc/arm-none-eabi/4.8.3/../../../../arm-none-eabi/lib/armv7-m\libg.a(lib_a-strcpy.o)
                0x00084b14                strcpy
 .text.strlen   0x00084bd0       0x60 c:/programdata/matlab/supportpackages/r2016b/3p.instrset/arduinoide.instrset/arduinosam-1.6.7/packages/arduino/tools/arm-none-eabi-gcc/4.8.3-2014q1/bin/../lib/gcc/arm-none-eabi/4.8.3/../../../../arm-none-eabi/lib/armv7-m\libg.a(lib_a-strlen.o)
                0x00084bd0                strlen
 .text._svfprintf_r
                0x00084c30     0x14e0 c:/programdata/matlab/supportpackages/r2016b/3p.instrset/arduinoide.instrset/arduinosam-1.6.7/packages/arduino/tools/arm-none-eabi-gcc/4.8.3-2014q1/bin/../lib/gcc/arm-none-eabi/4.8.3/../../../../arm-none-eabi/lib/armv7-m\libg.a(lib_a-svfprintf.o)
                0x00084c30                _svfprintf_r
 .text.__sprint_r.part.0
                0x00086110       0x78 c:/programdata/matlab/supportpackages/r2016b/3p.instrset/arduinoide.instrset/arduinosam-1.6.7/packages/arduino/tools/arm-none-eabi-gcc/4.8.3-2014q1/bin/../lib/gcc/arm-none-eabi/4.8.3/../../../../arm-none-eabi/lib/armv7-m\libg.a(lib_a-vfiprintf.o)
 .text._vfiprintf_r
                0x00086188      0xc54 c:/programdata/matlab/supportpackages/r2016b/3p.instrset/arduinoide.instrset/arduinosam-1.6.7/packages/arduino/tools/arm-none-eabi-gcc/4.8.3-2014q1/bin/../lib/gcc/arm-none-eabi/4.8.3/../../../../arm-none-eabi/lib/armv7-m\libg.a(lib_a-vfiprintf.o)
                0x00086188                _vfiprintf_r
 .text.__sbprintf
                0x00086ddc       0x7c c:/programdata/matlab/supportpackages/r2016b/3p.instrset/arduinoide.instrset/arduinosam-1.6.7/packages/arduino/tools/arm-none-eabi-gcc/4.8.3-2014q1/bin/../lib/gcc/arm-none-eabi/4.8.3/../../../../arm-none-eabi/lib/armv7-m\libg.a(lib_a-vfiprintf.o)
 .text.__swsetup_r
                0x00086e58       0xc4 c:/programdata/matlab/supportpackages/r2016b/3p.instrset/arduinoide.instrset/arduinosam-1.6.7/packages/arduino/tools/arm-none-eabi-gcc/4.8.3-2014q1/bin/../lib/gcc/arm-none-eabi/4.8.3/../../../../arm-none-eabi/lib/armv7-m\libg.a(lib_a-wsetup.o)
                0x00086e58                __swsetup_r
 .text.startup.register_fini
                0x00086f1c       0x14 c:/programdata/matlab/supportpackages/r2016b/3p.instrset/arduinoide.instrset/arduinosam-1.6.7/packages/arduino/tools/arm-none-eabi-gcc/4.8.3-2014q1/bin/../lib/gcc/arm-none-eabi/4.8.3/../../../../arm-none-eabi/lib/armv7-m\libg.a(lib_a-__call_atexit.o)
 .text.abort    0x00086f30       0x10 c:/programdata/matlab/supportpackages/r2016b/3p.instrset/arduinoide.instrset/arduinosam-1.6.7/packages/arduino/tools/arm-none-eabi-gcc/4.8.3-2014q1/bin/../lib/gcc/arm-none-eabi/4.8.3/../../../../arm-none-eabi/lib/armv7-m\libg.a(lib_a-abort.o)
                0x00086f30                abort
 .text.atexit   0x00086f40        0xc c:/programdata/matlab/supportpackages/r2016b/3p.instrset/arduinoide.instrset/arduinosam-1.6.7/packages/arduino/tools/arm-none-eabi-gcc/4.8.3-2014q1/bin/../lib/gcc/arm-none-eabi/4.8.3/../../../../arm-none-eabi/lib/armv7-m\libg.a(lib_a-atexit.o)
                0x00086f40                atexit
 .text.quorem   0x00086f4c      0x134 c:/programdata/matlab/supportpackages/r2016b/3p.instrset/arduinoide.instrset/arduinosam-1.6.7/packages/arduino/tools/arm-none-eabi-gcc/4.8.3-2014q1/bin/../lib/gcc/arm-none-eabi/4.8.3/../../../../arm-none-eabi/lib/armv7-m\libg.a(lib_a-dtoa.o)
 .text._dtoa_r  0x00087080      0xe38 c:/programdata/matlab/supportpackages/r2016b/3p.instrset/arduinoide.instrset/arduinosam-1.6.7/packages/arduino/tools/arm-none-eabi-gcc/4.8.3-2014q1/bin/../lib/gcc/arm-none-eabi/4.8.3/../../../../arm-none-eabi/lib/armv7-m\libg.a(lib_a-dtoa.o)
                0x00087080                _dtoa_r
 .text.__sflush_r
                0x00087eb8      0x148 c:/programdata/matlab/supportpackages/r2016b/3p.instrset/arduinoide.instrset/arduinosam-1.6.7/packages/arduino/tools/arm-none-eabi-gcc/4.8.3-2014q1/bin/../lib/gcc/arm-none-eabi/4.8.3/../../../../arm-none-eabi/lib/armv7-m\libg.a(lib_a-fflush.o)
                0x00087eb8                __sflush_r
 .text._fflush_r
                0x00088000       0x2c c:/programdata/matlab/supportpackages/r2016b/3p.instrset/arduinoide.instrset/arduinosam-1.6.7/packages/arduino/tools/arm-none-eabi-gcc/4.8.3-2014q1/bin/../lib/gcc/arm-none-eabi/4.8.3/../../../../arm-none-eabi/lib/armv7-m\libg.a(lib_a-fflush.o)
                0x00088000                _fflush_r
 .text._cleanup_r
                0x0008802c        0xc c:/programdata/matlab/supportpackages/r2016b/3p.instrset/arduinoide.instrset/arduinosam-1.6.7/packages/arduino/tools/arm-none-eabi-gcc/4.8.3-2014q1/bin/../lib/gcc/arm-none-eabi/4.8.3/../../../../arm-none-eabi/lib/armv7-m\libg.a(lib_a-findfp.o)
                0x0008802c                _cleanup_r
 .text.__sinit  0x00088038       0xf4 c:/programdata/matlab/supportpackages/r2016b/3p.instrset/arduinoide.instrset/arduinosam-1.6.7/packages/arduino/tools/arm-none-eabi-gcc/4.8.3-2014q1/bin/../lib/gcc/arm-none-eabi/4.8.3/../../../../arm-none-eabi/lib/armv7-m\libg.a(lib_a-findfp.o)
                0x00088038                __sinit
 .text.__sfp_lock_acquire
                0x0008812c        0x4 c:/programdata/matlab/supportpackages/r2016b/3p.instrset/arduinoide.instrset/arduinosam-1.6.7/packages/arduino/tools/arm-none-eabi-gcc/4.8.3-2014q1/bin/../lib/gcc/arm-none-eabi/4.8.3/../../../../arm-none-eabi/lib/armv7-m\libg.a(lib_a-findfp.o)
                0x0008812c                __sfp_lock_acquire
 .text.__sfp_lock_release
                0x00088130        0x4 c:/programdata/matlab/supportpackages/r2016b/3p.instrset/arduinoide.instrset/arduinosam-1.6.7/packages/arduino/tools/arm-none-eabi-gcc/4.8.3-2014q1/bin/../lib/gcc/arm-none-eabi/4.8.3/../../../../arm-none-eabi/lib/armv7-m\libg.a(lib_a-findfp.o)
                0x00088130                __sfp_lock_release
 .text.__libc_fini_array
                0x00088134       0x30 c:/programdata/matlab/supportpackages/r2016b/3p.instrset/arduinoide.instrset/arduinosam-1.6.7/packages/arduino/tools/arm-none-eabi-gcc/4.8.3-2014q1/bin/../lib/gcc/arm-none-eabi/4.8.3/../../../../arm-none-eabi/lib/armv7-m\libg.a(lib_a-fini.o)
                0x00088134                __libc_fini_array
 .text._fputwc_r
                0x00088164       0xc0 c:/programdata/matlab/supportpackages/r2016b/3p.instrset/arduinoide.instrset/arduinosam-1.6.7/packages/arduino/tools/arm-none-eabi-gcc/4.8.3-2014q1/bin/../lib/gcc/arm-none-eabi/4.8.3/../../../../arm-none-eabi/lib/armv7-m\libg.a(lib_a-fputwc.o)
                0x00088164                _fputwc_r
 .text._malloc_trim_r
                0x00088224       0x9c c:/programdata/matlab/supportpackages/r2016b/3p.instrset/arduinoide.instrset/arduinosam-1.6.7/packages/arduino/tools/arm-none-eabi-gcc/4.8.3-2014q1/bin/../lib/gcc/arm-none-eabi/4.8.3/../../../../arm-none-eabi/lib/armv7-m\libg.a(lib_a-freer.o)
                0x00088224                _malloc_trim_r
 .text._free_r  0x000882c0      0x198 c:/programdata/matlab/supportpackages/r2016b/3p.instrset/arduinoide.instrset/arduinosam-1.6.7/packages/arduino/tools/arm-none-eabi-gcc/4.8.3-2014q1/bin/../lib/gcc/arm-none-eabi/4.8.3/../../../../arm-none-eabi/lib/armv7-m\libg.a(lib_a-freer.o)
                0x000882c0                _free_r
 .text.__sfvwrite_r
                0x00088458      0x314 c:/programdata/matlab/supportpackages/r2016b/3p.instrset/arduinoide.instrset/arduinosam-1.6.7/packages/arduino/tools/arm-none-eabi-gcc/4.8.3-2014q1/bin/../lib/gcc/arm-none-eabi/4.8.3/../../../../arm-none-eabi/lib/armv7-m\libg.a(lib_a-fvwrite.o)
                0x00088458                __sfvwrite_r
 .text._fwalk   0x0008876c       0x48 c:/programdata/matlab/supportpackages/r2016b/3p.instrset/arduinoide.instrset/arduinosam-1.6.7/packages/arduino/tools/arm-none-eabi-gcc/4.8.3-2014q1/bin/../lib/gcc/arm-none-eabi/4.8.3/../../../../arm-none-eabi/lib/armv7-m\libg.a(lib_a-fwalk.o)
                0x0008876c                _fwalk
 .text.__locale_charset
                0x000887b4        0x8 c:/programdata/matlab/supportpackages/r2016b/3p.instrset/arduinoide.instrset/arduinosam-1.6.7/packages/arduino/tools/arm-none-eabi-gcc/4.8.3-2014q1/bin/../lib/gcc/arm-none-eabi/4.8.3/../../../../arm-none-eabi/lib/armv7-m\libg.a(lib_a-locale.o)
                0x000887b4                __locale_charset
 .text.__locale_mb_cur_max
                0x000887bc        0xc c:/programdata/matlab/supportpackages/r2016b/3p.instrset/arduinoide.instrset/arduinosam-1.6.7/packages/arduino/tools/arm-none-eabi-gcc/4.8.3-2014q1/bin/../lib/gcc/arm-none-eabi/4.8.3/../../../../arm-none-eabi/lib/armv7-m\libg.a(lib_a-locale.o)
                0x000887bc                __locale_mb_cur_max
 .text._localeconv_r
                0x000887c8        0x8 c:/programdata/matlab/supportpackages/r2016b/3p.instrset/arduinoide.instrset/arduinosam-1.6.7/packages/arduino/tools/arm-none-eabi-gcc/4.8.3-2014q1/bin/../lib/gcc/arm-none-eabi/4.8.3/../../../../arm-none-eabi/lib/armv7-m\libg.a(lib_a-locale.o)
                0x000887c8                _localeconv_r
 .text.__smakebuf_r
                0x000887d0       0xe0 c:/programdata/matlab/supportpackages/r2016b/3p.instrset/arduinoide.instrset/arduinosam-1.6.7/packages/arduino/tools/arm-none-eabi-gcc/4.8.3-2014q1/bin/../lib/gcc/arm-none-eabi/4.8.3/../../../../arm-none-eabi/lib/armv7-m\libg.a(lib_a-makebuf.o)
                0x000887d0                __smakebuf_r
 .text.memchr   0x000888b0       0x94 c:/programdata/matlab/supportpackages/r2016b/3p.instrset/arduinoide.instrset/arduinosam-1.6.7/packages/arduino/tools/arm-none-eabi-gcc/4.8.3-2014q1/bin/../lib/gcc/arm-none-eabi/4.8.3/../../../../arm-none-eabi/lib/armv7-m\libg.a(lib_a-memchr-stub.o)
                0x000888b0                memchr
 .text._Balloc  0x00088944       0x4c c:/programdata/matlab/supportpackages/r2016b/3p.instrset/arduinoide.instrset/arduinosam-1.6.7/packages/arduino/tools/arm-none-eabi-gcc/4.8.3-2014q1/bin/../lib/gcc/arm-none-eabi/4.8.3/../../../../arm-none-eabi/lib/armv7-m\libg.a(lib_a-mprec.o)
                0x00088944                _Balloc
 .text._Bfree   0x00088990       0x14 c:/programdata/matlab/supportpackages/r2016b/3p.instrset/arduinoide.instrset/arduinosam-1.6.7/packages/arduino/tools/arm-none-eabi-gcc/4.8.3-2014q1/bin/../lib/gcc/arm-none-eabi/4.8.3/../../../../arm-none-eabi/lib/armv7-m\libg.a(lib_a-mprec.o)
                0x00088990                _Bfree
 .text.__multadd
                0x000889a4       0x94 c:/programdata/matlab/supportpackages/r2016b/3p.instrset/arduinoide.instrset/arduinosam-1.6.7/packages/arduino/tools/arm-none-eabi-gcc/4.8.3-2014q1/bin/../lib/gcc/arm-none-eabi/4.8.3/../../../../arm-none-eabi/lib/armv7-m\libg.a(lib_a-mprec.o)
                0x000889a4                __multadd
 .text.__hi0bits
                0x00088a38       0x40 c:/programdata/matlab/supportpackages/r2016b/3p.instrset/arduinoide.instrset/arduinosam-1.6.7/packages/arduino/tools/arm-none-eabi-gcc/4.8.3-2014q1/bin/../lib/gcc/arm-none-eabi/4.8.3/../../../../arm-none-eabi/lib/armv7-m\libg.a(lib_a-mprec.o)
                0x00088a38                __hi0bits
 .text.__lo0bits
                0x00088a78       0x5c c:/programdata/matlab/supportpackages/r2016b/3p.instrset/arduinoide.instrset/arduinosam-1.6.7/packages/arduino/tools/arm-none-eabi-gcc/4.8.3-2014q1/bin/../lib/gcc/arm-none-eabi/4.8.3/../../../../arm-none-eabi/lib/armv7-m\libg.a(lib_a-mprec.o)
                0x00088a78                __lo0bits
 .text.__i2b    0x00088ad4       0x14 c:/programdata/matlab/supportpackages/r2016b/3p.instrset/arduinoide.instrset/arduinosam-1.6.7/packages/arduino/tools/arm-none-eabi-gcc/4.8.3-2014q1/bin/../lib/gcc/arm-none-eabi/4.8.3/../../../../arm-none-eabi/lib/armv7-m\libg.a(lib_a-mprec.o)
                0x00088ad4                __i2b
 .text.__multiply
                0x00088ae8      0x13c c:/programdata/matlab/supportpackages/r2016b/3p.instrset/arduinoide.instrset/arduinosam-1.6.7/packages/arduino/tools/arm-none-eabi-gcc/4.8.3-2014q1/bin/../lib/gcc/arm-none-eabi/4.8.3/../../../../arm-none-eabi/lib/armv7-m\libg.a(lib_a-mprec.o)
                0x00088ae8                __multiply
 .text.__pow5mult
                0x00088c24       0x9c c:/programdata/matlab/supportpackages/r2016b/3p.instrset/arduinoide.instrset/arduinosam-1.6.7/packages/arduino/tools/arm-none-eabi-gcc/4.8.3-2014q1/bin/../lib/gcc/arm-none-eabi/4.8.3/../../../../arm-none-eabi/lib/armv7-m\libg.a(lib_a-mprec.o)
                0x00088c24                __pow5mult
 .text.__lshift
                0x00088cc0       0xbc c:/programdata/matlab/supportpackages/r2016b/3p.instrset/arduinoide.instrset/arduinosam-1.6.7/packages/arduino/tools/arm-none-eabi-gcc/4.8.3-2014q1/bin/../lib/gcc/arm-none-eabi/4.8.3/../../../../arm-none-eabi/lib/armv7-m\libg.a(lib_a-mprec.o)
                0x00088cc0                __lshift
 .text.__mcmp   0x00088d7c       0x48 c:/programdata/matlab/supportpackages/r2016b/3p.instrset/arduinoide.instrset/arduinosam-1.6.7/packages/arduino/tools/arm-none-eabi-gcc/4.8.3-2014q1/bin/../lib/gcc/arm-none-eabi/4.8.3/../../../../arm-none-eabi/lib/armv7-m\libg.a(lib_a-mprec.o)
                0x00088d7c                __mcmp
 .text.__mdiff  0x00088dc4       0xd8 c:/programdata/matlab/supportpackages/r2016b/3p.instrset/arduinoide.instrset/arduinosam-1.6.7/packages/arduino/tools/arm-none-eabi-gcc/4.8.3-2014q1/bin/../lib/gcc/arm-none-eabi/4.8.3/../../../../arm-none-eabi/lib/armv7-m\libg.a(lib_a-mprec.o)
                0x00088dc4                __mdiff
 .text.__d2b    0x00088e9c       0xbc c:/programdata/matlab/supportpackages/r2016b/3p.instrset/arduinoide.instrset/arduinosam-1.6.7/packages/arduino/tools/arm-none-eabi-gcc/4.8.3-2014q1/bin/../lib/gcc/arm-none-eabi/4.8.3/../../../../arm-none-eabi/lib/armv7-m\libg.a(lib_a-mprec.o)
                0x00088e9c                __d2b
 .text._raise_r
                0x00088f58       0x58 c:/programdata/matlab/supportpackages/r2016b/3p.instrset/arduinoide.instrset/arduinosam-1.6.7/packages/arduino/tools/arm-none-eabi-gcc/4.8.3-2014q1/bin/../lib/gcc/arm-none-eabi/4.8.3/../../../../arm-none-eabi/lib/armv7-m\libg.a(lib_a-signal.o)
                0x00088f58                _raise_r
 .text.raise    0x00088fb0       0x10 c:/programdata/matlab/supportpackages/r2016b/3p.instrset/arduinoide.instrset/arduinosam-1.6.7/packages/arduino/tools/arm-none-eabi-gcc/4.8.3-2014q1/bin/../lib/gcc/arm-none-eabi/4.8.3/../../../../arm-none-eabi/lib/armv7-m\libg.a(lib_a-signal.o)
                0x00088fb0                raise
 .text._kill_r  0x00088fc0       0x28 c:/programdata/matlab/supportpackages/r2016b/3p.instrset/arduinoide.instrset/arduinosam-1.6.7/packages/arduino/tools/arm-none-eabi-gcc/4.8.3-2014q1/bin/../lib/gcc/arm-none-eabi/4.8.3/../../../../arm-none-eabi/lib/armv7-m\libg.a(lib_a-signalr.o)
                0x00088fc0                _kill_r
 .text._getpid_r
                0x00088fe8        0x4 c:/programdata/matlab/supportpackages/r2016b/3p.instrset/arduinoide.instrset/arduinosam-1.6.7/packages/arduino/tools/arm-none-eabi-gcc/4.8.3-2014q1/bin/../lib/gcc/arm-none-eabi/4.8.3/../../../../arm-none-eabi/lib/armv7-m\libg.a(lib_a-signalr.o)
                0x00088fe8                _getpid_r
 .text.__sread  0x00088fec       0x24 c:/programdata/matlab/supportpackages/r2016b/3p.instrset/arduinoide.instrset/arduinosam-1.6.7/packages/arduino/tools/arm-none-eabi-gcc/4.8.3-2014q1/bin/../lib/gcc/arm-none-eabi/4.8.3/../../../../arm-none-eabi/lib/armv7-m\libg.a(lib_a-stdio.o)
                0x00088fec                __sread
 .text.__swrite
                0x00089010       0x38 c:/programdata/matlab/supportpackages/r2016b/3p.instrset/arduinoide.instrset/arduinosam-1.6.7/packages/arduino/tools/arm-none-eabi-gcc/4.8.3-2014q1/bin/../lib/gcc/arm-none-eabi/4.8.3/../../../../arm-none-eabi/lib/armv7-m\libg.a(lib_a-stdio.o)
                0x00089010                __swrite
 .text.__sseek  0x00089048       0x20 c:/programdata/matlab/supportpackages/r2016b/3p.instrset/arduinoide.instrset/arduinosam-1.6.7/packages/arduino/tools/arm-none-eabi-gcc/4.8.3-2014q1/bin/../lib/gcc/arm-none-eabi/4.8.3/../../../../arm-none-eabi/lib/armv7-m\libg.a(lib_a-stdio.o)
                0x00089048                __sseek
 .text.__sclose
                0x00089068        0x8 c:/programdata/matlab/supportpackages/r2016b/3p.instrset/arduinoide.instrset/arduinosam-1.6.7/packages/arduino/tools/arm-none-eabi-gcc/4.8.3-2014q1/bin/../lib/gcc/arm-none-eabi/4.8.3/../../../../arm-none-eabi/lib/armv7-m\libg.a(lib_a-stdio.o)
                0x00089068                __sclose
 .text.__ssprint_r
                0x00089070      0x100 c:/programdata/matlab/supportpackages/r2016b/3p.instrset/arduinoide.instrset/arduinosam-1.6.7/packages/arduino/tools/arm-none-eabi-gcc/4.8.3-2014q1/bin/../lib/gcc/arm-none-eabi/4.8.3/../../../../arm-none-eabi/lib/armv7-m\libg.a(lib_a-svfiprintf.o)
                0x00089070                __ssprint_r
 .text.__swbuf_r
                0x00089170       0xa8 c:/programdata/matlab/supportpackages/r2016b/3p.instrset/arduinoide.instrset/arduinosam-1.6.7/packages/arduino/tools/arm-none-eabi-gcc/4.8.3-2014q1/bin/../lib/gcc/arm-none-eabi/4.8.3/../../../../arm-none-eabi/lib/armv7-m\libg.a(lib_a-wbuf.o)
                0x00089170                __swbuf_r
 .text._wcrtomb_r
                0x00089218       0x50 c:/programdata/matlab/supportpackages/r2016b/3p.instrset/arduinoide.instrset/arduinosam-1.6.7/packages/arduino/tools/arm-none-eabi-gcc/4.8.3-2014q1/bin/../lib/gcc/arm-none-eabi/4.8.3/../../../../arm-none-eabi/lib/armv7-m\libg.a(lib_a-wcrtomb.o)
                0x00089218                _wcrtomb_r
 .text.__ascii_wctomb
                0x00089268       0x1c c:/programdata/matlab/supportpackages/r2016b/3p.instrset/arduinoide.instrset/arduinosam-1.6.7/packages/arduino/tools/arm-none-eabi-gcc/4.8.3-2014q1/bin/../lib/gcc/arm-none-eabi/4.8.3/../../../../arm-none-eabi/lib/armv7-m\libg.a(lib_a-wctomb_r.o)
                0x00089268                __ascii_wctomb
 .text._write_r
                0x00089284       0x28 c:/programdata/matlab/supportpackages/r2016b/3p.instrset/arduinoide.instrset/arduinosam-1.6.7/packages/arduino/tools/arm-none-eabi-gcc/4.8.3-2014q1/bin/../lib/gcc/arm-none-eabi/4.8.3/../../../../arm-none-eabi/lib/armv7-m\libg.a(lib_a-writer.o)
                0x00089284                _write_r
 .text.__register_exitproc
                0x000892ac       0xa8 c:/programdata/matlab/supportpackages/r2016b/3p.instrset/arduinoide.instrset/arduinosam-1.6.7/packages/arduino/tools/arm-none-eabi-gcc/4.8.3-2014q1/bin/../lib/gcc/arm-none-eabi/4.8.3/../../../../arm-none-eabi/lib/armv7-m\libg.a(lib_a-__atexit.o)
                0x000892ac                __register_exitproc
 .text._calloc_r
                0x00089354       0x60 c:/programdata/matlab/supportpackages/r2016b/3p.instrset/arduinoide.instrset/arduinosam-1.6.7/packages/arduino/tools/arm-none-eabi-gcc/4.8.3-2014q1/bin/../lib/gcc/arm-none-eabi/4.8.3/../../../../arm-none-eabi/lib/armv7-m\libg.a(lib_a-callocr.o)
                0x00089354                _calloc_r
 .text._close_r
                0x000893b4       0x24 c:/programdata/matlab/supportpackages/r2016b/3p.instrset/arduinoide.instrset/arduinosam-1.6.7/packages/arduino/tools/arm-none-eabi-gcc/4.8.3-2014q1/bin/../lib/gcc/arm-none-eabi/4.8.3/../../../../arm-none-eabi/lib/armv7-m\libg.a(lib_a-closer.o)
                0x000893b4                _close_r
 .text._fclose_r
                0x000893d8       0x80 c:/programdata/matlab/supportpackages/r2016b/3p.instrset/arduinoide.instrset/arduinosam-1.6.7/packages/arduino/tools/arm-none-eabi-gcc/4.8.3-2014q1/bin/../lib/gcc/arm-none-eabi/4.8.3/../../../../arm-none-eabi/lib/armv7-m\libg.a(lib_a-fclose.o)
                0x000893d8                _fclose_r
 .text.fclose   0x00089458       0x10 c:/programdata/matlab/supportpackages/r2016b/3p.instrset/arduinoide.instrset/arduinosam-1.6.7/packages/arduino/tools/arm-none-eabi-gcc/4.8.3-2014q1/bin/../lib/gcc/arm-none-eabi/4.8.3/../../../../arm-none-eabi/lib/armv7-m\libg.a(lib_a-fclose.o)
                0x00089458                fclose
 .text._fstat_r
                0x00089468       0x28 c:/programdata/matlab/supportpackages/r2016b/3p.instrset/arduinoide.instrset/arduinosam-1.6.7/packages/arduino/tools/arm-none-eabi-gcc/4.8.3-2014q1/bin/../lib/gcc/arm-none-eabi/4.8.3/../../../../arm-none-eabi/lib/armv7-m\libg.a(lib_a-fstatr.o)
                0x00089468                _fstat_r
 .text._isatty_r
                0x00089490       0x24 c:/programdata/matlab/supportpackages/r2016b/3p.instrset/arduinoide.instrset/arduinosam-1.6.7/packages/arduino/tools/arm-none-eabi-gcc/4.8.3-2014q1/bin/../lib/gcc/arm-none-eabi/4.8.3/../../../../arm-none-eabi/lib/armv7-m\libg.a(lib_a-isattyr.o)
                0x00089490                _isatty_r
 .text._lseek_r
                0x000894b4       0x28 c:/programdata/matlab/supportpackages/r2016b/3p.instrset/arduinoide.instrset/arduinosam-1.6.7/packages/arduino/tools/arm-none-eabi-gcc/4.8.3-2014q1/bin/../lib/gcc/arm-none-eabi/4.8.3/../../../../arm-none-eabi/lib/armv7-m\libg.a(lib_a-lseekr.o)
                0x000894b4                _lseek_r
 .text._read_r  0x000894dc       0x28 c:/programdata/matlab/supportpackages/r2016b/3p.instrset/arduinoide.instrset/arduinosam-1.6.7/packages/arduino/tools/arm-none-eabi-gcc/4.8.3-2014q1/bin/../lib/gcc/arm-none-eabi/4.8.3/../../../../arm-none-eabi/lib/armv7-m\libg.a(lib_a-readr.o)
                0x000894dc                _read_r
 .text          0x00089504       0x2c c:/programdata/matlab/supportpackages/r2016b/3p.instrset/arduinoide.instrset/arduinosam-1.6.7/packages/arduino/tools/arm-none-eabi-gcc/4.8.3-2014q1/bin/../lib/gcc/arm-none-eabi/4.8.3/armv7-m\libgcc.a(_aeabi_uldivmod.o)
                0x00089504                __aeabi_uldivmod
 .text          0x00089530       0x60 c:/programdata/matlab/supportpackages/r2016b/3p.instrset/arduinoide.instrset/arduinosam-1.6.7/packages/arduino/tools/arm-none-eabi-gcc/4.8.3-2014q1/bin/../lib/gcc/arm-none-eabi/4.8.3/armv7-m\libgcc.a(bpabi.o)
                0x00089530                __gnu_ldivmod_helper
                0x00089560                __gnu_uldivmod_helper
 .text          0x00089590        0x4 c:/programdata/matlab/supportpackages/r2016b/3p.instrset/arduinoide.instrset/arduinosam-1.6.7/packages/arduino/tools/arm-none-eabi-gcc/4.8.3-2014q1/bin/../lib/gcc/arm-none-eabi/4.8.3/armv7-m\libgcc.a(_dvmd_tls.o)
                0x00089590                __aeabi_idiv0
                0x00089590                __aeabi_ldiv0
 .text          0x00089594      0x2a0 c:/programdata/matlab/supportpackages/r2016b/3p.instrset/arduinoide.instrset/arduinosam-1.6.7/packages/arduino/tools/arm-none-eabi-gcc/4.8.3-2014q1/bin/../lib/gcc/arm-none-eabi/4.8.3/armv7-m\libgcc.a(_divdi3.o)
                0x00089594                __divdi3
 .text          0x00089834      0x290 c:/programdata/matlab/supportpackages/r2016b/3p.instrset/arduinoide.instrset/arduinosam-1.6.7/packages/arduino/tools/arm-none-eabi-gcc/4.8.3-2014q1/bin/../lib/gcc/arm-none-eabi/4.8.3/armv7-m\libgcc.a(_udivdi3.o)
                0x00089834                __udivdi3
 *(.glue_7t)
 .glue_7t       0x00000000        0x0 linker stubs
 *(.glue_7)
 .glue_7        0x00000000        0x0 linker stubs
 *(.rodata .rodata* .gnu.linkonce.r.*)
 .rodata.Temp_controlPlantTest_M
                0x00089ac4        0x4 Temp_controlPlantTest.o
                0x00089ac4                Temp_controlPlantTest_M
 .rodata.str1.1
                0x00089ac8        0x4 SerialMonitorOut9_wrapper.o
                                  0x5 (size before relaxing)
 .rodata.str1.1
                0x00089acc        0x9 dtostrf.o
 .rodata.str1.1
                0x00089ad5       0x19 syscalls_sam3.o
 *fill*         0x00089aee        0x2 
 .rodata._ZTV9IPAddress
                0x00089af0       0x10 IPAddress.o
                0x00089af0                vtable for IPAddress
 .rodata.str1.1
                0x00089b00       0x11 Print.o
 *fill*         0x00089b11        0x7 
 .rodata._ZTV9UARTClass
                0x00089b18       0x30 UARTClass.o
                0x00089b18                vtable for UARTClass
 .rodata._ZTV10USARTClass
                0x00089b48       0x30 USARTClass.o
                0x00089b48                vtable for USARTClass
 .rodata._ZTV7Serial_
                0x00089b78       0x28 CDC.o
                0x00089b78                vtable for Serial_
 .rodata._ZL18_cdcOtherInterface
                0x00089ba0       0x42 CDC.o
 .rodata._ZL13_cdcInterface
                0x00089be2       0x42 CDC.o
 .rodata.STRING_PRODUCT
                0x00089c24        0xc USBCore.o
                0x00089c24                STRING_PRODUCT
 .rodata.USB_DeviceDescriptor
                0x00089c30       0x12 USBCore.o
                0x00089c30                USB_DeviceDescriptor
 .rodata.STRING_LANGUAGE
                0x00089c42        0x4 USBCore.o
                0x00089c42                STRING_LANGUAGE
 .rodata._ZL18test_packet_buffer
                0x00089c46       0x35 USBCore.o
 .rodata.STRING_MANUFACTURER
                0x00089c7b        0xc USBCore.o
                0x00089c7b                STRING_MANUFACTURER
 .rodata.USB_DeviceDescriptorA
                0x00089c87       0x12 USBCore.o
                0x00089c87                USB_DeviceDescriptorA
 .rodata._ZL19USB_DeviceQualifier
                0x00089c99        0x9 USBCore.o
 *fill*         0x00089ca2        0x2 
 .rodata.g_APinDescription
                0x00089ca4      0xa2c variant.o
                0x00089ca4                g_APinDescription
 .rodata.__func__.6792
                0x0008a6d0        0xd C:/ProgramData/MATLAB/SupportPackages/R2016b/3P.instrset/arduinoide.instrset/arduinosam-1.6.7/packages/arduino/hardware/sam/1.6.7/variants/arduino_due_x/libsam_sam3x8e_gcc_rel.a(tc.o)
 .rodata.str1.1
                0x0008a6dd       0x54 C:/ProgramData/MATLAB/SupportPackages/R2016b/3P.instrset/arduinoide.instrset/arduinosam-1.6.7/packages/arduino/hardware/sam/1.6.7/variants/arduino_due_x/libsam_sam3x8e_gcc_rel.a(tc.o)
 .rodata.__func__.6798
                0x0008a731        0x9 C:/ProgramData/MATLAB/SupportPackages/R2016b/3P.instrset/arduinoide.instrset/arduinosam-1.6.7/packages/arduino/hardware/sam/1.6.7/variants/arduino_due_x/libsam_sam3x8e_gcc_rel.a(tc.o)
 *fill*         0x0008a73a        0x2 
 .rodata        0x0008a73c       0x40 C:/ProgramData/MATLAB/SupportPackages/R2016b/3P.instrset/arduinoide.instrset/arduinosam-1.6.7/packages/arduino/hardware/sam/1.6.7/variants/arduino_due_x/libsam_sam3x8e_gcc_rel.a(adc.o)
 .rodata.str1.4
                0x0008a77c       0x3f c:/programdata/matlab/supportpackages/r2016b/3p.instrset/arduinoide.instrset/arduinosam-1.6.7/packages/arduino/tools/arm-none-eabi-gcc/4.8.3-2014q1/bin/../lib/gcc/arm-none-eabi/4.8.3/../../../../arm-none-eabi/lib/armv7-m\libg.a(lib_a-assert.o)
                                 0x44 (size before relaxing)
 *fill*         0x0008a7bb        0x1 
 .rodata.str1.4
                0x0008a7bc        0x2 c:/programdata/matlab/supportpackages/r2016b/3p.instrset/arduinoide.instrset/arduinosam-1.6.7/packages/arduino/tools/arm-none-eabi-gcc/4.8.3-2014q1/bin/../lib/gcc/arm-none-eabi/4.8.3/../../../../arm-none-eabi/lib/armv7-m\libg.a(lib_a-impure.o)
                                  0x4 (size before relaxing)
 *fill*         0x0008a7be        0x2 
 .rodata._global_impure_ptr
                0x0008a7c0        0x4 c:/programdata/matlab/supportpackages/r2016b/3p.instrset/arduinoide.instrset/arduinosam-1.6.7/packages/arduino/tools/arm-none-eabi-gcc/4.8.3-2014q1/bin/../lib/gcc/arm-none-eabi/4.8.3/../../../../arm-none-eabi/lib/armv7-m\libg.a(lib_a-impure.o)
                0x0008a7c0                _global_impure_ptr
 .rodata.zeroes.6760
                0x0008a7c4       0x10 c:/programdata/matlab/supportpackages/r2016b/3p.instrset/arduinoide.instrset/arduinosam-1.6.7/packages/arduino/tools/arm-none-eabi-gcc/4.8.3-2014q1/bin/../lib/gcc/arm-none-eabi/4.8.3/../../../../arm-none-eabi/lib/armv7-m\libg.a(lib_a-svfprintf.o)
 .rodata.str1.4
                0x0008a7d4       0x42 c:/programdata/matlab/supportpackages/r2016b/3p.instrset/arduinoide.instrset/arduinosam-1.6.7/packages/arduino/tools/arm-none-eabi-gcc/4.8.3-2014q1/bin/../lib/gcc/arm-none-eabi/4.8.3/../../../../arm-none-eabi/lib/armv7-m\libg.a(lib_a-svfprintf.o)
                                 0x44 (size before relaxing)
 *fill*         0x0008a816        0x2 
 .rodata.blanks.6759
                0x0008a818       0x10 c:/programdata/matlab/supportpackages/r2016b/3p.instrset/arduinoide.instrset/arduinosam-1.6.7/packages/arduino/tools/arm-none-eabi-gcc/4.8.3-2014q1/bin/../lib/gcc/arm-none-eabi/4.8.3/../../../../arm-none-eabi/lib/armv7-m\libg.a(lib_a-svfprintf.o)
 .rodata.blanks.6717
                0x0008a828       0x10 c:/programdata/matlab/supportpackages/r2016b/3p.instrset/arduinoide.instrset/arduinosam-1.6.7/packages/arduino/tools/arm-none-eabi-gcc/4.8.3-2014q1/bin/../lib/gcc/arm-none-eabi/4.8.3/../../../../arm-none-eabi/lib/armv7-m\libg.a(lib_a-vfiprintf.o)
 .rodata.str1.4
                0x00000000       0x30 c:/programdata/matlab/supportpackages/r2016b/3p.instrset/arduinoide.instrset/arduinosam-1.6.7/packages/arduino/tools/arm-none-eabi-gcc/4.8.3-2014q1/bin/../lib/gcc/arm-none-eabi/4.8.3/../../../../arm-none-eabi/lib/armv7-m\libg.a(lib_a-vfiprintf.o)
 .rodata.zeroes.6718
                0x0008a838       0x10 c:/programdata/matlab/supportpackages/r2016b/3p.instrset/arduinoide.instrset/arduinosam-1.6.7/packages/arduino/tools/arm-none-eabi-gcc/4.8.3-2014q1/bin/../lib/gcc/arm-none-eabi/4.8.3/../../../../arm-none-eabi/lib/armv7-m\libg.a(lib_a-vfiprintf.o)
 .rodata.str1.4
                0x0008a848       0x10 c:/programdata/matlab/supportpackages/r2016b/3p.instrset/arduinoide.instrset/arduinosam-1.6.7/packages/arduino/tools/arm-none-eabi-gcc/4.8.3-2014q1/bin/../lib/gcc/arm-none-eabi/4.8.3/../../../../arm-none-eabi/lib/armv7-m\libg.a(lib_a-dtoa.o)
                                 0x14 (size before relaxing)
 .rodata.str1.4
                0x0008a858        0xc c:/programdata/matlab/supportpackages/r2016b/3p.instrset/arduinoide.instrset/arduinosam-1.6.7/packages/arduino/tools/arm-none-eabi-gcc/4.8.3-2014q1/bin/../lib/gcc/arm-none-eabi/4.8.3/../../../../arm-none-eabi/lib/armv7-m\libg.a(lib_a-locale.o)
                                 0x14 (size before relaxing)
 *fill*         0x0008a864        0x4 
 .rodata.__mprec_tens
                0x0008a868       0xc8 c:/programdata/matlab/supportpackages/r2016b/3p.instrset/arduinoide.instrset/arduinosam-1.6.7/packages/arduino/tools/arm-none-eabi-gcc/4.8.3-2014q1/bin/../lib/gcc/arm-none-eabi/4.8.3/../../../../arm-none-eabi/lib/armv7-m\libg.a(lib_a-mprec.o)
                0x0008a868                __mprec_tens
 .rodata.__mprec_bigtens
                0x0008a930       0x28 c:/programdata/matlab/supportpackages/r2016b/3p.instrset/arduinoide.instrset/arduinosam-1.6.7/packages/arduino/tools/arm-none-eabi-gcc/4.8.3-2014q1/bin/../lib/gcc/arm-none-eabi/4.8.3/../../../../arm-none-eabi/lib/armv7-m\libg.a(lib_a-mprec.o)
                0x0008a930                __mprec_bigtens
 .rodata.p05.5266
                0x0008a958        0xc c:/programdata/matlab/supportpackages/r2016b/3p.instrset/arduinoide.instrset/arduinosam-1.6.7/packages/arduino/tools/arm-none-eabi-gcc/4.8.3-2014q1/bin/../lib/gcc/arm-none-eabi/4.8.3/../../../../arm-none-eabi/lib/armv7-m\libg.a(lib_a-mprec.o)
 *(.ARM.extab* .gnu.linkonce.armextab.*)
                0x0008a964                . = ALIGN (0x4)
 *(.init)
 .init          0x0008a964        0x4 c:/programdata/matlab/supportpackages/r2016b/3p.instrset/arduinoide.instrset/arduinosam-1.6.7/packages/arduino/tools/arm-none-eabi-gcc/4.8.3-2014q1/bin/../lib/gcc/arm-none-eabi/4.8.3/armv7-m/crti.o
                0x0008a964                _init
 .init          0x0008a968        0x8 c:/programdata/matlab/supportpackages/r2016b/3p.instrset/arduinoide.instrset/arduinosam-1.6.7/packages/arduino/tools/arm-none-eabi-gcc/4.8.3-2014q1/bin/../lib/gcc/arm-none-eabi/4.8.3/armv7-m/crtn.o
                0x0008a970                . = ALIGN (0x4)
                0x0008a970                __preinit_array_start = .
 *(.preinit_array)
                0x0008a970                __preinit_array_end = .
                0x0008a970                . = ALIGN (0x4)
                0x0008a970                __init_array_start = .
 *(SORT(.init_array.*))
 .init_array.00000
                0x0008a970        0x4 c:/programdata/matlab/supportpackages/r2016b/3p.instrset/arduinoide.instrset/arduinosam-1.6.7/packages/arduino/tools/arm-none-eabi-gcc/4.8.3-2014q1/bin/../lib/gcc/arm-none-eabi/4.8.3/../../../../arm-none-eabi/lib/armv7-m\libg.a(lib_a-__call_atexit.o)
 *(.init_array)
 .init_array    0x0008a974        0x4 c:/programdata/matlab/supportpackages/r2016b/3p.instrset/arduinoide.instrset/arduinosam-1.6.7/packages/arduino/tools/arm-none-eabi-gcc/4.8.3-2014q1/bin/../lib/gcc/arm-none-eabi/4.8.3/armv7-m/crtbegin.o
 .init_array    0x0008a978        0x4 IPAddress.o
 .init_array    0x0008a97c        0x4 CDC.o
 .init_array    0x0008a980        0x4 USBCore.o
 .init_array    0x0008a984        0x4 variant.o
                0x0008a988                __init_array_end = .
                0x0008a988                . = ALIGN (0x4)
 *crtbegin.o(.ctors)
 *(EXCLUDE_FILE(*crtend.o) .ctors)
 *(SORT(.ctors.*))
 *crtend.o(.ctors)
                0x0008a988                . = ALIGN (0x4)
 *(.fini)
 .fini          0x0008a988        0x4 c:/programdata/matlab/supportpackages/r2016b/3p.instrset/arduinoide.instrset/arduinosam-1.6.7/packages/arduino/tools/arm-none-eabi-gcc/4.8.3-2014q1/bin/../lib/gcc/arm-none-eabi/4.8.3/armv7-m/crti.o
                0x0008a988                _fini
 .fini          0x0008a98c        0x8 c:/programdata/matlab/supportpackages/r2016b/3p.instrset/arduinoide.instrset/arduinosam-1.6.7/packages/arduino/tools/arm-none-eabi-gcc/4.8.3-2014q1/bin/../lib/gcc/arm-none-eabi/4.8.3/armv7-m/crtn.o
                0x0008a994                . = ALIGN (0x4)
                0x0008a994                __fini_array_start = .
 *(.fini_array)
 .fini_array    0x0008a994        0x4 c:/programdata/matlab/supportpackages/r2016b/3p.instrset/arduinoide.instrset/arduinosam-1.6.7/packages/arduino/tools/arm-none-eabi-gcc/4.8.3-2014q1/bin/../lib/gcc/arm-none-eabi/4.8.3/armv7-m/crtbegin.o
 *(SORT(.fini_array.*))
                0x0008a998                __fini_array_end = .
 *crtbegin.o(.dtors)
 *(EXCLUDE_FILE(*crtend.o) .dtors)
 *(SORT(.dtors.*))
 *crtend.o(.dtors)
                0x0008a998                . = ALIGN (0x4)
                0x0008a998                _efixed = .
                0x0008a998                PROVIDE (__exidx_start, .)

.vfp11_veneer   0x0008a998        0x0
 .vfp11_veneer  0x00000000        0x0 linker stubs

.v4_bx          0x0008a998        0x0
 .v4_bx         0x00000000        0x0 linker stubs

.iplt           0x0008a998        0x0
 .iplt          0x00000000        0x0 c:/programdata/matlab/supportpackages/r2016b/3p.instrset/arduinoide.instrset/arduinosam-1.6.7/packages/arduino/tools/arm-none-eabi-gcc/4.8.3-2014q1/bin/../lib/gcc/arm-none-eabi/4.8.3/armv7-m/crtbegin.o

.ARM.exidx      0x0008a998        0x8
 *(.ARM.exidx* .gnu.linkonce.armexidx.*)
 .ARM.exidx     0x0008a998        0x8 c:/programdata/matlab/supportpackages/r2016b/3p.instrset/arduinoide.instrset/arduinosam-1.6.7/packages/arduino/tools/arm-none-eabi-gcc/4.8.3-2014q1/bin/../lib/gcc/arm-none-eabi/4.8.3/armv7-m\libgcc.a(_divdi3.o)
 .ARM.exidx     0x0008a9a0        0x0 c:/programdata/matlab/supportpackages/r2016b/3p.instrset/arduinoide.instrset/arduinosam-1.6.7/packages/arduino/tools/arm-none-eabi-gcc/4.8.3-2014q1/bin/../lib/gcc/arm-none-eabi/4.8.3/armv7-m\libgcc.a(_udivdi3.o)
                                  0x8 (size before relaxing)
                0x0008a9a0                PROVIDE (__exidx_end, .)

.eh_frame       0x0008a9a0        0x0
 .eh_frame      0x0008a9a0        0x0 c:/programdata/matlab/supportpackages/r2016b/3p.instrset/arduinoide.instrset/arduinosam-1.6.7/packages/arduino/tools/arm-none-eabi-gcc/4.8.3-2014q1/bin/../lib/gcc/arm-none-eabi/4.8.3/armv7-m/crtbegin.o

.rel.dyn        0x0008a9a0        0x0
 .rel.iplt      0x00000000        0x0 c:/programdata/matlab/supportpackages/r2016b/3p.instrset/arduinoide.instrset/arduinosam-1.6.7/packages/arduino/tools/arm-none-eabi-gcc/4.8.3-2014q1/bin/../lib/gcc/arm-none-eabi/4.8.3/armv7-m/crtbegin.o

.jcr            0x0008a9a0        0x0
 .jcr           0x0008a9a0        0x0 c:/programdata/matlab/supportpackages/r2016b/3p.instrset/arduinoide.instrset/arduinosam-1.6.7/packages/arduino/tools/arm-none-eabi-gcc/4.8.3-2014q1/bin/../lib/gcc/arm-none-eabi/4.8.3/armv7-m/crtbegin.o

.igot.plt       0x0008a9a0        0x0
 .igot.plt      0x00000000        0x0 c:/programdata/matlab/supportpackages/r2016b/3p.instrset/arduinoide.instrset/arduinosam-1.6.7/packages/arduino/tools/arm-none-eabi-gcc/4.8.3-2014q1/bin/../lib/gcc/arm-none-eabi/4.8.3/armv7-m/crtbegin.o
                0x0008a9a0                . = ALIGN (0x4)
                0x0008a9a0                _etext = .

.relocate       0x20070000      0xa9c load address 0x0008a9a0
                0x20070000                . = ALIGN (0x4)
                0x20070000                _srelocate = .
 *(.ramfunc .ramfunc.*)
 .ramfunc       0x20070000       0x2c Reset.o
                0x20070000                banzai
 *(.data .data.*)
 *fill*         0x2007002c        0x4 
 .data.Temp_controlPlantTest_P
                0x20070030      0x190 Temp_controlPlantTest_data.o
                0x20070030                Temp_controlPlantTest_P
 .data._ZL5ticks
                0x200701c0        0x4 Reset.o
 .data._ZL10breakValue
                0x200701c4        0x4 CDC.o
 .data._ZL12_usbLineInfo
                0x200701c8        0x8 CDC.o
 .data.EndPoints
                0x200701d0       0x28 USBCore.o
                0x200701d0                EndPoints
 .data.SystemCoreClock
                0x200701f8        0x4 C:/ProgramData/MATLAB/SupportPackages/R2016b/3P.instrset/arduinoide.instrset/arduinosam-1.6.7/packages/arduino/hardware/sam/1.6.7/variants/arduino_due_x/libsam_sam3x8e_gcc_rel.a(system_sam3xa.o)
                0x200701f8                SystemCoreClock
 .data.g_interrupt_enabled
                0x200701fc        0x4 C:/ProgramData/MATLAB/SupportPackages/R2016b/3P.instrset/arduinoide.instrset/arduinosam-1.6.7/packages/arduino/hardware/sam/1.6.7/variants/arduino_due_x/libsam_sam3x8e_gcc_rel.a(interrupt_sam_nvic.o)
                0x200701fc                g_interrupt_enabled
 .data.impure_data
                0x20070200      0x428 c:/programdata/matlab/supportpackages/r2016b/3p.instrset/arduinoide.instrset/arduinosam-1.6.7/packages/arduino/tools/arm-none-eabi-gcc/4.8.3-2014q1/bin/../lib/gcc/arm-none-eabi/4.8.3/../../../../arm-none-eabi/lib/armv7-m\libg.a(lib_a-impure.o)
 .data._impure_ptr
                0x20070628        0x4 c:/programdata/matlab/supportpackages/r2016b/3p.instrset/arduinoide.instrset/arduinosam-1.6.7/packages/arduino/tools/arm-none-eabi-gcc/4.8.3-2014q1/bin/../lib/gcc/arm-none-eabi/4.8.3/../../../../arm-none-eabi/lib/armv7-m\libg.a(lib_a-impure.o)
                0x20070628                _impure_ptr
 .data.__malloc_av_
                0x2007062c      0x408 c:/programdata/matlab/supportpackages/r2016b/3p.instrset/arduinoide.instrset/arduinosam-1.6.7/packages/arduino/tools/arm-none-eabi-gcc/4.8.3-2014q1/bin/../lib/gcc/arm-none-eabi/4.8.3/../../../../arm-none-eabi/lib/armv7-m\libg.a(lib_a-mallocr.o)
                0x2007062c                __malloc_av_
 .data.__malloc_trim_threshold
                0x20070a34        0x4 c:/programdata/matlab/supportpackages/r2016b/3p.instrset/arduinoide.instrset/arduinosam-1.6.7/packages/arduino/tools/arm-none-eabi-gcc/4.8.3-2014q1/bin/../lib/gcc/arm-none-eabi/4.8.3/../../../../arm-none-eabi/lib/armv7-m\libg.a(lib_a-mallocr.o)
                0x20070a34                __malloc_trim_threshold
 .data.__malloc_sbrk_base
                0x20070a38        0x4 c:/programdata/matlab/supportpackages/r2016b/3p.instrset/arduinoide.instrset/arduinosam-1.6.7/packages/arduino/tools/arm-none-eabi-gcc/4.8.3-2014q1/bin/../lib/gcc/arm-none-eabi/4.8.3/../../../../arm-none-eabi/lib/armv7-m\libg.a(lib_a-mallocr.o)
                0x20070a38                __malloc_sbrk_base
 .data.lconv    0x20070a3c       0x38 c:/programdata/matlab/supportpackages/r2016b/3p.instrset/arduinoide.instrset/arduinosam-1.6.7/packages/arduino/tools/arm-none-eabi-gcc/4.8.3-2014q1/bin/../lib/gcc/arm-none-eabi/4.8.3/../../../../arm-none-eabi/lib/armv7-m\libg.a(lib_a-locale.o)
 .data.lc_ctype_charset
                0x20070a74       0x20 c:/programdata/matlab/supportpackages/r2016b/3p.instrset/arduinoide.instrset/arduinosam-1.6.7/packages/arduino/tools/arm-none-eabi-gcc/4.8.3-2014q1/bin/../lib/gcc/arm-none-eabi/4.8.3/../../../../arm-none-eabi/lib/armv7-m\libg.a(lib_a-locale.o)
 .data.__mb_cur_max
                0x20070a94        0x4 c:/programdata/matlab/supportpackages/r2016b/3p.instrset/arduinoide.instrset/arduinosam-1.6.7/packages/arduino/tools/arm-none-eabi-gcc/4.8.3-2014q1/bin/../lib/gcc/arm-none-eabi/4.8.3/../../../../arm-none-eabi/lib/armv7-m\libg.a(lib_a-locale.o)
                0x20070a94                __mb_cur_max
 .data.__wctomb
                0x20070a98        0x4 c:/programdata/matlab/supportpackages/r2016b/3p.instrset/arduinoide.instrset/arduinosam-1.6.7/packages/arduino/tools/arm-none-eabi-gcc/4.8.3-2014q1/bin/../lib/gcc/arm-none-eabi/4.8.3/../../../../arm-none-eabi/lib/armv7-m\libg.a(lib_a-wctomb_r.o)
                0x20070a98                __wctomb
                0x20070a9c                . = ALIGN (0x4)
                0x20070a9c                _erelocate = .
