Archive member included because of file (symbol)

C:/ProgramData/MATLAB/SupportPackages/R2016b/3P.instrset/arduinoide.instrset/arduinosam-1.6.7/packages/arduino/hardware/sam/1.6.7/variants/arduino_due_x/libsam_sam3x8e_gcc_rel.a(startup_sam3xa.o)
                              (Reset_Handler)
C:/ProgramData/MATLAB/SupportPackages/R2016b/3P.instrset/arduinoide.instrset/arduinosam-1.6.7/packages/arduino/hardware/sam/1.6.7/variants/arduino_due_x/libsam_sam3x8e_gcc_rel.a(uotghs.o)
                              C:/ProgramData/MATLAB/SupportPackages/R2016b/3P.instrset/arduinoide.instrset/arduinosam-1.6.7/packages/arduino/hardware/sam/1.6.7/variants/arduino_due_x/libsam_sam3x8e_gcc_rel.a(startup_sam3xa.o) (UOTGHS_Handler)
C:/ProgramData/MATLAB/SupportPackages/R2016b/3P.instrset/arduinoide.instrset/arduinosam-1.6.7/packages/arduino/hardware/sam/1.6.7/variants/arduino_due_x/libsam_sam3x8e_gcc_rel.a(pio.o)
                              wiring_digital.o (PIO_PullUp)
C:/ProgramData/MATLAB/SupportPackages/R2016b/3P.instrset/arduinoide.instrset/arduinosam-1.6.7/packages/arduino/hardware/sam/1.6.7/variants/arduino_due_x/libsam_sam3x8e_gcc_rel.a(pmc.o)
                              WInterrupts.o (pmc_enable_periph_clk)
C:/ProgramData/MATLAB/SupportPackages/R2016b/3P.instrset/arduinoide.instrset/arduinosam-1.6.7/packages/arduino/hardware/sam/1.6.7/variants/arduino_due_x/libsam_sam3x8e_gcc_rel.a(pwmc.o)
                              wiring_analog.o (PWMC_ConfigureChannel)
C:/ProgramData/MATLAB/SupportPackages/R2016b/3P.instrset/arduinoide.instrset/arduinosam-1.6.7/packages/arduino/hardware/sam/1.6.7/variants/arduino_due_x/libsam_sam3x8e_gcc_rel.a(spi.o)
                              SPIPot_wrapper.o (SPI_Enable)
C:/ProgramData/MATLAB/SupportPackages/R2016b/3P.instrset/arduinoide.instrset/arduinosam-1.6.7/packages/arduino/hardware/sam/1.6.7/variants/arduino_due_x/libsam_sam3x8e_gcc_rel.a(tc.o)
                              wiring_analog.o (TC_Configure)
C:/ProgramData/MATLAB/SupportPackages/R2016b/3P.instrset/arduinoide.instrset/arduinosam-1.6.7/packages/arduino/hardware/sam/1.6.7/variants/arduino_due_x/libsam_sam3x8e_gcc_rel.a(timetick.o)
                              cortex_handlers.o (TimeTick_Increment)
C:/ProgramData/MATLAB/SupportPackages/R2016b/3P.instrset/arduinoide.instrset/arduinosam-1.6.7/packages/arduino/hardware/sam/1.6.7/variants/arduino_due_x/libsam_sam3x8e_gcc_rel.a(wdt.o)
                              watchdog.o (WDT_Enable)
C:/ProgramData/MATLAB/SupportPackages/R2016b/3P.instrset/arduinoide.instrset/arduinosam-1.6.7/packages/arduino/hardware/sam/1.6.7/variants/arduino_due_x/libsam_sam3x8e_gcc_rel.a(system_sam3xa.o)
                              variant.o (SystemInit)
C:/ProgramData/MATLAB/SupportPackages/R2016b/3P.instrset/arduinoide.instrset/arduinosam-1.6.7/packages/arduino/hardware/sam/1.6.7/variants/arduino_due_x/libsam_sam3x8e_gcc_rel.a(adc.o)
                              variant.o (adc_init)
C:/ProgramData/MATLAB/SupportPackages/R2016b/3P.instrset/arduinoide.instrset/arduinosam-1.6.7/packages/arduino/hardware/sam/1.6.7/variants/arduino_due_x/libsam_sam3x8e_gcc_rel.a(interrupt_sam_nvic.o)
                              USBCore.o (g_interrupt_enabled)
C:/ProgramData/MATLAB/SupportPackages/R2016b/3P.instrset/arduinoide.instrset/arduinosam-1.6.7/packages/arduino/hardware/sam/1.6.7/variants/arduino_due_x/libsam_sam3x8e_gcc_rel.a(uotghs_device.o)
                              USBCore.o (UDD_SetStack)
C:/ProgramData/MATLAB/SupportPackages/R2016b/3P.instrset/arduinoide.instrset/arduinosam-1.6.7/packages/arduino/hardware/sam/1.6.7/variants/arduino_due_x/libsam_sam3x8e_gcc_rel.a(dacc.o)
                              wiring_analog.o (dacc_reset)
c:/programdata/matlab/supportpackages/r2016b/3p.instrset/arduinoide.instrset/arduinosam-1.6.7/packages/arduino/tools/arm-none-eabi-gcc/4.8.3-2014q1/bin/../lib/gcc/arm-none-eabi/4.8.3/../../../../arm-none-eabi/lib/armv7-m\libm.a(lib_a-s_floor.o)
                              SPIPotentiometer.o (floor)
c:/programdata/matlab/supportpackages/r2016b/3p.instrset/arduinoide.instrset/arduinosam-1.6.7/packages/arduino/tools/arm-none-eabi-gcc/4.8.3-2014q1/bin/../lib/gcc/arm-none-eabi/4.8.3/../../../../arm-none-eabi/lib/armv7-m\libm.a(lib_a-s_fpclassify.o)
                              Print.o (__fpclassifyd)
c:/programdata/matlab/supportpackages/r2016b/3p.instrset/arduinoide.instrset/arduinosam-1.6.7/packages/arduino/tools/arm-none-eabi-gcc/4.8.3-2014q1/bin/../lib/gcc/arm-none-eabi/4.8.3/../../../../arm-none-eabi/lib/armv7-m\libm.a(lib_a-w_fmod.o)
                              SPIPotentiometer.o (fmod)
c:/programdata/matlab/supportpackages/r2016b/3p.instrset/arduinoide.instrset/arduinosam-1.6.7/packages/arduino/tools/arm-none-eabi-gcc/4.8.3-2014q1/bin/../lib/gcc/arm-none-eabi/4.8.3/../../../../arm-none-eabi/lib/armv7-m\libm.a(lib_a-e_fmod.o)
[...]
Memory Configuration

Name             Origin             Length             Attributes
rom              0x00080000         0x00080000         xr
sram0            0x20000000         0x00010000         xrw
sram1            0x20080000         0x00008000         xrw
ram              0x20070000         0x00018000         xrw
*default*        0x00000000         0xffffffff

Linker script and memory map

LOAD c:/programdata/matlab/supportpackages/r2016b/3p.instrset/arduinoide.instrset/arduinosam-1.6.7/packages/arduino/tools/arm-none-eabi-gcc/4.8.3-2014q1/bin/../lib/gcc/arm-none-eabi/4.8.3/armv7-m/crti.o
LOAD c:/programdata/matlab/supportpackages/r2016b/3p.instrset/arduinoide.instrset/arduinosam-1.6.7/packages/arduino/tools/arm-none-eabi-gcc/4.8.3-2014q1/bin/../lib/gcc/arm-none-eabi/4.8.3/armv7-m/crtbegin.o
LOAD c:/programdata/matlab/supportpackages/r2016b/3p.instrset/arduinoide.instrset/arduinosam-1.6.7/packages/arduino/tools/arm-none-eabi-gcc/4.8.3-2014q1/bin/../lib/gcc/arm-none-eabi/4.8.3/../../../../arm-none-eabi/lib/armv7-m/crt0.o
START GROUP
LOAD C:/ProgramData/MATLAB/SupportPackages/R2016b/3P.instrset/arduinoide.instrset/arduinosam-1.6.7/packages/arduino/hardware/sam/1.6.7/variants/arduino_due_x/libsam_sam3x8e_gcc_rel.a
LOAD SPIPotentiometer.o
LOAD SPIPotentiometer_data.o
LOAD rtGetInf.o
LOAD rtGetNaN.o
LOAD rt_nonfinite.o
LOAD ADC12bit_wrapper.o
LOAD SPIPot_wrapper.o
LOAD SerialMonitorOut9_wrapper.o
LOAD dtostrf.o
LOAD cortex_handlers.o
LOAD hooks.o
LOAD iar_calls_sam3.o
LOAD itoa.o
LOAD syscalls_sam3.o
LOAD WInterrupts.o
LOAD wiring.o
LOAD wiring_analog.o
LOAD wiring_digital.o
LOAD wiring_shift.o
LOAD abi.o
LOAD IPAddress.o
LOAD new.o
LOAD Print.o
LOAD Reset.o
LOAD RingBuffer.o
LOAD Stream.o
LOAD UARTClass.o
LOAD USARTClass.o
LOAD CDC.o
LOAD PluggableUSB.o
LOAD USBCore.o
LOAD wiring_pulse.o
LOAD WMath.o
LOAD WString.o
LOAD watchdog.o
LOAD variant.o
LOAD MW_ArduinoHWInit.o
LOAD io_wrappers.o
LOAD arduinoARMScheduler.o
LOAD arm_cortex_m_multitasking.o
LOAD ert_main.o
END GROUP
LOAD c:/programdata/matlab/supportpackages/r2016b/3p.instrset/arduinoide.instrset/arduinosam-1.6.7/packages/arduino/tools/arm-none-eabi-gcc/4.8.3-2014q1/bin/../lib/gcc/arm-none-eabi/4.8.3/../../../../arm-none-eabi/lib/armv7-m\libm.a
START GROUP
LOAD c:/programdata/matlab/supportpackages/r2016b/3p.instrset/arduinoide.instrset/arduinosam-1.6.7/packages/arduino/tools/arm-none-eabi-gcc/4.8.3-2014q1/bin/../lib/gcc/arm-none-eabi/4.8.3/armv7-m\libgcc.a
LOAD c:/programdata/matlab/supportpackages/r2016b/3p.instrset/arduinoide.instrset/arduinosam-1.6.7/packages/arduino/tools/arm-none-eabi-gcc/4.8.3-2014q1/bin/../lib/gcc/arm-none-eabi/4.8.3/../../../../arm-none-eabi/lib/armv7-m\libg.a
LOAD c:/programdata/matlab/supportpackages/r2016b/3p.instrset/arduinoide.instrset/arduinosam-1.6.7/packages/arduino/tools/arm-none-eabi-gcc/4.8.3-2014q1/bin/../lib/gcc/arm-none-eabi/4.8.3/../../../../arm-none-eabi/lib/armv7-m\libc.a
END GROUP
LOAD c:/programdata/matlab/supportpackages/r2016b/3p.instrset/arduinoide.instrset/arduinosam-1.6.7/packages/arduino/tools/arm-none-eabi-gcc/4.8.3-2014q1/bin/../lib/gcc/arm-none-eabi/4.8.3/armv7-m/crtend.o
LOAD c:/programdata/matlab/supportpackages/r2016b/3p.instrset/arduinoide.instrset/arduinosam-1.6.7/packages/arduino/tools/arm-none-eabi-gcc/4.8.3-2014q1/bin/../lib/gcc/arm-none-eabi/4.8.3/armv7-m/crtn.o

.text           0x00080000     0xa8a4
                0x00080000                . = ALIGN (0x4)
                0x00080000                _sfixed = .
 *(.vectors .vectors.*)
 .vectors       0x00080000       0xf4 C:/ProgramData/MATLAB/SupportPackages/R2016b/3P.instrset/arduinoide.instrset/arduinosam-1.6.7/packages/arduino/hardware/sam/1.6.7/variants/arduino_due_x/libsam_sam3x8e_gcc_rel.a(startup_sam3xa.o)
                0x00080000                exception_table
 *(.text .text.* .gnu.linkonce.t.*)
 .text          0x000800f4       0x54 c:/programdata/matlab/supportpackages/r2016b/3p.instrset/arduinoide.instrset/arduinosam-1.6.7/packages/arduino/tools/arm-none-eabi-gcc/4.8.3-2014q1/bin/../lib/gcc/arm-none-eabi/4.8.3/armv7-m/crtbegin.o
 .text.Reset_Handler
                0x00080148       0x78 C:/ProgramData/MATLAB/SupportPackages/R2016b/3P.instrset/arduinoide.instrset/arduinosam-1.6.7/packages/arduino/hardware/sam/1.6.7/variants/arduino_due_x/libsam_sam3x8e_gcc_rel.a(startup_sam3xa.o)
                0x00080148                Reset_Handler
 .text.UOTGHS_Handler
                0x000801c0       0x10 C:/ProgramData/MATLAB/SupportPackages/R2016b/3P.instrset/arduinoide.instrset/arduinosam-1.6.7/packages/arduino/hardware/sam/1.6.7/variants/arduino_due_x/libsam_sam3x8e_gcc_rel.a(uotghs.o)
                0x000801c0                UOTGHS_Handler
 .text.SPIPotentiometer_step
                0x000801d0      0x288 SPIPotentiometer.o
                0x000801d0                SPIPotentiometer_step
 .text.SPIPotentiometer_initialize
                0x00080458       0x98 SPIPotentiometer.o
                0x00080458                SPIPotentiometer_initialize
 .text.SPIPotentiometer_terminate
                0x000804f0        0x2 SPIPotentiometer.o
                0x000804f0                SPIPotentiometer_terminate
 *fill*         0x000804f2        0x2 
 .text.rtGetInf
                0x000804f4        0xc rtGetInf.o
                0x000804f4                rtGetInf
 .text.rtGetInfF
                0x00080500        0x6 rtGetInf.o
                0x00080500                rtGetInfF
 *fill*         0x00080506        0x2 
 .text.rtGetMinusInf
                0x00080508        0xc rtGetInf.o
                0x00080508                rtGetMinusInf
 .text.rtGetMinusInfF
                0x00080514        0x8 rtGetInf.o
                0x00080514                rtGetMinusInfF
 .text.rtGetNaN
                0x0008051c        0xc rtGetNaN.o
                0x0008051c                rtGetNaN
 .text.rtGetNaNF
                0x00080528        0x8 rtGetNaN.o
                0x00080528                rtGetNaNF
 .text.rt_InitInfAndNaN
                0x00080530       0x54 rt_nonfinite.o
                0x00080530                rt_InitInfAndNaN
 .text.rtIsInf  0x00080584       0x38 rt_nonfinite.o
                0x00080584                rtIsInf
 .text.rtIsNaN  0x000805bc       0x1a rt_nonfinite.o
                0x000805bc                rtIsNaN
 .text.ADC12bit_Outputs_wrapper
                0x000805d6       0xc6 ADC12bit_wrapper.o
                0x000805d6                ADC12bit_Outputs_wrapper
 .text.ADC12bit_Update_wrapper
                0x0008069c       0x1c ADC12bit_wrapper.o
                0x0008069c                ADC12bit_Update_wrapper
 .text._ZL10SPI_0_Initv
                0x000806b8       0x48 SPIPot_wrapper.o
 .text._ZN8SPIClass4initEv
                0x00080700       0x36 SPIPot_wrapper.o
                0x00080700                SPIClass::init()
 .text._ZN8SPIClass11setDataModeEhh
                0x00080736       0x34 SPIPot_wrapper.o
                0x00080736                SPIClass::setDataMode(unsigned char, unsigned char)
 .text._ZN8SPIClass15setClockDividerEhh
                0x0008076a       0x2e SPIPot_wrapper.o
                0x0008076a                SPIClass::setClockDivider(unsigned char, unsigned char)
 .text._ZN8SPIClass5beginEv
                0x00080798       0x22 SPIPot_wrapper.o
                0x00080798                SPIClass::begin()
 .text._ZN8SPIClass8transferEhh15SPITransferMode
                0x000807ba       0x5e SPIPot_wrapper.o
                0x000807ba                SPIClass::transfer(unsigned char, unsigned char, SPITransferMode)
 .text.SPIPot_Outputs_wrapper
                0x00080818        0x2 SPIPot_wrapper.o
                0x00080818                SPIPot_Outputs_wrapper
 *fill*         0x0008081a        0x2 
 .text.SPIPot_Update_wrapper
                0x0008081c       0x70 SPIPot_wrapper.o
                0x0008081c                SPIPot_Update_wrapper
 .text.startup._GLOBAL__sub_I__ZN8SPIClassC2EP3SpimPFvvE
                0x0008088c       0x24 SPIPot_wrapper.o
 .text.SerialMonitorOut9_Outputs_wrapper
                0x000808b0       0x26 SerialMonitorOut9_wrapper.o
                0x000808b0                SerialMonitorOut9_Outputs_wrapper
 *fill*         0x000808d6        0x2 
 .text.SerialMonitorOut9_Update_wrapper
                0x000808d8      0x17c SerialMonitorOut9_wrapper.o
                0x000808d8                SerialMonitorOut9_Update_wrapper
 .text.dtostrf  0x00080a54       0x28 dtostrf.o
                0x00080a54                dtostrf
 .text.__halt   0x00080a7c        0x2 cortex_handlers.o
                0x00080a7c                DACC_Handler
                0x00080a7c                DebugMon_Handler
                0x00080a7c                DMAC_Handler
                0x00080a7c                TRNG_Handler
                0x00080a7c                HardFault_Handler
                0x00080a7c                TC2_Handler
                0x00080a7c                TWI1_Handler
                0x00080a7c                NMI_Handler
                0x00080a7c                TC7_Handler
                0x00080a7c                ADC_Handler
                0x00080a7c                SMC_Handler
                0x00080a7c                RTT_Handler
                0x00080a7c                EFC1_Handler
                0x00080a7c                RTC_Handler
                0x00080a7c                UsageFault_Handler
                0x00080a7c                TC6_Handler
                0x00080a7c                WDT_Handler
                0x00080a7c                CAN0_Handler
                0x00080a7c                TC4_Handler
                0x00080a7c                TC1_Handler
                0x00080a7c                HSMCI_Handler
                0x00080a7c                TC3_Handler
                0x00080a7c                TWI0_Handler
                0x00080a7c                SSC_Handler
                0x00080a7c                EFC0_Handler
                0x00080a7c                PMC_Handler
                0x00080a7c                PWM_Handler
                0x00080a7c                CAN1_Handler
                0x00080a7c                MemManage_Handler
                0x00080a7c                SUPC_Handler
                0x00080a7c                USART2_Handler
                0x00080a7c                EMAC_Handler
                0x00080a7c                BusFault_Handler
                0x00080a7c                RSTC_Handler
                0x00080a7c                TC0_Handler
                0x00080a7c                TC5_Handler
                0x00080a7c                SPI0_Handler
 .text.SVC_Handler
                0x00080a7e        0x4 cortex_handlers.o
                0x00080a7e                SVC_Handler
 .text.PendSV_Handler
                0x00080a82        0x4 cortex_handlers.o
                0x00080a82                PendSV_Handler
 .text.SysTick_Handler
                0x00080a86       0x16 cortex_handlers.o
                0x00080a86                SysTick_Handler
 .text.__false  0x00080a9c        0x4 hooks.o
                0x00080a9c                sysTickHook
 .text.__halt   0x00080aa0        0x2 hooks.o
                0x00080aa0                pendSVHook
 *fill*         0x00080aa2        0x2 
 .text._sbrk    0x00080aa4       0x1c syscalls_sam3.o
                0x00080aa4                _sbrk
 .text._close   0x00080ac0        0x6 syscalls_sam3.o
                0x00080ac0                _close
 .text._fstat   0x00080ac6        0xa syscalls_sam3.o
                0x00080ac6                _fstat
 .text._isatty  0x00080ad0        0x4 syscalls_sam3.o
                0x00080ad0                _isatty
 .text._lseek   0x00080ad4        0x4 syscalls_sam3.o
                0x00080ad4                _lseek
 .text._read    0x00080ad8        0x4 syscalls_sam3.o
                0x00080ad8                _read
 .text._write   0x00080adc       0x24 syscalls_sam3.o
                0x00080adc                _write
 .text._exit    0x00080b00       0x10 syscalls_sam3.o
                0x00080b00                _exit
 .text._kill    0x00080b10        0x2 syscalls_sam3.o
                0x00080b10                _kill
 .text._getpid  0x00080b12        0x6 syscalls_sam3.o
                0x00080b12                _getpid
 .text.PIOA_Handler
                0x00080b18       0x38 WInterrupts.o
                0x00080b18                PIOA_Handler
 .text.PIOB_Handler
                0x00080b50       0x38 WInterrupts.o
                0x00080b50                PIOB_Handler
 .text.PIOC_Handler
                0x00080b88       0x38 WInterrupts.o
                0x00080b88                PIOC_Handler
 .text.PIOD_Handler
                0x00080bc0       0x38 WInterrupts.o
                0x00080bc0                PIOD_Handler
 .text.millis   0x00080bf8        0x4 wiring.o
                0x00080bf8                millis
 .text.mapResolution
                0x00080bfc       0x12 wiring_analog.o
 *fill*         0x00080c0e        0x2 
 .text.analogReadResolution
                0x00080c10        0xc wiring_analog.o
                0x00080c10                analogReadResolution
 .text.analogRead
                0x00080c1c       0x9c wiring_analog.o
                0x00080c1c                analogRead
 .text.analogOutputInit
                0x00080cb8        0x2 wiring_analog.o
                0x00080cb8                analogOutputInit
 *fill*         0x00080cba        0x2 
 .text.pinMode  0x00080cbc      0x108 wiring_digital.o
                0x00080cbc                pinMode
 .text.digitalWrite
                0x00080dc4       0x70 wiring_digital.o
                0x00080dc4                digitalWrite
 .text._ZNK9IPAddress7printToER5Print
                0x00080e34       0x3c IPAddress.o
                0x00080e34                IPAddress::printTo(Print&) const
 .text.startup._GLOBAL__sub_I__ZN9IPAddressC2Ev
                0x00080e70       0x1c IPAddress.o
 .text._ZN5Print5writeEPKhj
                0x00080e8c       0x22 Print.o
                0x00080e8c                Print::write(unsigned char const*, unsigned int)
 .text._ZN5Print5writeEPKc
                0x00080eae       0x1e Print.o
                0x00080eae                Print::write(char const*)
 .text._ZN5Print5printERK6String
                0x00080ecc       0x10 Print.o
                0x00080ecc                Print::print(String const&)
 .text._ZN5Print5printEc
                0x00080edc        0xa Print.o
                0x00080edc                Print::print(char)
 .text._ZN5Print11printNumberEmh
                0x00080ee6       0x3e Print.o
                0x00080ee6                Print::printNumber(unsigned long, unsigned char)
 .text._ZN5Print5printEmi
                0x00080f24       0x18 Print.o
                0x00080f24                Print::print(unsigned long, int)
 .text._ZN5Print5printEhi
                0x00080f3c        0x4 Print.o
                0x00080f3c                Print::print(unsigned char, int)
 .text.initiateReset
                0x00080f40        0xc Reset.o
                0x00080f40                initiateReset
 .text.cancelReset
                0x00080f4c       0x10 Reset.o
                0x00080f4c                cancelReset
 .text.tickReset
                0x00080f5c       0x20 Reset.o
                0x00080f5c                tickReset
 .text._ZN10RingBufferC2Ev
                0x00080f7c       0x1a RingBuffer.o
                0x00080f7c                RingBuffer::RingBuffer()
                0x00080f7c                RingBuffer::RingBuffer()
 .text._ZN10RingBuffer10store_charEh
                0x00080f96       0x1e RingBuffer.o
                0x00080f96                RingBuffer::store_char(unsigned char)
 .text._ZN6Stream9timedPeekEv
                0x00080fb4       0x2a Stream.o
                0x00080fb4                Stream::timedPeek()
 *fill*         0x00080fde        0x2 
 .text._ZN6Stream13peekNextDigitE13LookaheadModeb
                0x00080fe0       0x54 Stream.o
                0x00080fe0                Stream::peekNextDigit(LookaheadMode, bool)
 *fill*         0x00081034        0x4 
 .text._ZN6Stream10parseFloatE13LookaheadModec
                0x00081038       0xb0 Stream.o
                0x00081038                Stream::parseFloat(LookaheadMode, char)
 .text._ZN9UARTClasscvbEv
                0x000810e8        0x4 UARTClass.o
                0x000810e8                UARTClass::operator bool()
 .text._ZN9UARTClass9availableEv
                0x000810ec       0x12 UARTClass.o
                0x000810ec                UARTClass::available()
 .text._ZN9UARTClass4peekEv
                0x000810fe       0x1c UARTClass.o
                0x000810fe                UARTClass::peek()
 .text._ZN9UARTClass4readEv
                0x0008111a       0x2a UARTClass.o
                0x0008111a                UARTClass::read()
 .text._ZN9UARTClass5flushEv
                0x00081144       0x18 UARTClass.o
                0x00081144                UARTClass::flush()
 .text._ZN9UARTClass5writeEh
                0x0008115c       0x54 UARTClass.o
                0x0008115c                UARTClass::write(unsigned char)
 .text._ZN9UARTClass3endEv
                0x000811b0       0x3c UARTClass.o
                0x000811b0                UARTClass::end()
 .text._ZN9UARTClassC2EP4Uart4IRQnmP10RingBufferS4_
                0x000811ec       0x24 UARTClass.o
                0x000811ec                UARTClass::UARTClass(Uart*, IRQn, unsigned long, RingBuffer*, RingBuffer*)
                0x000811ec                UARTClass::UARTClass(Uart*, IRQn, unsigned long, RingBuffer*, RingBuffer*)
 .text._ZN9UARTClass4initEmm
                0x00081210       0x70 UARTClass.o
                0x00081210                UARTClass::init(unsigned long, unsigned long)
 .text._ZN9UARTClass5beginEm
                0x00081280        0x8 UARTClass.o
                0x00081280                UARTClass::begin(unsigned long)
 .text._ZN9UARTClass10IrqHandlerEv
                0x00081288       0x5a UARTClass.o
                0x00081288                UARTClass::IrqHandler()
 .text._ZN10USARTClass5beginEm
                0x000812e2        0x8 USARTClass.o
                0x000812e2                USARTClass::begin(unsigned long)
 *fill*         0x000812ea        0x2 
 .text._ZN10USARTClassC2EP5Usart4IRQnmP10RingBufferS4_
                0x000812ec       0x24 USARTClass.o
                0x000812ec                USARTClass::USARTClass(Usart*, IRQn, unsigned long, RingBuffer*, RingBuffer*)
                0x000812ec                USARTClass::USARTClass(Usart*, IRQn, unsigned long, RingBuffer*, RingBuffer*)
 .text._ZN7Serial_9availableEv
                0x00081310       0x18 CDC.o
                0x00081310                Serial_::available()
 .text._ZN7Serial_4peekEv
                0x00081328       0x20 CDC.o
                0x00081328                Serial_::peek()
 .text._ZN7Serial_5writeEh
                0x00081348       0x16 CDC.o
                0x00081348                Serial_::write(unsigned char)
 *fill*         0x0008135e        0x2 
 .text._ZN7Serial_4readEv
                0x00081360       0x44 CDC.o
                0x00081360                Serial_::read()
 .text._ZN7Serial_5flushEv
                0x000813a4        0x6 CDC.o
                0x000813a4                Serial_::flush()
 *fill*         0x000813aa        0x2 
 .text._ZN7Serial_6acceptEv
                0x000813ac       0x70 CDC.o
                0x000813ac                Serial_::accept()
 .text._ZN7Serial_5writeEPKhj
                0x0008141c       0x2c CDC.o
                0x0008141c                Serial_::write(unsigned char const*, unsigned int)
 .text._Z16CDC_GetInterfacePh
                0x00081448       0x14 CDC.o
                0x00081448                CDC_GetInterface(unsigned char*)
 .text._Z21CDC_GetOtherInterfacePh
                0x0008145c       0x14 CDC.o
                0x0008145c                CDC_GetOtherInterface(unsigned char*)
 .text._Z9CDC_SetupR8USBSetup
                0x00081470       0x78 CDC.o
                0x00081470                CDC_Setup(USBSetup&)
 .text.startup._GLOBAL__sub_I_cdc_rx_buffer
                0x000814e8       0x1c CDC.o
 .text._ZN13PluggableUSB_12getInterfaceEPh
                0x00081504       0x28 PluggableUSB.o
                0x00081504                PluggableUSB_::getInterface(unsigned char*)
 .text._ZN13PluggableUSB_13getDescriptorER8USBSetup
                0x0008152c       0x1c PluggableUSB.o
                0x0008152c                PluggableUSB_::getDescriptor(USBSetup&)
 .text._ZN13PluggableUSB_12getShortNameEPc
                0x00081548       0x1c PluggableUSB.o
                0x00081548                PluggableUSB_::getShortName(char*)
 .text._ZN13PluggableUSB_5setupER8USBSetup
                0x00081564       0x20 PluggableUSB.o
                0x00081564                PluggableUSB_::setup(USBSetup&)
 .text._Z12PluggableUSBv
                0x00081584       0x28 PluggableUSB.o
                0x00081584                PluggableUSB()
 .text.unlikely._ZL11USB_SendZlpv
                0x000815ac       0x20 USBCore.o
 .text._Z14USBD_Availablem
                0x000815cc       0x2c USBCore.o
                0x000815cc                USBD_Available(unsigned long)
 .text._Z9USBD_RecvmPvm
                0x000815f8       0x7c USBCore.o
                0x000815f8                USBD_Recv(unsigned long, void*, unsigned long)
 .text._Z9USBD_Recvm
                0x00081674       0x22 USBCore.o
                0x00081674                USBD_Recv(unsigned long)
 *fill*         0x00081696        0x2 
 .text._Z9USBD_SendmPKvm
                0x00081698       0x4c USBCore.o
                0x00081698                USBD_Send(unsigned long, void const*, unsigned long)
 .text._Z16USBD_SendControlhPKvm
                0x000816e4       0x40 USBCore.o
                0x000816e4                USBD_SendControl(unsigned char, void const*, unsigned long)
 .text.unlikely._ZL24USB_SendStringDescriptorPKhi
                0x00081724       0x64 USBCore.o
 .text._Z16USBD_RecvControlPvm
                0x00081788       0x1c USBCore.o
                0x00081788                USBD_RecvControl(void*, unsigned long)
 .text._Z26USBD_ClassInterfaceRequestR8USBSetup
                0x000817a4       0x1e USBCore.o
                0x000817a4                USBD_ClassInterfaceRequest(USBSetup&)
 .text._Z19USBD_SendInterfacesv
                0x000817c2       0x22 USBCore.o
                0x000817c2                USBD_SendInterfaces()
 .text._Z24USBD_SendOtherInterfacesv
                0x000817e4       0x22 USBCore.o
                0x000817e4                USBD_SendOtherInterfaces()
 .text._Z10USBD_Flushm
                0x00081806       0x16 USBCore.o
                0x00081806                USBD_Flush(unsigned long)
 .text._ZN10USBDevice_C2Ev
                0x0008181c       0x24 USBCore.o
                0x0008181c                USBDevice_::USBDevice_()
                0x0008181c                USBDevice_::USBDevice_()
 .text.startup._GLOBAL__sub_I_EndPoints
                0x00081840        0xc USBCore.o
 .text._ZL7USB_ISRv
                0x0008184c      0x454 USBCore.o
 .text._ZN6StringD2Ev
                0x00081ca0        0xe WString.o
                0x00081ca0                String::~String()
                0x00081ca0                String::~String()
 .text._ZN6String10invalidateEv
                0x00081cae       0x16 WString.o
                0x00081cae                String::invalidate()
 .text._ZN6String12changeBufferEj
                0x00081cc4       0x18 WString.o
                0x00081cc4                String::changeBuffer(unsigned int)
 .text._ZN6String7reserveEj
                0x00081cdc       0x22 WString.o
                0x00081cdc                String::reserve(unsigned int)
 .text._ZN6String4copyEPKcj
                0x00081cfe       0x26 WString.o
                0x00081cfe                String::copy(char const*, unsigned int)
 .text._ZN6StringC2EPKc
                0x00081d24       0x24 WString.o
                0x00081d24                String::String(char const*)
                0x00081d24                String::String(char const*)
 .text._ZN6StringaSERKS_
                0x00081d48       0x1e WString.o
                0x00081d48                String::operator=(String const&)
 .text._ZN6StringC2ERKS_
                0x00081d66       0x14 WString.o
                0x00081d66                String::String(String const&)
                0x00081d66                String::String(String const&)
 .text._ZN6StringaSEPKc
                0x00081d7a       0x22 WString.o
                0x00081d7a                String::operator=(char const*)
 .text._ZN6StringC2Efh
                0x00081d9c       0x32 WString.o
                0x00081d9c                String::String(float, unsigned char)
                0x00081d9c                String::String(float, unsigned char)
 .text._ZN6String6concatEPKcj
                0x00081dce       0x2e WString.o
                0x00081dce                String::concat(char const*, unsigned int)
 .text._ZplRK15StringSumHelperRK6String
                0x00081dfc       0x1a WString.o
                0x00081dfc                operator+(StringSumHelper const&, String const&)
 .text._ZplRK15StringSumHelperPKc
                0x00081e16       0x24 WString.o
                0x00081e16                operator+(StringSumHelper const&, char const*)
 *fill*         0x00081e3a        0x2 
 .text._Z15watchdogDisablev
                0x00081e3c        0xc watchdog.o
                0x00081e3c                watchdogDisable()
 .text.UART_Handler
                0x00081e48        0xc variant.o
                0x00081e48                UART_Handler
 .text.USART0_Handler
                0x00081e54        0xc variant.o
                0x00081e54                USART0_Handler
 .text.USART1_Handler
                0x00081e60        0xc variant.o
                0x00081e60                USART1_Handler
 .text.USART3_Handler
                0x00081e6c        0xc variant.o
                0x00081e6c                USART3_Handler
 .text.init     0x00081e78      0x128 variant.o
                0x00081e78                init
 .text.startup._GLOBAL__sub_I_g_APinDescription
                0x00081fa0       0xd4 variant.o
 .text.MW_Arduino_Init
                0x00082074       0x14 MW_ArduinoHWInit.o
                0x00082074                MW_Arduino_Init
 .text.Serial_begin
                0x00082088       0x34 io_wrappers.o
                0x00082088                Serial_begin
 .text._ZL13Scheduler_Isrv
                0x000820bc       0x14 arduinoARMScheduler.o
 .text.TC8_Handler
                0x000820d0       0x1c arduinoARMScheduler.o
                0x000820d0                TC8_Handler
 .text.Setup_SchedulerTimer
                0x000820ec       0x84 arduinoARMScheduler.o
                0x000820ec                Setup_SchedulerTimer
 .text.configureArduinoARMTimer
                0x00082170       0x20 arduinoARMScheduler.o
                0x00082170                configureArduinoARMTimer
 .text.MW_Arduino_Loop
                0x00082190        0x4 arduinoARMScheduler.o
                0x00082190                MW_Arduino_Loop
 .text.arm_cortex_m_call_thread_with_context_switch
                0x00082194       0x34 arm_cortex_m_multitasking.o
                0x00082194                arm_cortex_m_call_thread_with_context_switch
 .text.svcHook  0x000821c8       0x2c arm_cortex_m_multitasking.o
                0x000821c8                svcHook
 .text.rt_OneStep
                0x000821f4       0x30 ert_main.o
                0x000821f4                rt_OneStep
 .text.startup.main
                0x00082224       0x74 ert_main.o
                0x00082224                main
 .text.PIO_PullUp
                0x00082298        0xa C:/ProgramData/MATLAB/SupportPackages/R2016b/3P.instrset/arduinoide.instrset/arduinosam-1.6.7/packages/arduino/hardware/sam/1.6.7/variants/arduino_due_x/libsam_sam3x8e_gcc_rel.a(pio.o)
                0x00082298                PIO_PullUp
 .text.PIO_SetPeripheral
                0x000822a2       0x26 C:/ProgramData/MATLAB/SupportPackages/R2016b/3P.instrset/arduinoide.instrset/arduinosam-1.6.7/packages/arduino/hardware/sam/1.6.7/variants/arduino_due_x/libsam_sam3x8e_gcc_rel.a(pio.o)
                0x000822a2                PIO_SetPeripheral
 .text.PIO_SetInput
                0x000822c8       0x26 C:/ProgramData/MATLAB/SupportPackages/R2016b/3P.instrset/arduinoide.instrset/arduinosam-1.6.7/packages/arduino/hardware/sam/1.6.7/variants/arduino_due_x/libsam_sam3x8e_gcc_rel.a(pio.o)
                0x000822c8                PIO_SetInput
 .text.PIO_SetOutput
                0x000822ee       0x24 C:/ProgramData/MATLAB/SupportPackages/R2016b/3P.instrset/arduinoide.instrset/arduinosam-1.6.7/packages/arduino/hardware/sam/1.6.7/variants/arduino_due_x/libsam_sam3x8e_gcc_rel.a(pio.o)
                0x000822ee                PIO_SetOutput
 *fill*         0x00082312        0x2 
 .text.PIO_Configure
                0x00082314       0x64 C:/ProgramData/MATLAB/SupportPackages/R2016b/3P.instrset/arduinoide.instrset/arduinosam-1.6.7/packages/arduino/hardware/sam/1.6.7/variants/arduino_due_x/libsam_sam3x8e_gcc_rel.a(pio.o)
                0x00082314                PIO_Configure
 .text.PIO_GetOutputDataStatus
                0x00082378       0x14 C:/ProgramData/MATLAB/SupportPackages/R2016b/3P.instrset/arduinoide.instrset/arduinosam-1.6.7/packages/arduino/hardware/sam/1.6.7/variants/arduino_due_x/libsam_sam3x8e_gcc_rel.a(pio.o)
                0x00082378                PIO_GetOutputDataStatus
 .text.pmc_enable_upll_clock
                0x0008238c       0x14 C:/ProgramData/MATLAB/SupportPackages/R2016b/3P.instrset/arduinoide.instrset/arduinosam-1.6.7/packages/arduino/hardware/sam/1.6.7/variants/arduino_due_x/libsam_sam3x8e_gcc_rel.a(pmc.o)
                0x0008238c                pmc_enable_upll_clock
 .text.pmc_enable_periph_clk
                0x000823a0       0x44 C:/ProgramData/MATLAB/SupportPackages/R2016b/3P.instrset/arduinoide.instrset/arduinosam-1.6.7/packages/arduino/hardware/sam/1.6.7/variants/arduino_due_x/libsam_sam3x8e_gcc_rel.a(pmc.o)
                0x000823a0                pmc_enable_periph_clk
 .text.pmc_disable_periph_clk
                0x000823e4       0x40 C:/ProgramData/MATLAB/SupportPackages/R2016b/3P.instrset/arduinoide.instrset/arduinosam-1.6.7/packages/arduino/hardware/sam/1.6.7/variants/arduino_due_x/libsam_sam3x8e_gcc_rel.a(pmc.o)
                0x000823e4                pmc_disable_periph_clk
 .text.pmc_switch_udpck_to_upllck
                0x00082424       0x14 C:/ProgramData/MATLAB/SupportPackages/R2016b/3P.instrset/arduinoide.instrset/arduinosam-1.6.7/packages/arduino/hardware/sam/1.6.7/variants/arduino_due_x/libsam_sam3x8e_gcc_rel.a(pmc.o)
                0x00082424                pmc_switch_udpck_to_upllck
 .text.pmc_enable_udpck
                0x00082438        0xc C:/ProgramData/MATLAB/SupportPackages/R2016b/3P.instrset/arduinoide.instrset/arduinosam-1.6.7/packages/arduino/hardware/sam/1.6.7/variants/arduino_due_x/libsam_sam3x8e_gcc_rel.a(pmc.o)
                0x00082438                pmc_enable_udpck
 .text.pmc_set_writeprotect
                0x00082444       0x1c C:/ProgramData/MATLAB/SupportPackages/R2016b/3P.instrset/arduinoide.instrset/arduinosam-1.6.7/packages/arduino/hardware/sam/1.6.7/variants/arduino_due_x/libsam_sam3x8e_gcc_rel.a(pmc.o)
                0x00082444                pmc_set_writeprotect
 .text.SPI_Enable
                0x00082460        0x6 C:/ProgramData/MATLAB/SupportPackages/R2016b/3P.instrset/arduinoide.instrset/arduinosam-1.6.7/packages/arduino/hardware/sam/1.6.7/variants/arduino_due_x/libsam_sam3x8e_gcc_rel.a(spi.o)
                0x00082460                SPI_Enable
 *fill*         0x00082466        0x2 
 .text.SPI_Configure
                0x00082468       0x20 C:/ProgramData/MATLAB/SupportPackages/R2016b/3P.instrset/arduinoide.instrset/arduinosam-1.6.7/packages/arduino/hardware/sam/1.6.7/variants/arduino_due_x/libsam_sam3x8e_gcc_rel.a(spi.o)
                0x00082468                SPI_Configure
 .text.SPI_ConfigureNPCS
                0x00082488        0x8 C:/ProgramData/MATLAB/SupportPackages/R2016b/3P.instrset/arduinoide.instrset/arduinosam-1.6.7/packages/arduino/hardware/sam/1.6.7/variants/arduino_due_x/libsam_sam3x8e_gcc_rel.a(spi.o)
                0x00082488                SPI_ConfigureNPCS
 .text.TC_Configure
                0x00082490       0x38 C:/ProgramData/MATLAB/SupportPackages/R2016b/3P.instrset/arduinoide.instrset/arduinosam-1.6.7/packages/arduino/hardware/sam/1.6.7/variants/arduino_due_x/libsam_sam3x8e_gcc_rel.a(tc.o)
                0x00082490                TC_Configure
 .text.TC_Start
                0x000824c8       0x2c C:/ProgramData/MATLAB/SupportPackages/R2016b/3P.instrset/arduinoide.instrset/arduinosam-1.6.7/packages/arduino/hardware/sam/1.6.7/variants/arduino_due_x/libsam_sam3x8e_gcc_rel.a(tc.o)
                0x000824c8                TC_Start
 .text.TC_GetStatus
                0x000824f4        0x8 C:/ProgramData/MATLAB/SupportPackages/R2016b/3P.instrset/arduinoide.instrset/arduinosam-1.6.7/packages/arduino/hardware/sam/1.6.7/variants/arduino_due_x/libsam_sam3x8e_gcc_rel.a(tc.o)
                0x000824f4                TC_GetStatus
 .text.TC_SetRC
                0x000824fc        0x8 C:/ProgramData/MATLAB/SupportPackages/R2016b/3P.instrset/arduinoide.instrset/arduinosam-1.6.7/packages/arduino/hardware/sam/1.6.7/variants/arduino_due_x/libsam_sam3x8e_gcc_rel.a(tc.o)
                0x000824fc                TC_SetRC
 .text.TimeTick_Increment
                0x00082504       0x10 C:/ProgramData/MATLAB/SupportPackages/R2016b/3P.instrset/arduinoide.instrset/arduinosam-1.6.7/packages/arduino/hardware/sam/1.6.7/variants/arduino_due_x/libsam_sam3x8e_gcc_rel.a(timetick.o)
                0x00082504                TimeTick_Increment
 .text.GetTickCount
                0x00082514        0xc C:/ProgramData/MATLAB/SupportPackages/R2016b/3P.instrset/arduinoide.instrset/arduinosam-1.6.7/packages/arduino/hardware/sam/1.6.7/variants/arduino_due_x/libsam_sam3x8e_gcc_rel.a(timetick.o)
                0x00082514                GetTickCount
 .text.WDT_Disable
                0x00082520        0x8 C:/ProgramData/MATLAB/SupportPackages/R2016b/3P.instrset/arduinoide.instrset/arduinosam-1.6.7/packages/arduino/hardware/sam/1.6.7/variants/arduino_due_x/libsam_sam3x8e_gcc_rel.a(wdt.o)
                0x00082520                WDT_Disable
 .text.SystemInit
                0x00082528       0x88 C:/ProgramData/MATLAB/SupportPackages/R2016b/3P.instrset/arduinoide.instrset/arduinosam-1.6.7/packages/arduino/hardware/sam/1.6.7/variants/arduino_due_x/libsam_sam3x8e_gcc_rel.a(system_sam3xa.o)
                0x00082528                SystemInit
 .text.adc_init
                0x000825b0       0x98 C:/ProgramData/MATLAB/SupportPackages/R2016b/3P.instrset/arduinoide.instrset/arduinosam-1.6.7/packages/arduino/hardware/sam/1.6.7/variants/arduino_due_x/libsam_sam3x8e_gcc_rel.a(adc.o)
                0x000825b0                adc_init
 .text.adc_configure_trigger
                0x00082648        0xe C:/ProgramData/MATLAB/SupportPackages/R2016b/3P.instrset/arduinoide.instrset/arduinosam-1.6.7/packages/arduino/hardware/sam/1.6.7/variants/arduino_due_x/libsam_sam3x8e_gcc_rel.a(adc.o)
                0x00082648                adc_configure_trigger
 .text.adc_configure_timing
                0x00082656       0x1a C:/ProgramData/MATLAB/SupportPackages/R2016b/3P.instrset/arduinoide.instrset/arduinosam-1.6.7/packages/arduino/hardware/sam/1.6.7/variants/arduino_due_x/libsam_sam3x8e_gcc_rel.a(adc.o)
                0x00082656                adc_configure_timing
 .text.adc_start
                0x00082670        0x6 C:/ProgramData/MATLAB/SupportPackages/R2016b/3P.instrset/arduinoide.instrset/arduinosam-1.6.7/packages/arduino/hardware/sam/1.6.7/variants/arduino_due_x/libsam_sam3x8e_gcc_rel.a(adc.o)
                0x00082670                adc_start
 .text.adc_enable_channel
                0x00082676        0xa C:/ProgramData/MATLAB/SupportPackages/R2016b/3P.instrset/arduinoide.instrset/arduinosam-1.6.7/packages/arduino/hardware/sam/1.6.7/variants/arduino_due_x/libsam_sam3x8e_gcc_rel.a(adc.o)
                0x00082676                adc_enable_channel
 .text.adc_disable_channel
                0x00082680        0xa C:/ProgramData/MATLAB/SupportPackages/R2016b/3P.instrset/arduinoide.instrset/arduinosam-1.6.7/packages/arduino/hardware/sam/1.6.7/variants/arduino_due_x/libsam_sam3x8e_gcc_rel.a(adc.o)
                0x00082680                adc_disable_channel
 .text.adc_disable_all_channel
                0x0008268a        0x8 C:/ProgramData/MATLAB/SupportPackages/R2016b/3P.instrset/arduinoide.instrset/arduinosam-1.6.7/packages/arduino/hardware/sam/1.6.7/variants/arduino_due_x/libsam_sam3x8e_gcc_rel.a(adc.o)
                0x0008268a                adc_disable_all_channel
 .text.adc_get_channel_status
                0x00082692        0xa C:/ProgramData/MATLAB/SupportPackages/R2016b/3P.instrset/arduinoide.instrset/arduinosam-1.6.7/packages/arduino/hardware/sam/1.6.7/variants/arduino_due_x/libsam_sam3x8e_gcc_rel.a(adc.o)
                0x00082692                adc_get_channel_status
 .text.adc_get_latest_value
                0x0008269c        0x4 C:/ProgramData/MATLAB/SupportPackages/R2016b/3P.instrset/arduinoide.instrset/arduinosam-1.6.7/packages/arduino/hardware/sam/1.6.7/variants/arduino_due_x/libsam_sam3x8e_gcc_rel.a(adc.o)
                0x0008269c                adc_get_latest_value
 .text.adc_disable_interrupt
                0x000826a0        0x4 C:/ProgramData/MATLAB/SupportPackages/R2016b/3P.instrset/arduinoide.instrset/arduinosam-1.6.7/packages/arduino/hardware/sam/1.6.7/variants/arduino_due_x/libsam_sam3x8e_gcc_rel.a(adc.o)
                0x000826a0                adc_disable_interrupt
 .text.adc_get_status
                0x000826a4        0x4 C:/ProgramData/MATLAB/SupportPackages/R2016b/3P.instrset/arduinoide.instrset/arduinosam-1.6.7/packages/arduino/hardware/sam/1.6.7/variants/arduino_due_x/libsam_sam3x8e_gcc_rel.a(adc.o)
                0x000826a4                adc_get_status
 .text.UDD_SetStack
                0x000826a8        0xc C:/ProgramData/MATLAB/SupportPackages/R2016b/3P.instrset/arduinoide.instrset/arduinosam-1.6.7/packages/arduino/hardware/sam/1.6.7/variants/arduino_due_x/libsam_sam3x8e_gcc_rel.a(uotghs_device.o)
                0x000826a8                UDD_SetStack
 .text.UDD_Init
                0x000826b4       0xd0 C:/ProgramData/MATLAB/SupportPackages/R2016b/3P.instrset/arduinoide.instrset/arduinosam-1.6.7/packages/arduino/hardware/sam/1.6.7/variants/arduino_due_x/libsam_sam3x8e_gcc_rel.a(uotghs_device.o)
                0x000826b4                UDD_Init
 .text.UDD_InitEP
                0x00082784       0x2c C:/ProgramData/MATLAB/SupportPackages/R2016b/3P.instrset/arduinoide.instrset/arduinosam-1.6.7/packages/arduino/hardware/sam/1.6.7/variants/arduino_due_x/libsam_sam3x8e_gcc_rel.a(uotghs_device.o)
                0x00082784                UDD_InitEP
 .text.UDD_InitEndpoints
                0x000827b0       0x3c C:/ProgramData/MATLAB/SupportPackages/R2016b/3P.instrset/arduinoide.instrset/arduinosam-1.6.7/packages/arduino/hardware/sam/1.6.7/variants/arduino_due_x/libsam_sam3x8e_gcc_rel.a(uotghs_device.o)
                0x000827b0                UDD_InitEndpoints
 .text.UDD_WaitIN
                0x000827ec       0x10 C:/ProgramData/MATLAB/SupportPackages/R2016b/3P.instrset/arduinoide.instrset/arduinosam-1.6.7/packages/arduino/hardware/sam/1.6.7/variants/arduino_due_x/libsam_sam3x8e_gcc_rel.a(uotghs_device.o)
                0x000827ec                UDD_WaitIN
 .text.UDD_WaitOUT
                0x000827fc       0x10 C:/ProgramData/MATLAB/SupportPackages/R2016b/3P.instrset/arduinoide.instrset/arduinosam-1.6.7/packages/arduino/hardware/sam/1.6.7/variants/arduino_due_x/libsam_sam3x8e_gcc_rel.a(uotghs_device.o)
                0x000827fc                UDD_WaitOUT
 .text.UDD_ClearIN
                0x0008280c       0x18 C:/ProgramData/MATLAB/SupportPackages/R2016b/3P.instrset/arduinoide.instrset/arduinosam-1.6.7/packages/arduino/hardware/sam/1.6.7/variants/arduino_due_x/libsam_sam3x8e_gcc_rel.a(uotghs_device.o)
                0x0008280c                UDD_ClearIN
 .text.UDD_ClearOUT
                0x00082824       0x18 C:/ProgramData/MATLAB/SupportPackages/R2016b/3P.instrset/arduinoide.instrset/arduinosam-1.6.7/packages/arduino/hardware/sam/1.6.7/variants/arduino_due_x/libsam_sam3x8e_gcc_rel.a(uotghs_device.o)
                0x00082824                UDD_ClearOUT
 .text.UDD_ReceivedSetupInt
                0x0008283c       0x10 C:/ProgramData/MATLAB/SupportPackages/R2016b/3P.instrset/arduinoide.instrset/arduinosam-1.6.7/packages/arduino/hardware/sam/1.6.7/variants/arduino_due_x/libsam_sam3x8e_gcc_rel.a(uotghs_device.o)
                0x0008283c                UDD_ReceivedSetupInt
 .text.UDD_ClearSetupInt
                0x0008284c       0x10 C:/ProgramData/MATLAB/SupportPackages/R2016b/3P.instrset/arduinoide.instrset/arduinosam-1.6.7/packages/arduino/hardware/sam/1.6.7/variants/arduino_due_x/libsam_sam3x8e_gcc_rel.a(uotghs_device.o)
                0x0008284c                UDD_ClearSetupInt
 .text.UDD_Send
                0x0008285c       0x88 C:/ProgramData/MATLAB/SupportPackages/R2016b/3P.instrset/arduinoide.instrset/arduinosam-1.6.7/packages/arduino/hardware/sam/1.6.7/variants/arduino_due_x/libsam_sam3x8e_gcc_rel.a(uotghs_device.o)
                0x0008285c                UDD_Send
 .text.UDD_Send8
                0x000828e4       0x24 C:/ProgramData/MATLAB/SupportPackages/R2016b/3P.instrset/arduinoide.instrset/arduinosam-1.6.7/packages/arduino/hardware/sam/1.6.7/variants/arduino_due_x/libsam_sam3x8e_gcc_rel.a(uotghs_device.o)
                0x000828e4                UDD_Send8
 .text.UDD_Recv8
                0x00082908       0x28 C:/ProgramData/MATLAB/SupportPackages/R2016b/3P.instrset/arduinoide.instrset/arduinosam-1.6.7/packages/arduino/hardware/sam/1.6.7/variants/arduino_due_x/libsam_sam3x8e_gcc_rel.a(uotghs_device.o)
                0x00082908                UDD_Recv8
 .text.UDD_Recv
                0x00082930       0x34 C:/ProgramData/MATLAB/SupportPackages/R2016b/3P.instrset/arduinoide.instrset/arduinosam-1.6.7/packages/arduino/hardware/sam/1.6.7/variants/arduino_due_x/libsam_sam3x8e_gcc_rel.a(uotghs_device.o)
                0x00082930                UDD_Recv
 .text.UDD_Stall
                0x00082964       0x14 C:/ProgramData/MATLAB/SupportPackages/R2016b/3P.instrset/arduinoide.instrset/arduinosam-1.6.7/packages/arduino/hardware/sam/1.6.7/variants/arduino_due_x/libsam_sam3x8e_gcc_rel.a(uotghs_device.o)
                0x00082964                UDD_Stall
 .text.UDD_FifoByteCount
                0x00082978       0x14 C:/ProgramData/MATLAB/SupportPackages/R2016b/3P.instrset/arduinoide.instrset/arduinosam-1.6.7/packages/arduino/hardware/sam/1.6.7/variants/arduino_due_x/libsam_sam3x8e_gcc_rel.a(uotghs_device.o)
                0x00082978                UDD_FifoByteCount
 .text.UDD_ReleaseRX
                0x0008298c       0x28 C:/ProgramData/MATLAB/SupportPackages/R2016b/3P.instrset/arduinoide.instrset/arduinosam-1.6.7/packages/arduino/hardware/sam/1.6.7/variants/arduino_due_x/libsam_sam3x8e_gcc_rel.a(uotghs_device.o)
                0x0008298c                UDD_ReleaseRX
 .text.UDD_ReleaseTX
                0x000829b4       0x28 C:/ProgramData/MATLAB/SupportPackages/R2016b/3P.instrset/arduinoide.instrset/arduinosam-1.6.7/packages/arduino/hardware/sam/1.6.7/variants/arduino_due_x/libsam_sam3x8e_gcc_rel.a(uotghs_device.o)
                0x000829b4                UDD_ReleaseTX
 .text.UDD_SetAddress
                0x000829dc       0x20 C:/ProgramData/MATLAB/SupportPackages/R2016b/3P.instrset/arduinoide.instrset/arduinosam-1.6.7/packages/arduino/hardware/sam/1.6.7/variants/arduino_due_x/libsam_sam3x8e_gcc_rel.a(uotghs_device.o)
                0x000829dc                UDD_SetAddress
 *fill*         0x000829fc        0x4 
 .text.floor    0x00082a00      0x120 c:/programdata/matlab/supportpackages/r2016b/3p.instrset/arduinoide.instrset/arduinosam-1.6.7/packages/arduino/tools/arm-none-eabi-gcc/4.8.3-2014q1/bin/../lib/gcc/arm-none-eabi/4.8.3/../../../../arm-none-eabi/lib/armv7-m\libm.a(lib_a-s_floor.o)
                0x00082a00                floor
 .text.__fpclassifyd
                0x00082b20       0x50 c:/programdata/matlab/supportpackages/r2016b/3p.instrset/arduinoide.instrset/arduinosam-1.6.7/packages/arduino/tools/arm-none-eabi-gcc/4.8.3-2014q1/bin/../lib/gcc/arm-none-eabi/4.8.3/../../../../arm-none-eabi/lib/armv7-m\libm.a(lib_a-s_fpclassify.o)
                0x00082b20                __fpclassifyd
 .text.fmod     0x00082b70       0xb4 c:/programdata/matlab/supportpackages/r2016b/3p.instrset/arduinoide.instrset/arduinosam-1.6.7/packages/arduino/tools/arm-none-eabi-gcc/4.8.3-2014q1/bin/../lib/gcc/arm-none-eabi/4.8.3/../../../../arm-none-eabi/lib/armv7-m\libm.a(lib_a-w_fmod.o)
                0x00082b70                fmod
 .text.__ieee754_fmod
                0x00082c24      0x278 c:/programdata/matlab/supportpackages/r2016b/3p.instrset/arduinoide.instrset/arduinosam-1.6.7/packages/arduino/tools/arm-none-eabi-gcc/4.8.3-2014q1/bin/../lib/gcc/arm-none-eabi/4.8.3/../../../../arm-none-eabi/lib/armv7-m\libm.a(lib_a-e_fmod.o)
                0x00082c24                __ieee754_fmod
 .text.matherr  0x00082e9c        0x4 c:/programdata/matlab/supportpackages/r2016b/3p.instrset/arduinoide.instrset/arduinosam-1.6.7/packages/arduino/tools/arm-none-eabi-gcc/4.8.3-2014q1/bin/../lib/gcc/arm-none-eabi/4.8.3/../../../../arm-none-eabi/lib/armv7-m\libm.a(lib_a-s_matherr.o)
                0x00082e9c                matherr
 .text          0x00082ea0      0x370 c:/programdata/matlab/supportpackages/r2016b/3p.instrset/arduinoide.instrset/arduinosam-1.6.7/packages/arduino/tools/arm-none-eabi-gcc/4.8.3-2014q1/bin/../lib/gcc/arm-none-eabi/4.8.3/armv7-m\libgcc.a(_arm_addsubdf3.o)
                0x00082ea0                __aeabi_drsub
                0x00082ea8                __aeabi_dsub
                0x00082ea8                __subdf3
                0x00082eac                __aeabi_dadd
                0x00082eac                __adddf3
                0x00083124                __floatunsidf
                0x00083124                __aeabi_ui2d
                0x00083144                __floatsidf
                0x00083144                __aeabi_i2d
                0x00083168                __aeabi_f2d
                0x00083168                __extendsfdf2
                0x000831a4                __floatundidf
                0x000831a4                __aeabi_ul2d
                0x000831b4                __floatdidf
                0x000831b4                __aeabi_l2d
 .text          0x00083210      0x424 c:/programdata/matlab/supportpackages/r2016b/3p.instrset/arduinoide.instrset/arduinosam-1.6.7/packages/arduino/tools/arm-none-eabi-gcc/4.8.3-2014q1/bin/../lib/gcc/arm-none-eabi/4.8.3/armv7-m\libgcc.a(_arm_muldivdf3.o)
                0x00083210                __aeabi_dmul
                0x00083210                __muldf3
                0x00083464                __divdf3
                0x00083464                __aeabi_ddiv
 .text          0x00083634      0x110 c:/programdata/matlab/supportpackages/r2016b/3p.instrset/arduinoide.instrset/arduinosam-1.6.7/packages/arduino/tools/arm-none-eabi-gcc/4.8.3-2014q1/bin/../lib/gcc/arm-none-eabi/4.8.3/armv7-m\libgcc.a(_arm_cmpdf2.o)
                0x00083634                __gtdf2
                0x00083634                __gedf2
                0x0008363c                __ltdf2
                0x0008363c                __ledf2
                0x00083644                __nedf2
                0x00083644                __eqdf2
                0x00083644                __cmpdf2
                0x000836c0                __aeabi_cdrcmple
                0x000836d0                __aeabi_cdcmpeq
                0x000836d0                __aeabi_cdcmple
                0x000836e0                __aeabi_dcmpeq
                0x000836f4                __aeabi_dcmplt
                0x00083708                __aeabi_dcmple
                0x0008371c                __aeabi_dcmpge
                0x00083730                __aeabi_dcmpgt
 .text          0x00083744       0x50 c:/programdata/matlab/supportpackages/r2016b/3p.instrset/arduinoide.instrset/arduinosam-1.6.7/packages/arduino/tools/arm-none-eabi-gcc/4.8.3-2014q1/bin/../lib/gcc/arm-none-eabi/4.8.3/armv7-m\libgcc.a(_arm_fixdfsi.o)
                0x00083744                __aeabi_d2iz
                0x00083744                __fixdfsi
 .text          0x00083794       0x40 c:/programdata/matlab/supportpackages/r2016b/3p.instrset/arduinoide.instrset/arduinosam-1.6.7/packages/arduino/tools/arm-none-eabi-gcc/4.8.3-2014q1/bin/../lib/gcc/arm-none-eabi/4.8.3/armv7-m\libgcc.a(_arm_fixunsdfsi.o)
                0x00083794                __aeabi_d2uiz
                0x00083794                __fixunsdfsi
 .text          0x000837d4       0xa0 c:/programdata/matlab/supportpackages/r2016b/3p.instrset/arduinoide.instrset/arduinosam-1.6.7/packages/arduino/tools/arm-none-eabi-gcc/4.8.3-2014q1/bin/../lib/gcc/arm-none-eabi/4.8.3/armv7-m\libgcc.a(_arm_truncdfsf2.o)
                0x000837d4                __truncdfsf2
                0x000837d4                __aeabi_d2f
 .text          0x00083874      0x21c c:/programdata/matlab/supportpackages/r2016b/3p.instrset/arduinoide.instrset/arduinosam-1.6.7/packages/arduino/tools/arm-none-eabi-gcc/4.8.3-2014q1/bin/../lib/gcc/arm-none-eabi/4.8.3/armv7-m\libgcc.a(_arm_addsubsf3.o)
                0x00083874                __aeabi_frsub
                0x0008387c                __subsf3
                0x0008387c                __aeabi_fsub
                0x00083880                __aeabi_fadd
                0x00083880                __addsf3
                0x000839e0                __aeabi_ui2f
                0x000839e0                __floatunsisf
                0x000839e8                __aeabi_i2f
                0x000839e8                __floatsisf
                0x00083a04                __aeabi_ul2f
                0x00083a04                __floatundisf
                0x00083a14                __aeabi_l2f
                0x00083a14                __floatdisf
 .text          0x00083a90      0x2a0 c:/programdata/matlab/supportpackages/r2016b/3p.instrset/arduinoide.instrset/arduinosam-1.6.7/packages/arduino/tools/arm-none-eabi-gcc/4.8.3-2014q1/bin/../lib/gcc/arm-none-eabi/4.8.3/armv7-m\libgcc.a(_arm_muldivsf3.o)
                0x00083a90                __mulsf3
                0x00083a90                __aeabi_fmul
                0x00083bf8                __aeabi_fdiv
                0x00083bf8                __divsf3
 .text.__assert_func
                0x00083d30       0x3c c:/programdata/matlab/supportpackages/r2016b/3p.instrset/arduinoide.instrset/arduinosam-1.6.7/packages/arduino/tools/arm-none-eabi-gcc/4.8.3-2014q1/bin/../lib/gcc/arm-none-eabi/4.8.3/../../../../arm-none-eabi/lib/armv7-m\libg.a(lib_a-assert.o)
                0x00083d30                __assert_func
 .text.__errno  0x00083d6c        0xc c:/programdata/matlab/supportpackages/r2016b/3p.instrset/arduinoide.instrset/arduinosam-1.6.7/packages/arduino/tools/arm-none-eabi-gcc/4.8.3-2014q1/bin/../lib/gcc/arm-none-eabi/4.8.3/../../../../arm-none-eabi/lib/armv7-m\libg.a(lib_a-errno.o)
                0x00083d6c                __errno
 .text.fiprintf
                0x00083d78       0x28 c:/programdata/matlab/supportpackages/r2016b/3p.instrset/arduinoide.instrset/arduinosam-1.6.7/packages/arduino/tools/arm-none-eabi-gcc/4.8.3-2014q1/bin/../lib/gcc/arm-none-eabi/4.8.3/../../../../arm-none-eabi/lib/armv7-m\libg.a(lib_a-fiprintf.o)
                0x00083d78                fiprintf
 .text.__libc_init_array
                0x00083da0       0x50 c:/programdata/matlab/supportpackages/r2016b/3p.instrset/arduinoide.instrset/arduinosam-1.6.7/packages/arduino/tools/arm-none-eabi-gcc/4.8.3-2014q1/bin/../lib/gcc/arm-none-eabi/4.8.3/../../../../arm-none-eabi/lib/armv7-m\libg.a(lib_a-init.o)
                0x00083da0                __libc_init_array
 .text.iprintf  0x00083df0       0x28 c:/programdata/matlab/supportpackages/r2016b/3p.instrset/arduinoide.instrset/arduinosam-1.6.7/packages/arduino/tools/arm-none-eabi-gcc/4.8.3-2014q1/bin/../lib/gcc/arm-none-eabi/4.8.3/../../../../arm-none-eabi/lib/armv7-m\libg.a(lib_a-iprintf.o)
                0x00083df0                iprintf
 .text.malloc   0x00083e18       0x10 c:/programdata/matlab/supportpackages/r2016b/3p.instrset/arduinoide.instrset/arduinosam-1.6.7/packages/arduino/tools/arm-none-eabi-gcc/4.8.3-2014q1/bin/../lib/gcc/arm-none-eabi/4.8.3/../../../../arm-none-eabi/lib/armv7-m\libg.a(lib_a-malloc.o)
                0x00083e18                malloc
 .text.free     0x00083e28       0x10 c:/programdata/matlab/supportpackages/r2016b/3p.instrset/arduinoide.instrset/arduinosam-1.6.7/packages/arduino/tools/arm-none-eabi-gcc/4.8.3-2014q1/bin/../lib/gcc/arm-none-eabi/4.8.3/../../../../arm-none-eabi/lib/armv7-m\libg.a(lib_a-malloc.o)
                0x00083e28                free
 .text._malloc_r
                0x00083e38      0x538 c:/programdata/matlab/supportpackages/r2016b/3p.instrset/arduinoide.instrset/arduinosam-1.6.7/packages/arduino/tools/arm-none-eabi-gcc/4.8.3-2014q1/bin/../lib/gcc/arm-none-eabi/4.8.3/../../../../arm-none-eabi/lib/armv7-m\libg.a(lib_a-mallocr.o)
                0x00083e38                _malloc_r
 .text          0x00084370       0xec c:/programdata/matlab/supportpackages/r2016b/3p.instrset/arduinoide.instrset/arduinosam-1.6.7/packages/arduino/tools/arm-none-eabi-gcc/4.8.3-2014q1/bin/../lib/gcc/arm-none-eabi/4.8.3/../../../../arm-none-eabi/lib/armv7-m\libg.a(lib_a-memcpy.o)
                0x00084370                memcpy
 .text.memmove  0x0008445c       0xcc c:/programdata/matlab/supportpackages/r2016b/3p.instrset/arduinoide.instrset/arduinosam-1.6.7/packages/arduino/tools/arm-none-eabi-gcc/4.8.3-2014q1/bin/../lib/gcc/arm-none-eabi/4.8.3/../../../../arm-none-eabi/lib/armv7-m\libg.a(lib_a-memmove.o)
                0x0008445c                memmove
 .text.memset   0x00084528       0x94 c:/programdata/matlab/supportpackages/r2016b/3p.instrset/arduinoide.instrset/arduinosam-1.6.7/packages/arduino/tools/arm-none-eabi-gcc/4.8.3-2014q1/bin/../lib/gcc/arm-none-eabi/4.8.3/../../../../arm-none-eabi/lib/armv7-m\libg.a(lib_a-memset.o)
                0x00084528                memset
 .text.__malloc_lock
                0x000845bc        0x4 c:/programdata/matlab/supportpackages/r2016b/3p.instrset/arduinoide.instrset/arduinosam-1.6.7/packages/arduino/tools/arm-none-eabi-gcc/4.8.3-2014q1/bin/../lib/gcc/arm-none-eabi/4.8.3/../../../../arm-none-eabi/lib/armv7-m\libg.a(lib_a-mlock.o)
                0x000845bc                __malloc_lock
 .text.__malloc_unlock
                0x000845c0        0x4 c:/programdata/matlab/supportpackages/r2016b/3p.instrset/arduinoide.instrset/arduinosam-1.6.7/packages/arduino/tools/arm-none-eabi-gcc/4.8.3-2014q1/bin/../lib/gcc/arm-none-eabi/4.8.3/../../../../arm-none-eabi/lib/armv7-m\libg.a(lib_a-mlock.o)
                0x000845c0                __malloc_unlock
 .text.realloc  0x000845c4       0x10 c:/programdata/matlab/supportpackages/r2016b/3p.instrset/arduinoide.instrset/arduinosam-1.6.7/packages/arduino/tools/arm-none-eabi-gcc/4.8.3-2014q1/bin/../lib/gcc/arm-none-eabi/4.8.3/../../../../arm-none-eabi/lib/armv7-m\libg.a(lib_a-realloc.o)
                0x000845c4                realloc
 .text._realloc_r
                0x000845d4      0x3c0 c:/programdata/matlab/supportpackages/r2016b/3p.instrset/arduinoide.instrset/arduinosam-1.6.7/packages/arduino/tools/arm-none-eabi-gcc/4.8.3-2014q1/bin/../lib/gcc/arm-none-eabi/4.8.3/../../../../arm-none-eabi/lib/armv7-m\libg.a(lib_a-reallocr.o)
                0x000845d4                _realloc_r
 .text._sbrk_r  0x00084994       0x24 c:/programdata/matlab/supportpackages/r2016b/3p.instrset/arduinoide.instrset/arduinosam-1.6.7/packages/arduino/tools/arm-none-eabi-gcc/4.8.3-2014q1/bin/../lib/gcc/arm-none-eabi/4.8.3/../../../../arm-none-eabi/lib/armv7-m\libg.a(lib_a-sbrkr.o)
                0x00084994                _sbrk_r
 .text.sprintf  0x000849b8       0x4c c:/programdata/matlab/supportpackages/r2016b/3p.instrset/arduinoide.instrset/arduinosam-1.6.7/packages/arduino/tools/arm-none-eabi-gcc/4.8.3-2014q1/bin/../lib/gcc/arm-none-eabi/4.8.3/../../../../arm-none-eabi/lib/armv7-m\libg.a(lib_a-sprintf.o)
                0x000849b8                sprintf
 .text.strcpy   0x00084a04       0xbc c:/programdata/matlab/supportpackages/r2016b/3p.instrset/arduinoide.instrset/arduinosam-1.6.7/packages/arduino/tools/arm-none-eabi-gcc/4.8.3-2014q1/bin/../lib/gcc/arm-none-eabi/4.8.3/../../../../arm-none-eabi/lib/armv7-m\libg.a(lib_a-strcpy.o)
                0x00084a04                strcpy
 .text.strlen   0x00084ac0       0x60 c:/programdata/matlab/supportpackages/r2016b/3p.instrset/arduinoide.instrset/arduinosam-1.6.7/packages/arduino/tools/arm-none-eabi-gcc/4.8.3-2014q1/bin/../lib/gcc/arm-none-eabi/4.8.3/../../../../arm-none-eabi/lib/armv7-m\libg.a(lib_a-strlen.o)
                0x00084ac0                strlen
 .text._svfprintf_r
                0x00084b20     0x14e0 c:/programdata/matlab/supportpackages/r2016b/3p.instrset/arduinoide.instrset/arduinosam-1.6.7/packages/arduino/tools/arm-none-eabi-gcc/4.8.3-2014q1/bin/../lib/gcc/arm-none-eabi/4.8.3/../../../../arm-none-eabi/lib/armv7-m\libg.a(lib_a-svfprintf.o)
                0x00084b20                _svfprintf_r
 .text.__sprint_r.part.0
                0x00086000       0x78 c:/programdata/matlab/supportpackages/r2016b/3p.instrset/arduinoide.instrset/arduinosam-1.6.7/packages/arduino/tools/arm-none-eabi-gcc/4.8.3-2014q1/bin/../lib/gcc/arm-none-eabi/4.8.3/../../../../arm-none-eabi/lib/armv7-m\libg.a(lib_a-vfiprintf.o)
 .text._vfiprintf_r
                0x00086078      0xc54 c:/programdata/matlab/supportpackages/r2016b/3p.instrset/arduinoide.instrset/arduinosam-1.6.7/packages/arduino/tools/arm-none-eabi-gcc/4.8.3-2014q1/bin/../lib/gcc/arm-none-eabi/4.8.3/../../../../arm-none-eabi/lib/armv7-m\libg.a(lib_a-vfiprintf.o)
                0x00086078                _vfiprintf_r
 .text.__sbprintf
                0x00086ccc       0x7c c:/programdata/matlab/supportpackages/r2016b/3p.instrset/arduinoide.instrset/arduinosam-1.6.7/packages/arduino/tools/arm-none-eabi-gcc/4.8.3-2014q1/bin/../lib/gcc/arm-none-eabi/4.8.3/../../../../arm-none-eabi/lib/armv7-m\libg.a(lib_a-vfiprintf.o)
 .text.__swsetup_r
                0x00086d48       0xc4 c:/programdata/matlab/supportpackages/r2016b/3p.instrset/arduinoide.instrset/arduinosam-1.6.7/packages/arduino/tools/arm-none-eabi-gcc/4.8.3-2014q1/bin/../lib/gcc/arm-none-eabi/4.8.3/../../../../arm-none-eabi/lib/armv7-m\libg.a(lib_a-wsetup.o)
                0x00086d48                __swsetup_r
 .text.startup.register_fini
                0x00086e0c       0x14 c:/programdata/matlab/supportpackages/r2016b/3p.instrset/arduinoide.instrset/arduinosam-1.6.7/packages/arduino/tools/arm-none-eabi-gcc/4.8.3-2014q1/bin/../lib/gcc/arm-none-eabi/4.8.3/../../../../arm-none-eabi/lib/armv7-m\libg.a(lib_a-__call_atexit.o)
 .text.abort    0x00086e20       0x10 c:/programdata/matlab/supportpackages/r2016b/3p.instrset/arduinoide.instrset/arduinosam-1.6.7/packages/arduino/tools/arm-none-eabi-gcc/4.8.3-2014q1/bin/../lib/gcc/arm-none-eabi/4.8.3/../../../../arm-none-eabi/lib/armv7-m\libg.a(lib_a-abort.o)
                0x00086e20                abort
 .text.atexit   0x00086e30        0xc c:/programdata/matlab/supportpackages/r2016b/3p.instrset/arduinoide.instrset/arduinosam-1.6.7/packages/arduino/tools/arm-none-eabi-gcc/4.8.3-2014q1/bin/../lib/gcc/arm-none-eabi/4.8.3/../../../../arm-none-eabi/lib/armv7-m\libg.a(lib_a-atexit.o)
                0x00086e30                atexit
 .text.quorem   0x00086e3c      0x134 c:/programdata/matlab/supportpackages/r2016b/3p.instrset/arduinoide.instrset/arduinosam-1.6.7/packages/arduino/tools/arm-none-eabi-gcc/4.8.3-2014q1/bin/../lib/gcc/arm-none-eabi/4.8.3/../../../../arm-none-eabi/lib/armv7-m\libg.a(lib_a-dtoa.o)
 .text._dtoa_r  0x00086f70      0xe38 c:/programdata/matlab/supportpackages/r2016b/3p.instrset/arduinoide.instrset/arduinosam-1.6.7/packages/arduino/tools/arm-none-eabi-gcc/4.8.3-2014q1/bin/../lib/gcc/arm-none-eabi/4.8.3/../../../../arm-none-eabi/lib/armv7-m\libg.a(lib_a-dtoa.o)
                0x00086f70                _dtoa_r
 .text.__sflush_r
                0x00087da8      0x148 c:/programdata/matlab/supportpackages/r2016b/3p.instrset/arduinoide.instrset/arduinosam-1.6.7/packages/arduino/tools/arm-none-eabi-gcc/4.8.3-2014q1/bin/../lib/gcc/arm-none-eabi/4.8.3/../../../../arm-none-eabi/lib/armv7-m\libg.a(lib_a-fflush.o)
                0x00087da8                __sflush_r
 .text._fflush_r
                0x00087ef0       0x2c c:/programdata/matlab/supportpackages/r2016b/3p.instrset/arduinoide.instrset/arduinosam-1.6.7/packages/arduino/tools/arm-none-eabi-gcc/4.8.3-2014q1/bin/../lib/gcc/arm-none-eabi/4.8.3/../../../../arm-none-eabi/lib/armv7-m\libg.a(lib_a-fflush.o)
                0x00087ef0                _fflush_r
 .text._cleanup_r
                0x00087f1c        0xc c:/programdata/matlab/supportpackages/r2016b/3p.instrset/arduinoide.instrset/arduinosam-1.6.7/packages/arduino/tools/arm-none-eabi-gcc/4.8.3-2014q1/bin/../lib/gcc/arm-none-eabi/4.8.3/../../../../arm-none-eabi/lib/armv7-m\libg.a(lib_a-findfp.o)
                0x00087f1c                _cleanup_r
 .text.__sinit  0x00087f28       0xf4 c:/programdata/matlab/supportpackages/r2016b/3p.instrset/arduinoide.instrset/arduinosam-1.6.7/packages/arduino/tools/arm-none-eabi-gcc/4.8.3-2014q1/bin/../lib/gcc/arm-none-eabi/4.8.3/../../../../arm-none-eabi/lib/armv7-m\libg.a(lib_a-findfp.o)
                0x00087f28                __sinit
 .text.__sfp_lock_acquire
                0x0008801c        0x4 c:/programdata/matlab/supportpackages/r2016b/3p.instrset/arduinoide.instrset/arduinosam-1.6.7/packages/arduino/tools/arm-none-eabi-gcc/4.8.3-2014q1/bin/../lib/gcc/arm-none-eabi/4.8.3/../../../../arm-none-eabi/lib/armv7-m\libg.a(lib_a-findfp.o)
                0x0008801c                __sfp_lock_acquire
 .text.__sfp_lock_release
                0x00088020        0x4 c:/programdata/matlab/supportpackages/r2016b/3p.instrset/arduinoide.instrset/arduinosam-1.6.7/packages/arduino/tools/arm-none-eabi-gcc/4.8.3-2014q1/bin/../lib/gcc/arm-none-eabi/4.8.3/../../../../arm-none-eabi/lib/armv7-m\libg.a(lib_a-findfp.o)
                0x00088020                __sfp_lock_release
 .text.__libc_fini_array
                0x00088024       0x30 c:/programdata/matlab/supportpackages/r2016b/3p.instrset/arduinoide.instrset/arduinosam-1.6.7/packages/arduino/tools/arm-none-eabi-gcc/4.8.3-2014q1/bin/../lib/gcc/arm-none-eabi/4.8.3/../../../../arm-none-eabi/lib/armv7-m\libg.a(lib_a-fini.o)
                0x00088024                __libc_fini_array
 .text._fputwc_r
                0x00088054       0xc0 c:/programdata/matlab/supportpackages/r2016b/3p.instrset/arduinoide.instrset/arduinosam-1.6.7/packages/arduino/tools/arm-none-eabi-gcc/4.8.3-2014q1/bin/../lib/gcc/arm-none-eabi/4.8.3/../../../../arm-none-eabi/lib/armv7-m\libg.a(lib_a-fputwc.o)
                0x00088054                _fputwc_r
 .text._malloc_trim_r
                0x00088114       0x9c c:/programdata/matlab/supportpackages/r2016b/3p.instrset/arduinoide.instrset/arduinosam-1.6.7/packages/arduino/tools/arm-none-eabi-gcc/4.8.3-2014q1/bin/../lib/gcc/arm-none-eabi/4.8.3/../../../../arm-none-eabi/lib/armv7-m\libg.a(lib_a-freer.o)
                0x00088114                _malloc_trim_r
 .text._free_r  0x000881b0      0x198 c:/programdata/matlab/supportpackages/r2016b/3p.instrset/arduinoide.instrset/arduinosam-1.6.7/packages/arduino/tools/arm-none-eabi-gcc/4.8.3-2014q1/bin/../lib/gcc/arm-none-eabi/4.8.3/../../../../arm-none-eabi/lib/armv7-m\libg.a(lib_a-freer.o)
                0x000881b0                _free_r
 .text.__sfvwrite_r
                0x00088348      0x314 c:/programdata/matlab/supportpackages/r2016b/3p.instrset/arduinoide.instrset/arduinosam-1.6.7/packages/arduino/tools/arm-none-eabi-gcc/4.8.3-2014q1/bin/../lib/gcc/arm-none-eabi/4.8.3/../../../../arm-none-eabi/lib/armv7-m\libg.a(lib_a-fvwrite.o)
                0x00088348                __sfvwrite_r
 .text._fwalk   0x0008865c       0x48 c:/programdata/matlab/supportpackages/r2016b/3p.instrset/arduinoide.instrset/arduinosam-1.6.7/packages/arduino/tools/arm-none-eabi-gcc/4.8.3-2014q1/bin/../lib/gcc/arm-none-eabi/4.8.3/../../../../arm-none-eabi/lib/armv7-m\libg.a(lib_a-fwalk.o)
                0x0008865c                _fwalk
 .text.__locale_charset
                0x000886a4        0x8 c:/programdata/matlab/supportpackages/r2016b/3p.instrset/arduinoide.instrset/arduinosam-1.6.7/packages/arduino/tools/arm-none-eabi-gcc/4.8.3-2014q1/bin/../lib/gcc/arm-none-eabi/4.8.3/../../../../arm-none-eabi/lib/armv7-m\libg.a(lib_a-locale.o)
                0x000886a4                __locale_charset
 .text.__locale_mb_cur_max
                0x000886ac        0xc c:/programdata/matlab/supportpackages/r2016b/3p.instrset/arduinoide.instrset/arduinosam-1.6.7/packages/arduino/tools/arm-none-eabi-gcc/4.8.3-2014q1/bin/../lib/gcc/arm-none-eabi/4.8.3/../../../../arm-none-eabi/lib/armv7-m\libg.a(lib_a-locale.o)
                0x000886ac                __locale_mb_cur_max
 .text._localeconv_r
                0x000886b8        0x8 c:/programdata/matlab/supportpackages/r2016b/3p.instrset/arduinoide.instrset/arduinosam-1.6.7/packages/arduino/tools/arm-none-eabi-gcc/4.8.3-2014q1/bin/../lib/gcc/arm-none-eabi/4.8.3/../../../../arm-none-eabi/lib/armv7-m\libg.a(lib_a-locale.o)
                0x000886b8                _localeconv_r
 .text.__smakebuf_r
                0x000886c0       0xe0 c:/programdata/matlab/supportpackages/r2016b/3p.instrset/arduinoide.instrset/arduinosam-1.6.7/packages/arduino/tools/arm-none-eabi-gcc/4.8.3-2014q1/bin/../lib/gcc/arm-none-eabi/4.8.3/../../../../arm-none-eabi/lib/armv7-m\libg.a(lib_a-makebuf.o)
                0x000886c0                __smakebuf_r
 .text.memchr   0x000887a0       0x94 c:/programdata/matlab/supportpackages/r2016b/3p.instrset/arduinoide.instrset/arduinosam-1.6.7/packages/arduino/tools/arm-none-eabi-gcc/4.8.3-2014q1/bin/../lib/gcc/arm-none-eabi/4.8.3/../../../../arm-none-eabi/lib/armv7-m\libg.a(lib_a-memchr-stub.o)
                0x000887a0                memchr
 .text._Balloc  0x00088834       0x4c c:/programdata/matlab/supportpackages/r2016b/3p.instrset/arduinoide.instrset/arduinosam-1.6.7/packages/arduino/tools/arm-none-eabi-gcc/4.8.3-2014q1/bin/../lib/gcc/arm-none-eabi/4.8.3/../../../../arm-none-eabi/lib/armv7-m\libg.a(lib_a-mprec.o)
                0x00088834                _Balloc
 .text._Bfree   0x00088880       0x14 c:/programdata/matlab/supportpackages/r2016b/3p.instrset/arduinoide.instrset/arduinosam-1.6.7/packages/arduino/tools/arm-none-eabi-gcc/4.8.3-2014q1/bin/../lib/gcc/arm-none-eabi/4.8.3/../../../../arm-none-eabi/lib/armv7-m\libg.a(lib_a-mprec.o)
                0x00088880                _Bfree
 .text.__multadd
                0x00088894       0x94 c:/programdata/matlab/supportpackages/r2016b/3p.instrset/arduinoide.instrset/arduinosam-1.6.7/packages/arduino/tools/arm-none-eabi-gcc/4.8.3-2014q1/bin/../lib/gcc/arm-none-eabi/4.8.3/../../../../arm-none-eabi/lib/armv7-m\libg.a(lib_a-mprec.o)
                0x00088894                __multadd
 .text.__hi0bits
                0x00088928       0x40 c:/programdata/matlab/supportpackages/r2016b/3p.instrset/arduinoide.instrset/arduinosam-1.6.7/packages/arduino/tools/arm-none-eabi-gcc/4.8.3-2014q1/bin/../lib/gcc/arm-none-eabi/4.8.3/../../../../arm-none-eabi/lib/armv7-m\libg.a(lib_a-mprec.o)
                0x00088928                __hi0bits
 .text.__lo0bits
                0x00088968       0x5c c:/programdata/matlab/supportpackages/r2016b/3p.instrset/arduinoide.instrset/arduinosam-1.6.7/packages/arduino/tools/arm-none-eabi-gcc/4.8.3-2014q1/bin/../lib/gcc/arm-none-eabi/4.8.3/../../../../arm-none-eabi/lib/armv7-m\libg.a(lib_a-mprec.o)
                0x00088968                __lo0bits
 .text.__i2b    0x000889c4       0x14 c:/programdata/matlab/supportpackages/r2016b/3p.instrset/arduinoide.instrset/arduinosam-1.6.7/packages/arduino/tools/arm-none-eabi-gcc/4.8.3-2014q1/bin/../lib/gcc/arm-none-eabi/4.8.3/../../../../arm-none-eabi/lib/armv7-m\libg.a(lib_a-mprec.o)
                0x000889c4                __i2b
 .text.__multiply
                0x000889d8      0x13c c:/programdata/matlab/supportpackages/r2016b/3p.instrset/arduinoide.instrset/arduinosam-1.6.7/packages/arduino/tools/arm-none-eabi-gcc/4.8.3-2014q1/bin/../lib/gcc/arm-none-eabi/4.8.3/../../../../arm-none-eabi/lib/armv7-m\libg.a(lib_a-mprec.o)
                0x000889d8                __multiply
 .text.__pow5mult
                0x00088b14       0x9c c:/programdata/matlab/supportpackages/r2016b/3p.instrset/arduinoide.instrset/arduinosam-1.6.7/packages/arduino/tools/arm-none-eabi-gcc/4.8.3-2014q1/bin/../lib/gcc/arm-none-eabi/4.8.3/../../../../arm-none-eabi/lib/armv7-m\libg.a(lib_a-mprec.o)
                0x00088b14                __pow5mult
 .text.__lshift
                0x00088bb0       0xbc c:/programdata/matlab/supportpackages/r2016b/3p.instrset/arduinoide.instrset/arduinosam-1.6.7/packages/arduino/tools/arm-none-eabi-gcc/4.8.3-2014q1/bin/../lib/gcc/arm-none-eabi/4.8.3/../../../../arm-none-eabi/lib/armv7-m\libg.a(lib_a-mprec.o)
                0x00088bb0                __lshift
 .text.__mcmp   0x00088c6c       0x48 c:/programdata/matlab/supportpackages/r2016b/3p.instrset/arduinoide.instrset/arduinosam-1.6.7/packages/arduino/tools/arm-none-eabi-gcc/4.8.3-2014q1/bin/../lib/gcc/arm-none-eabi/4.8.3/../../../../arm-none-eabi/lib/armv7-m\libg.a(lib_a-mprec.o)
                0x00088c6c                __mcmp
 .text.__mdiff  0x00088cb4       0xd8 c:/programdata/matlab/supportpackages/r2016b/3p.instrset/arduinoide.instrset/arduinosam-1.6.7/packages/arduino/tools/arm-none-eabi-gcc/4.8.3-2014q1/bin/../lib/gcc/arm-none-eabi/4.8.3/../../../../arm-none-eabi/lib/armv7-m\libg.a(lib_a-mprec.o)
                0x00088cb4                __mdiff
 .text.__d2b    0x00088d8c       0xbc c:/programdata/matlab/supportpackages/r2016b/3p.instrset/arduinoide.instrset/arduinosam-1.6.7/packages/arduino/tools/arm-none-eabi-gcc/4.8.3-2014q1/bin/../lib/gcc/arm-none-eabi/4.8.3/../../../../arm-none-eabi/lib/armv7-m\libg.a(lib_a-mprec.o)
                0x00088d8c                __d2b
 .text._raise_r
                0x00088e48       0x58 c:/programdata/matlab/supportpackages/r2016b/3p.instrset/arduinoide.instrset/arduinosam-1.6.7/packages/arduino/tools/arm-none-eabi-gcc/4.8.3-2014q1/bin/../lib/gcc/arm-none-eabi/4.8.3/../../../../arm-none-eabi/lib/armv7-m\libg.a(lib_a-signal.o)
                0x00088e48                _raise_r
 .text.raise    0x00088ea0       0x10 c:/programdata/matlab/supportpackages/r2016b/3p.instrset/arduinoide.instrset/arduinosam-1.6.7/packages/arduino/tools/arm-none-eabi-gcc/4.8.3-2014q1/bin/../lib/gcc/arm-none-eabi/4.8.3/../../../../arm-none-eabi/lib/armv7-m\libg.a(lib_a-signal.o)
                0x00088ea0                raise
 .text._kill_r  0x00088eb0       0x28 c:/programdata/matlab/supportpackages/r2016b/3p.instrset/arduinoide.instrset/arduinosam-1.6.7/packages/arduino/tools/arm-none-eabi-gcc/4.8.3-2014q1/bin/../lib/gcc/arm-none-eabi/4.8.3/../../../../arm-none-eabi/lib/armv7-m\libg.a(lib_a-signalr.o)
                0x00088eb0                _kill_r
 .text._getpid_r
                0x00088ed8        0x4 c:/programdata/matlab/supportpackages/r2016b/3p.instrset/arduinoide.instrset/arduinosam-1.6.7/packages/arduino/tools/arm-none-eabi-gcc/4.8.3-2014q1/bin/../lib/gcc/arm-none-eabi/4.8.3/../../../../arm-none-eabi/lib/armv7-m\libg.a(lib_a-signalr.o)
                0x00088ed8                _getpid_r
 .text.__sread  0x00088edc       0x24 c:/programdata/matlab/supportpackages/r2016b/3p.instrset/arduinoide.instrset/arduinosam-1.6.7/packages/arduino/tools/arm-none-eabi-gcc/4.8.3-2014q1/bin/../lib/gcc/arm-none-eabi/4.8.3/../../../../arm-none-eabi/lib/armv7-m\libg.a(lib_a-stdio.o)
                0x00088edc                __sread
 .text.__swrite
                0x00088f00       0x38 c:/programdata/matlab/supportpackages/r2016b/3p.instrset/arduinoide.instrset/arduinosam-1.6.7/packages/arduino/tools/arm-none-eabi-gcc/4.8.3-2014q1/bin/../lib/gcc/arm-none-eabi/4.8.3/../../../../arm-none-eabi/lib/armv7-m\libg.a(lib_a-stdio.o)
                0x00088f00                __swrite
 .text.__sseek  0x00088f38       0x20 c:/programdata/matlab/supportpackages/r2016b/3p.instrset/arduinoide.instrset/arduinosam-1.6.7/packages/arduino/tools/arm-none-eabi-gcc/4.8.3-2014q1/bin/../lib/gcc/arm-none-eabi/4.8.3/../../../../arm-none-eabi/lib/armv7-m\libg.a(lib_a-stdio.o)
                0x00088f38                __sseek
 .text.__sclose
                0x00088f58        0x8 c:/programdata/matlab/supportpackages/r2016b/3p.instrset/arduinoide.instrset/arduinosam-1.6.7/packages/arduino/tools/arm-none-eabi-gcc/4.8.3-2014q1/bin/../lib/gcc/arm-none-eabi/4.8.3/../../../../arm-none-eabi/lib/armv7-m\libg.a(lib_a-stdio.o)
                0x00088f58                __sclose
 .text.__ssprint_r
                0x00088f60      0x100 c:/programdata/matlab/supportpackages/r2016b/3p.instrset/arduinoide.instrset/arduinosam-1.6.7/packages/arduino/tools/arm-none-eabi-gcc/4.8.3-2014q1/bin/../lib/gcc/arm-none-eabi/4.8.3/../../../../arm-none-eabi/lib/armv7-m\libg.a(lib_a-svfiprintf.o)
                0x00088f60                __ssprint_r
 .text.__swbuf_r
                0x00089060       0xa8 c:/programdata/matlab/supportpackages/r2016b/3p.instrset/arduinoide.instrset/arduinosam-1.6.7/packages/arduino/tools/arm-none-eabi-gcc/4.8.3-2014q1/bin/../lib/gcc/arm-none-eabi/4.8.3/../../../../arm-none-eabi/lib/armv7-m\libg.a(lib_a-wbuf.o)
                0x00089060                __swbuf_r
 .text._wcrtomb_r
                0x00089108       0x50 c:/programdata/matlab/supportpackages/r2016b/3p.instrset/arduinoide.instrset/arduinosam-1.6.7/packages/arduino/tools/arm-none-eabi-gcc/4.8.3-2014q1/bin/../lib/gcc/arm-none-eabi/4.8.3/../../../../arm-none-eabi/lib/armv7-m\libg.a(lib_a-wcrtomb.o)
                0x00089108                _wcrtomb_r
 .text.__ascii_wctomb
                0x00089158       0x1c c:/programdata/matlab/supportpackages/r2016b/3p.instrset/arduinoide.instrset/arduinosam-1.6.7/packages/arduino/tools/arm-none-eabi-gcc/4.8.3-2014q1/bin/../lib/gcc/arm-none-eabi/4.8.3/../../../../arm-none-eabi/lib/armv7-m\libg.a(lib_a-wctomb_r.o)
                0x00089158                __ascii_wctomb
 .text._write_r
                0x00089174       0x28 c:/programdata/matlab/supportpackages/r2016b/3p.instrset/arduinoide.instrset/arduinosam-1.6.7/packages/arduino/tools/arm-none-eabi-gcc/4.8.3-2014q1/bin/../lib/gcc/arm-none-eabi/4.8.3/../../../../arm-none-eabi/lib/armv7-m\libg.a(lib_a-writer.o)
                0x00089174                _write_r
 .text.__register_exitproc
                0x0008919c       0xa8 c:/programdata/matlab/supportpackages/r2016b/3p.instrset/arduinoide.instrset/arduinosam-1.6.7/packages/arduino/tools/arm-none-eabi-gcc/4.8.3-2014q1/bin/../lib/gcc/arm-none-eabi/4.8.3/../../../../arm-none-eabi/lib/armv7-m\libg.a(lib_a-__atexit.o)
                0x0008919c                __register_exitproc
 .text._calloc_r
                0x00089244       0x60 c:/programdata/matlab/supportpackages/r2016b/3p.instrset/arduinoide.instrset/arduinosam-1.6.7/packages/arduino/tools/arm-none-eabi-gcc/4.8.3-2014q1/bin/../lib/gcc/arm-none-eabi/4.8.3/../../../../arm-none-eabi/lib/armv7-m\libg.a(lib_a-callocr.o)
                0x00089244                _calloc_r
 .text._close_r
                0x000892a4       0x24 c:/programdata/matlab/supportpackages/r2016b/3p.instrset/arduinoide.instrset/arduinosam-1.6.7/packages/arduino/tools/arm-none-eabi-gcc/4.8.3-2014q1/bin/../lib/gcc/arm-none-eabi/4.8.3/../../../../arm-none-eabi/lib/armv7-m\libg.a(lib_a-closer.o)
                0x000892a4                _close_r
 .text._fclose_r
                0x000892c8       0x80 c:/programdata/matlab/supportpackages/r2016b/3p.instrset/arduinoide.instrset/arduinosam-1.6.7/packages/arduino/tools/arm-none-eabi-gcc/4.8.3-2014q1/bin/../lib/gcc/arm-none-eabi/4.8.3/../../../../arm-none-eabi/lib/armv7-m\libg.a(lib_a-fclose.o)
                0x000892c8                _fclose_r
 .text.fclose   0x00089348       0x10 c:/programdata/matlab/supportpackages/r2016b/3p.instrset/arduinoide.instrset/arduinosam-1.6.7/packages/arduino/tools/arm-none-eabi-gcc/4.8.3-2014q1/bin/../lib/gcc/arm-none-eabi/4.8.3/../../../../arm-none-eabi/lib/armv7-m\libg.a(lib_a-fclose.o)
                0x00089348                fclose
 .text._fstat_r
                0x00089358       0x28 c:/programdata/matlab/supportpackages/r2016b/3p.instrset/arduinoide.instrset/arduinosam-1.6.7/packages/arduino/tools/arm-none-eabi-gcc/4.8.3-2014q1/bin/../lib/gcc/arm-none-eabi/4.8.3/../../../../arm-none-eabi/lib/armv7-m\libg.a(lib_a-fstatr.o)
                0x00089358                _fstat_r
 .text._isatty_r
                0x00089380       0x24 c:/programdata/matlab/supportpackages/r2016b/3p.instrset/arduinoide.instrset/arduinosam-1.6.7/packages/arduino/tools/arm-none-eabi-gcc/4.8.3-2014q1/bin/../lib/gcc/arm-none-eabi/4.8.3/../../../../arm-none-eabi/lib/armv7-m\libg.a(lib_a-isattyr.o)
                0x00089380                _isatty_r
 .text._lseek_r
                0x000893a4       0x28 c:/programdata/matlab/supportpackages/r2016b/3p.instrset/arduinoide.instrset/arduinosam-1.6.7/packages/arduino/tools/arm-none-eabi-gcc/4.8.3-2014q1/bin/../lib/gcc/arm-none-eabi/4.8.3/../../../../arm-none-eabi/lib/armv7-m\libg.a(lib_a-lseekr.o)
                0x000893a4                _lseek_r
 .text._read_r  0x000893cc       0x28 c:/programdata/matlab/supportpackages/r2016b/3p.instrset/arduinoide.instrset/arduinosam-1.6.7/packages/arduino/tools/arm-none-eabi-gcc/4.8.3-2014q1/bin/../lib/gcc/arm-none-eabi/4.8.3/../../../../arm-none-eabi/lib/armv7-m\libg.a(lib_a-readr.o)
                0x000893cc                _read_r
 .text          0x000893f4       0x2c c:/programdata/matlab/supportpackages/r2016b/3p.instrset/arduinoide.instrset/arduinosam-1.6.7/packages/arduino/tools/arm-none-eabi-gcc/4.8.3-2014q1/bin/../lib/gcc/arm-none-eabi/4.8.3/armv7-m\libgcc.a(_aeabi_uldivmod.o)
                0x000893f4                __aeabi_uldivmod
 .text          0x00089420       0x60 c:/programdata/matlab/supportpackages/r2016b/3p.instrset/arduinoide.instrset/arduinosam-1.6.7/packages/arduino/tools/arm-none-eabi-gcc/4.8.3-2014q1/bin/../lib/gcc/arm-none-eabi/4.8.3/armv7-m\libgcc.a(bpabi.o)
                0x00089420                __gnu_ldivmod_helper
                0x00089450                __gnu_uldivmod_helper
 .text          0x00089480        0x4 c:/programdata/matlab/supportpackages/r2016b/3p.instrset/arduinoide.instrset/arduinosam-1.6.7/packages/arduino/tools/arm-none-eabi-gcc/4.8.3-2014q1/bin/../lib/gcc/arm-none-eabi/4.8.3/armv7-m\libgcc.a(_dvmd_tls.o)
                0x00089480                __aeabi_idiv0
                0x00089480                __aeabi_ldiv0
 .text          0x00089484      0x2a0 c:/programdata/matlab/supportpackages/r2016b/3p.instrset/arduinoide.instrset/arduinosam-1.6.7/packages/arduino/tools/arm-none-eabi-gcc/4.8.3-2014q1/bin/../lib/gcc/arm-none-eabi/4.8.3/armv7-m\libgcc.a(_divdi3.o)
                0x00089484                __divdi3
 .text          0x00089724      0x290 c:/programdata/matlab/supportpackages/r2016b/3p.instrset/arduinoide.instrset/arduinosam-1.6.7/packages/arduino/tools/arm-none-eabi-gcc/4.8.3-2014q1/bin/../lib/gcc/arm-none-eabi/4.8.3/armv7-m\libgcc.a(_udivdi3.o)
                0x00089724                __udivdi3
 *(.glue_7t)
 .glue_7t       0x00000000        0x0 linker stubs
 *(.glue_7)
 .glue_7        0x00000000        0x0 linker stubs
 *(.rodata .rodata* .gnu.linkonce.r.*)
 .rodata.str1.1
                0x000899b4       0x12 SPIPotentiometer.o
 *fill*         0x000899c6        0x2 
 .rodata.SPIPotentiometer_M
                0x000899c8        0x4 SPIPotentiometer.o
                0x000899c8                SPIPotentiometer_M
 .rodata.str1.1
                0x000899cc        0x4 SerialMonitorOut9_wrapper.o
                                  0x5 (size before relaxing)
 .rodata.str1.1
                0x000899d0        0x9 dtostrf.o
 .rodata.str1.1
                0x000899d9       0x19 syscalls_sam3.o
 *fill*         0x000899f2        0x6 
 .rodata._ZTV9IPAddress
                0x000899f8       0x10 IPAddress.o
                0x000899f8                vtable for IPAddress
 .rodata._ZTV9UARTClass
                0x00089a08       0x30 UARTClass.o
                0x00089a08                vtable for UARTClass
 .rodata._ZTV10USARTClass
                0x00089a38       0x30 USARTClass.o
                0x00089a38                vtable for USARTClass
 .rodata._ZTV7Serial_
                0x00089a68       0x28 CDC.o
                0x00089a68                vtable for Serial_
 .rodata._ZL18_cdcOtherInterface
                0x00089a90       0x42 CDC.o
 .rodata._ZL13_cdcInterface
                0x00089ad2       0x42 CDC.o
 .rodata.STRING_PRODUCT
                0x00089b14        0xc USBCore.o
                0x00089b14                STRING_PRODUCT
 .rodata.USB_DeviceDescriptor
                0x00089b20       0x12 USBCore.o
                0x00089b20                USB_DeviceDescriptor
 .rodata.STRING_LANGUAGE
                0x00089b32        0x4 USBCore.o
                0x00089b32                STRING_LANGUAGE
 .rodata._ZL18test_packet_buffer
                0x00089b36       0x35 USBCore.o
 .rodata.STRING_MANUFACTURER
                0x00089b6b        0xc USBCore.o
                0x00089b6b                STRING_MANUFACTURER
 .rodata.USB_DeviceDescriptorA
                0x00089b77       0x12 USBCore.o
                0x00089b77                USB_DeviceDescriptorA
 .rodata._ZL19USB_DeviceQualifier
                0x00089b89        0x9 USBCore.o
 *fill*         0x00089b92        0x2 
 .rodata.g_APinDescription
                0x00089b94      0xa2c variant.o
                0x00089b94                g_APinDescription
 .rodata.__func__.6792
                0x0008a5c0        0xd C:/ProgramData/MATLAB/SupportPackages/R2016b/3P.instrset/arduinoide.instrset/arduinosam-1.6.7/packages/arduino/hardware/sam/1.6.7/variants/arduino_due_x/libsam_sam3x8e_gcc_rel.a(tc.o)
 .rodata.str1.1
                0x0008a5cd       0x54 C:/ProgramData/MATLAB/SupportPackages/R2016b/3P.instrset/arduinoide.instrset/arduinosam-1.6.7/packages/arduino/hardware/sam/1.6.7/variants/arduino_due_x/libsam_sam3x8e_gcc_rel.a(tc.o)
 .rodata.__func__.6798
                0x0008a621        0x9 C:/ProgramData/MATLAB/SupportPackages/R2016b/3P.instrset/arduinoide.instrset/arduinosam-1.6.7/packages/arduino/hardware/sam/1.6.7/variants/arduino_due_x/libsam_sam3x8e_gcc_rel.a(tc.o)
 *fill*         0x0008a62a        0x2 
 .rodata        0x0008a62c       0x40 C:/ProgramData/MATLAB/SupportPackages/R2016b/3P.instrset/arduinoide.instrset/arduinosam-1.6.7/packages/arduino/hardware/sam/1.6.7/variants/arduino_due_x/libsam_sam3x8e_gcc_rel.a(adc.o)
 .rodata.str1.4
                0x0008a66c        0x5 c:/programdata/matlab/supportpackages/r2016b/3p.instrset/arduinoide.instrset/arduinosam-1.6.7/packages/arduino/tools/arm-none-eabi-gcc/4.8.3-2014q1/bin/../lib/gcc/arm-none-eabi/4.8.3/../../../../arm-none-eabi/lib/armv7-m\libm.a(lib_a-w_fmod.o)
                                  0x8 (size before relaxing)
 *fill*         0x0008a671        0x7 
 .rodata.Zero   0x0008a678       0x10 c:/programdata/matlab/supportpackages/r2016b/3p.instrset/arduinoide.instrset/arduinosam-1.6.7/packages/arduino/tools/arm-none-eabi-gcc/4.8.3-2014q1/bin/../lib/gcc/arm-none-eabi/4.8.3/../../../../arm-none-eabi/lib/armv7-m\libm.a(lib_a-e_fmod.o)
 .rodata.str1.4
                0x0008a688       0x3f c:/programdata/matlab/supportpackages/r2016b/3p.instrset/arduinoide.instrset/arduinosam-1.6.7/packages/arduino/tools/arm-none-eabi-gcc/4.8.3-2014q1/bin/../lib/gcc/arm-none-eabi/4.8.3/../../../../arm-none-eabi/lib/armv7-m\libg.a(lib_a-assert.o)
                                 0x44 (size before relaxing)
 *fill*         0x0008a6c7        0x1 
 .rodata.str1.4
                0x0008a6c8        0x2 c:/programdata/matlab/supportpackages/r2016b/3p.instrset/arduinoide.instrset/arduinosam-1.6.7/packages/arduino/tools/arm-none-eabi-gcc/4.8.3-2014q1/bin/../lib/gcc/arm-none-eabi/4.8.3/../../../../arm-none-eabi/lib/armv7-m\libg.a(lib_a-impure.o)
                                  0x4 (size before relaxing)
 *fill*         0x0008a6ca        0x2 
 .rodata._global_impure_ptr
                0x0008a6cc        0x4 c:/programdata/matlab/supportpackages/r2016b/3p.instrset/arduinoide.instrset/arduinosam-1.6.7/packages/arduino/tools/arm-none-eabi-gcc/4.8.3-2014q1/bin/../lib/gcc/arm-none-eabi/4.8.3/../../../../arm-none-eabi/lib/armv7-m\libg.a(lib_a-impure.o)
                0x0008a6cc                _global_impure_ptr
 .rodata.zeroes.6760
                0x0008a6d0       0x10 c:/programdata/matlab/supportpackages/r2016b/3p.instrset/arduinoide.instrset/arduinosam-1.6.7/packages/arduino/tools/arm-none-eabi-gcc/4.8.3-2014q1/bin/../lib/gcc/arm-none-eabi/4.8.3/../../../../arm-none-eabi/lib/armv7-m\libg.a(lib_a-svfprintf.o)
 .rodata.str1.4
                0x0008a6e0       0x42 c:/programdata/matlab/supportpackages/r2016b/3p.instrset/arduinoide.instrset/arduinosam-1.6.7/packages/arduino/tools/arm-none-eabi-gcc/4.8.3-2014q1/bin/../lib/gcc/arm-none-eabi/4.8.3/../../../../arm-none-eabi/lib/armv7-m\libg.a(lib_a-svfprintf.o)
                                 0x44 (size before relaxing)
 *fill*         0x0008a722        0x2 
 .rodata.blanks.6759
                0x0008a724       0x10 c:/programdata/matlab/supportpackages/r2016b/3p.instrset/arduinoide.instrset/arduinosam-1.6.7/packages/arduino/tools/arm-none-eabi-gcc/4.8.3-2014q1/bin/../lib/gcc/arm-none-eabi/4.8.3/../../../../arm-none-eabi/lib/armv7-m\libg.a(lib_a-svfprintf.o)
 .rodata.blanks.6717
                0x0008a734       0x10 c:/programdata/matlab/supportpackages/r2016b/3p.instrset/arduinoide.instrset/arduinosam-1.6.7/packages/arduino/tools/arm-none-eabi-gcc/4.8.3-2014q1/bin/../lib/gcc/arm-none-eabi/4.8.3/../../../../arm-none-eabi/lib/armv7-m\libg.a(lib_a-vfiprintf.o)
 .rodata.str1.4
                0x00000000       0x30 c:/programdata/matlab/supportpackages/r2016b/3p.instrset/arduinoide.instrset/arduinosam-1.6.7/packages/arduino/tools/arm-none-eabi-gcc/4.8.3-2014q1/bin/../lib/gcc/arm-none-eabi/4.8.3/../../../../arm-none-eabi/lib/armv7-m\libg.a(lib_a-vfiprintf.o)
 .rodata.zeroes.6718
                0x0008a744       0x10 c:/programdata/matlab/supportpackages/r2016b/3p.instrset/arduinoide.instrset/arduinosam-1.6.7/packages/arduino/tools/arm-none-eabi-gcc/4.8.3-2014q1/bin/../lib/gcc/arm-none-eabi/4.8.3/../../../../arm-none-eabi/lib/armv7-m\libg.a(lib_a-vfiprintf.o)
 .rodata.str1.4
                0x0008a754       0x10 c:/programdata/matlab/supportpackages/r2016b/3p.instrset/arduinoide.instrset/arduinosam-1.6.7/packages/arduino/tools/arm-none-eabi-gcc/4.8.3-2014q1/bin/../lib/gcc/arm-none-eabi/4.8.3/../../../../arm-none-eabi/lib/armv7-m\libg.a(lib_a-dtoa.o)
                                 0x14 (size before relaxing)
 .rodata.str1.4
                0x0008a764        0xc c:/programdata/matlab/supportpackages/r2016b/3p.instrset/arduinoide.instrset/arduinosam-1.6.7/packages/arduino/tools/arm-none-eabi-gcc/4.8.3-2014q1/bin/../lib/gcc/arm-none-eabi/4.8.3/../../../../arm-none-eabi/lib/armv7-m\libg.a(lib_a-locale.o)
                                 0x14 (size before relaxing)
 .rodata.__mprec_tens
                0x0008a770       0xc8 c:/programdata/matlab/supportpackages/r2016b/3p.instrset/arduinoide.instrset/arduinosam-1.6.7/packages/arduino/tools/arm-none-eabi-gcc/4.8.3-2014q1/bin/../lib/gcc/arm-none-eabi/4.8.3/../../../../arm-none-eabi/lib/armv7-m\libg.a(lib_a-mprec.o)
                0x0008a770                __mprec_tens
 .rodata.__mprec_bigtens
                0x0008a838       0x28 c:/programdata/matlab/supportpackages/r2016b/3p.instrset/arduinoide.instrset/arduinosam-1.6.7/packages/arduino/tools/arm-none-eabi-gcc/4.8.3-2014q1/bin/../lib/gcc/arm-none-eabi/4.8.3/../../../../arm-none-eabi/lib/armv7-m\libg.a(lib_a-mprec.o)
                0x0008a838                __mprec_bigtens
 .rodata.p05.5266
                0x0008a860        0xc c:/programdata/matlab/supportpackages/r2016b/3p.instrset/arduinoide.instrset/arduinosam-1.6.7/packages/arduino/tools/arm-none-eabi-gcc/4.8.3-2014q1/bin/../lib/gcc/arm-none-eabi/4.8.3/../../../../arm-none-eabi/lib/armv7-m\libg.a(lib_a-mprec.o)
 *(.ARM.extab* .gnu.linkonce.armextab.*)
                0x0008a86c                . = ALIGN (0x4)
 *(.init)
 .init          0x0008a86c        0x4 c:/programdata/matlab/supportpackages/r2016b/3p.instrset/arduinoide.instrset/arduinosam-1.6.7/packages/arduino/tools/arm-none-eabi-gcc/4.8.3-2014q1/bin/../lib/gcc/arm-none-eabi/4.8.3/armv7-m/crti.o
                0x0008a86c                _init
 .init          0x0008a870        0x8 c:/programdata/matlab/supportpackages/r2016b/3p.instrset/arduinoide.instrset/arduinosam-1.6.7/packages/arduino/tools/arm-none-eabi-gcc/4.8.3-2014q1/bin/../lib/gcc/arm-none-eabi/4.8.3/armv7-m/crtn.o
                0x0008a878                . = ALIGN (0x4)
                0x0008a878                __preinit_array_start = .
 *(.preinit_array)
                0x0008a878                __preinit_array_end = .
                0x0008a878                . = ALIGN (0x4)
                0x0008a878                __init_array_start = .
 *(SORT(.init_array.*))
 .init_array.00000
                0x0008a878        0x4 c:/programdata/matlab/supportpackages/r2016b/3p.instrset/arduinoide.instrset/arduinosam-1.6.7/packages/arduino/tools/arm-none-eabi-gcc/4.8.3-2014q1/bin/../lib/gcc/arm-none-eabi/4.8.3/../../../../arm-none-eabi/lib/armv7-m\libg.a(lib_a-__call_atexit.o)
 *(.init_array)
 .init_array    0x0008a87c        0x4 c:/programdata/matlab/supportpackages/r2016b/3p.instrset/arduinoide.instrset/arduinosam-1.6.7/packages/arduino/tools/arm-none-eabi-gcc/4.8.3-2014q1/bin/../lib/gcc/arm-none-eabi/4.8.3/armv7-m/crtbegin.o
 .init_array    0x0008a880        0x4 SPIPot_wrapper.o
 .init_array    0x0008a884        0x4 IPAddress.o
 .init_array    0x0008a888        0x4 CDC.o
 .init_array    0x0008a88c        0x4 USBCore.o
 .init_array    0x0008a890        0x4 variant.o
                0x0008a894                __init_array_end = .
                0x0008a894                . = ALIGN (0x4)
 *crtbegin.o(.ctors)
 *(EXCLUDE_FILE(*crtend.o) .ctors)
 *(SORT(.ctors.*))
 *crtend.o(.ctors)
                0x0008a894                . = ALIGN (0x4)
 *(.fini)
 .fini          0x0008a894        0x4 c:/programdata/matlab/supportpackages/r2016b/3p.instrset/arduinoide.instrset/arduinosam-1.6.7/packages/arduino/tools/arm-none-eabi-gcc/4.8.3-2014q1/bin/../lib/gcc/arm-none-eabi/4.8.3/armv7-m/crti.o
                0x0008a894                _fini
 .fini          0x0008a898        0x8 c:/programdata/matlab/supportpackages/r2016b/3p.instrset/arduinoide.instrset/arduinosam-1.6.7/packages/arduino/tools/arm-none-eabi-gcc/4.8.3-2014q1/bin/../lib/gcc/arm-none-eabi/4.8.3/armv7-m/crtn.o
                0x0008a8a0                . = ALIGN (0x4)
                0x0008a8a0                __fini_array_start = .
 *(.fini_array)
 .fini_array    0x0008a8a0        0x4 c:/programdata/matlab/supportpackages/r2016b/3p.instrset/arduinoide.instrset/arduinosam-1.6.7/packages/arduino/tools/arm-none-eabi-gcc/4.8.3-2014q1/bin/../lib/gcc/arm-none-eabi/4.8.3/armv7-m/crtbegin.o
 *(SORT(.fini_array.*))
                0x0008a8a4                __fini_array_end = .
 *crtbegin.o(.dtors)
 *(EXCLUDE_FILE(*crtend.o) .dtors)
 *(SORT(.dtors.*))
 *crtend.o(.dtors)
                0x0008a8a4                . = ALIGN (0x4)
                0x0008a8a4                _efixed = .
                0x0008a8a4                PROVIDE (__exidx_start, .)

.vfp11_veneer   0x0008a8a4        0x0
 .vfp11_veneer  0x00000000        0x0 linker stubs

.v4_bx          0x0008a8a4        0x0
 .v4_bx         0x00000000        0x0 linker stubs

.iplt           0x0008a8a4        0x0
 .iplt          0x00000000        0x0 c:/programdata/matlab/supportpackages/r2016b/3p.instrset/arduinoide.instrset/arduinosam-1.6.7/packages/arduino/tools/arm-none-eabi-gcc/4.8.3-2014q1/bin/../lib/gcc/arm-none-eabi/4.8.3/armv7-m/crtbegin.o

.ARM.exidx      0x0008a8a4        0x8
 *(.ARM.exidx* .gnu.linkonce.armexidx.*)
 .ARM.exidx     0x0008a8a4        0x8 c:/programdata/matlab/supportpackages/r2016b/3p.instrset/arduinoide.instrset/arduinosam-1.6.7/packages/arduino/tools/arm-none-eabi-gcc/4.8.3-2014q1/bin/../lib/gcc/arm-none-eabi/4.8.3/armv7-m\libgcc.a(_divdi3.o)
 .ARM.exidx     0x0008a8ac        0x0 c:/programdata/matlab/supportpackages/r2016b/3p.instrset/arduinoide.instrset/arduinosam-1.6.7/packages/arduino/tools/arm-none-eabi-gcc/4.8.3-2014q1/bin/../lib/gcc/arm-none-eabi/4.8.3/armv7-m\libgcc.a(_udivdi3.o)
                                  0x8 (size before relaxing)
                0x0008a8ac                PROVIDE (__exidx_end, .)

.eh_frame       0x0008a8ac        0x0
 .eh_frame      0x0008a8ac        0x0 c:/programdata/matlab/supportpackages/r2016b/3p.instrset/arduinoide.instrset/arduinosam-1.6.7/packages/arduino/tools/arm-none-eabi-gcc/4.8.3-2014q1/bin/../lib/gcc/arm-none-eabi/4.8.3/armv7-m/crtbegin.o

.rel.dyn        0x0008a8ac        0x0
 .rel.iplt      0x00000000        0x0 c:/programdata/matlab/supportpackages/r2016b/3p.instrset/arduinoide.instrset/arduinosam-1.6.7/packages/arduino/tools/arm-none-eabi-gcc/4.8.3-2014q1/bin/../lib/gcc/arm-none-eabi/4.8.3/armv7-m/crtbegin.o

.jcr            0x0008a8ac        0x0
 .jcr           0x0008a8ac        0x0 c:/programdata/matlab/supportpackages/r2016b/3p.instrset/arduinoide.instrset/arduinosam-1.6.7/packages/arduino/tools/arm-none-eabi-gcc/4.8.3-2014q1/bin/../lib/gcc/arm-none-eabi/4.8.3/armv7-m/crtbegin.o

.igot.plt       0x0008a8ac        0x0
 .igot.plt      0x00000000        0x0 c:/programdata/matlab/supportpackages/r2016b/3p.instrset/arduinoide.instrset/arduinosam-1.6.7/packages/arduino/tools/arm-none-eabi-gcc/4.8.3-2014q1/bin/../lib/gcc/arm-none-eabi/4.8.3/armv7-m/crtbegin.o
                0x0008a8ac                . = ALIGN (0x4)
                0x0008a8ac                _etext = .

.relocate       0x20070000      0x98c load address 0x0008a8ac